Archive member included to satisfy reference by file (symbol)

/usr/lib/gcc/arm-none-eabi/12.1.0/../../../../arm-none-eabi/lib/thumb/v6-m/nofp/libc_nano.a(lib_a-atexit.o)
                              /usr/lib/gcc/arm-none-eabi/12.1.0/../../../../arm-none-eabi/lib/thumb/v6-m/nofp/crt0.o (atexit)
/usr/lib/gcc/arm-none-eabi/12.1.0/../../../../arm-none-eabi/lib/thumb/v6-m/nofp/libc_nano.a(lib_a-exit.o)
                              /usr/lib/gcc/arm-none-eabi/12.1.0/../../../../arm-none-eabi/lib/thumb/v6-m/nofp/crt0.o (exit)
/usr/lib/gcc/arm-none-eabi/12.1.0/../../../../arm-none-eabi/lib/thumb/v6-m/nofp/libc_nano.a(lib_a-fini.o)
                              /usr/lib/gcc/arm-none-eabi/12.1.0/../../../../arm-none-eabi/lib/thumb/v6-m/nofp/crt0.o (__libc_fini_array)
/usr/lib/gcc/arm-none-eabi/12.1.0/../../../../arm-none-eabi/lib/thumb/v6-m/nofp/libc_nano.a(lib_a-impure.o)
                              /usr/lib/gcc/arm-none-eabi/12.1.0/../../../../arm-none-eabi/lib/thumb/v6-m/nofp/libc_nano.a(lib_a-exit.o) (_global_impure_ptr)
/usr/lib/gcc/arm-none-eabi/12.1.0/../../../../arm-none-eabi/lib/thumb/v6-m/nofp/libc_nano.a(lib_a-init.o)
                              /usr/lib/gcc/arm-none-eabi/12.1.0/../../../../arm-none-eabi/lib/thumb/v6-m/nofp/crt0.o (__libc_init_array)
/usr/lib/gcc/arm-none-eabi/12.1.0/../../../../arm-none-eabi/lib/thumb/v6-m/nofp/libc_nano.a(lib_a-memcmp.o)
                              build/nunchuk.o (memcmp)
/usr/lib/gcc/arm-none-eabi/12.1.0/../../../../arm-none-eabi/lib/thumb/v6-m/nofp/libc_nano.a(lib_a-memset.o)
                              /usr/lib/gcc/arm-none-eabi/12.1.0/../../../../arm-none-eabi/lib/thumb/v6-m/nofp/crt0.o (memset)
/usr/lib/gcc/arm-none-eabi/12.1.0/../../../../arm-none-eabi/lib/thumb/v6-m/nofp/libc_nano.a(lib_a-__atexit.o)
                              /usr/lib/gcc/arm-none-eabi/12.1.0/../../../../arm-none-eabi/lib/thumb/v6-m/nofp/libc_nano.a(lib_a-atexit.o) (__register_exitproc)
/usr/lib/gcc/arm-none-eabi/12.1.0/../../../../arm-none-eabi/lib/thumb/v6-m/nofp/libc_nano.a(lib_a-__call_atexit.o)
                              /usr/lib/gcc/arm-none-eabi/12.1.0/../../../../arm-none-eabi/lib/thumb/v6-m/nofp/libc_nano.a(lib_a-__atexit.o) (__call_exitprocs)
/usr/lib/gcc/arm-none-eabi/12.1.0/../../../../arm-none-eabi/lib/thumb/v6-m/nofp/libc_nano.a(lib_a-lock.o)
                              /usr/lib/gcc/arm-none-eabi/12.1.0/../../../../arm-none-eabi/lib/thumb/v6-m/nofp/libc_nano.a(lib_a-__atexit.o) (__retarget_lock_acquire_recursive)
/usr/lib/gcc/arm-none-eabi/12.1.0/../../../../arm-none-eabi/lib/thumb/v6-m/nofp/libnosys.a(_exit.o)
                              /usr/lib/gcc/arm-none-eabi/12.1.0/../../../../arm-none-eabi/lib/thumb/v6-m/nofp/libc_nano.a(lib_a-exit.o) (_exit)
/usr/lib/gcc/arm-none-eabi/12.1.0/thumb/v6-m/nofp/libgcc.a(_udivsi3.o)
                              build/stm32g0xx_hal_rcc.o (__aeabi_uidiv)
/usr/lib/gcc/arm-none-eabi/12.1.0/thumb/v6-m/nofp/libgcc.a(_dvmd_tls.o)
                              /usr/lib/gcc/arm-none-eabi/12.1.0/thumb/v6-m/nofp/libgcc.a(_udivsi3.o) (__aeabi_idiv0)
/usr/lib/gcc/arm-none-eabi/12.1.0/thumb/v6-m/nofp/libgcc.a(divdf3.o)
                              build/gpio.o (__aeabi_ddiv)
/usr/lib/gcc/arm-none-eabi/12.1.0/thumb/v6-m/nofp/libgcc.a(muldf3.o)
                              build/gpio.o (__aeabi_dmul)
/usr/lib/gcc/arm-none-eabi/12.1.0/thumb/v6-m/nofp/libgcc.a(fixdfsi.o)
                              build/gpio.o (__aeabi_d2iz)
/usr/lib/gcc/arm-none-eabi/12.1.0/thumb/v6-m/nofp/libgcc.a(floatsidf.o)
                              build/gpio.o (__aeabi_i2d)
/usr/lib/gcc/arm-none-eabi/12.1.0/thumb/v6-m/nofp/libgcc.a(_thumb1_case_uhi.o)
                              /usr/lib/gcc/arm-none-eabi/12.1.0/thumb/v6-m/nofp/libgcc.a(divdf3.o) (__gnu_thumb1_case_uhi)
/usr/lib/gcc/arm-none-eabi/12.1.0/thumb/v6-m/nofp/libgcc.a(_clzsi2.o)
                              /usr/lib/gcc/arm-none-eabi/12.1.0/thumb/v6-m/nofp/libgcc.a(divdf3.o) (__clzsi2)

Discarded input sections

 .text          0x0000000000000000        0x0 /usr/lib/gcc/arm-none-eabi/12.1.0/thumb/v6-m/nofp/crti.o
 .data          0x0000000000000000        0x0 /usr/lib/gcc/arm-none-eabi/12.1.0/thumb/v6-m/nofp/crti.o
 .bss           0x0000000000000000        0x0 /usr/lib/gcc/arm-none-eabi/12.1.0/thumb/v6-m/nofp/crti.o
 .text          0x0000000000000000        0x0 /usr/lib/gcc/arm-none-eabi/12.1.0/thumb/v6-m/nofp/crtbegin.o
 .data          0x0000000000000000        0x0 /usr/lib/gcc/arm-none-eabi/12.1.0/thumb/v6-m/nofp/crtbegin.o
 .bss           0x0000000000000000        0x0 /usr/lib/gcc/arm-none-eabi/12.1.0/thumb/v6-m/nofp/crtbegin.o
 .rodata.all_implied_fbits
                0x0000000000000000       0x24 /usr/lib/gcc/arm-none-eabi/12.1.0/thumb/v6-m/nofp/crtbegin.o
 .data.__dso_handle
                0x0000000000000000        0x4 /usr/lib/gcc/arm-none-eabi/12.1.0/thumb/v6-m/nofp/crtbegin.o
[...]
Memory Configuration

Name             Origin             Length             Attributes
RAM              0x0000000020000000 0x0000000000024000 xrw
FLASH            0x0000000008000000 0x0000000000080000 xr
*default*        0x0000000000000000 0xffffffffffffffff

Linker script and memory map

LOAD /usr/lib/gcc/arm-none-eabi/12.1.0/thumb/v6-m/nofp/crti.o
LOAD /usr/lib/gcc/arm-none-eabi/12.1.0/thumb/v6-m/nofp/crtbegin.o
LOAD /usr/lib/gcc/arm-none-eabi/12.1.0/../../../../arm-none-eabi/lib/thumb/v6-m/nofp/crt0.o
LOAD build/main.o
LOAD build/gpio.o
LOAD build/i2c.o
LOAD build/stm32g0xx_it.o
LOAD build/stm32g0xx_hal_msp.o
LOAD build/usb_device.o
LOAD build/usbd_desc.o
LOAD build/usbd_conf.o
LOAD build/stm32g0xx_hal_pcd.o
LOAD build/stm32g0xx_hal_pcd_ex.o
LOAD build/stm32g0xx_ll_usb.o
LOAD build/stm32g0xx_hal_rcc.o
LOAD build/stm32g0xx_hal_rcc_ex.o
LOAD build/stm32g0xx_ll_rcc.o
LOAD build/stm32g0xx_hal_flash.o
LOAD build/stm32g0xx_hal_flash_ex.o
LOAD build/stm32g0xx_hal_gpio.o
LOAD build/stm32g0xx_hal_dma.o
LOAD build/stm32g0xx_hal_dma_ex.o
LOAD build/stm32g0xx_ll_dma.o
LOAD build/stm32g0xx_hal_pwr.o
LOAD build/stm32g0xx_hal_pwr_ex.o
LOAD build/stm32g0xx_hal_cortex.o
LOAD build/stm32g0xx_hal.o
LOAD build/stm32g0xx_hal_exti.o
LOAD build/stm32g0xx_hal_i2c.o
LOAD build/stm32g0xx_hal_i2c_ex.o
LOAD build/stm32g0xx_hal_tim.o
LOAD build/stm32g0xx_hal_tim_ex.o
LOAD build/system_stm32g0xx.o
LOAD build/usbd_core.o
LOAD build/usbd_ctlreq.o
LOAD build/usbd_ioreq.o
LOAD build/nunchuk.o
LOAD build/usbd_cdc_if.o
LOAD build/usbd_cdc.o
LOAD build/startup_stm32g0b1xx.o
LOAD /usr/lib/gcc/arm-none-eabi/12.1.0/../../../../arm-none-eabi/lib/thumb/v6-m/nofp/libc_nano.a
LOAD /usr/lib/gcc/arm-none-eabi/12.1.0/../../../../arm-none-eabi/lib/thumb/v6-m/nofp/libm.a
LOAD /usr/lib/gcc/arm-none-eabi/12.1.0/../../../../arm-none-eabi/lib/thumb/v6-m/nofp/libnosys.a
START GROUP
LOAD /usr/lib/gcc/arm-none-eabi/12.1.0/thumb/v6-m/nofp/libgcc.a
LOAD /usr/lib/gcc/arm-none-eabi/12.1.0/../../../../arm-none-eabi/lib/thumb/v6-m/nofp/libc_nano.a
END GROUP
START GROUP
LOAD /usr/lib/gcc/arm-none-eabi/12.1.0/thumb/v6-m/nofp/libgcc.a
LOAD /usr/lib/gcc/arm-none-eabi/12.1.0/../../../../arm-none-eabi/lib/thumb/v6-m/nofp/libc_nano.a
END GROUP
LOAD /usr/lib/gcc/arm-none-eabi/12.1.0/thumb/v6-m/nofp/crtend.o
LOAD /usr/lib/gcc/arm-none-eabi/12.1.0/thumb/v6-m/nofp/crtn.o
                0x0000000020024000                _estack = 0x20024000
                0x0000000000000200                _Min_Heap_Size = 0x200
                0x0000000000000400                _Min_Stack_Size = 0x400

.isr_vector     0x0000000008000000       0xbc
                0x0000000008000000                . = ALIGN (0x4)
 *(.isr_vector)
 .isr_vector    0x0000000008000000       0xbc build/startup_stm32g0b1xx.o
                0x0000000008000000                g_pfnVectors
                0x00000000080000bc                . = ALIGN (0x4)

.text           0x00000000080000bc     0x439c
                0x00000000080000bc                . = ALIGN (0x4)
 *(.text)
 .text          0x00000000080000bc       0x8c /usr/lib/gcc/arm-none-eabi/12.1.0/thumb/v6-m/nofp/libgcc.a(_udivsi3.o)
                0x00000000080000bc                __udivsi3
                0x00000000080000bc                __aeabi_uidiv
                0x0000000008000134                __aeabi_uidivmod
 .text          0x0000000008000148        0x4 /usr/lib/gcc/arm-none-eabi/12.1.0/thumb/v6-m/nofp/libgcc.a(_dvmd_tls.o)
                0x0000000008000148                __aeabi_ldiv0
                0x0000000008000148                __aeabi_idiv0
 .text          0x000000000800014c       0x14 /usr/lib/gcc/arm-none-eabi/12.1.0/thumb/v6-m/nofp/libgcc.a(_thumb1_case_uhi.o)
                0x000000000800014c                __gnu_thumb1_case_uhi
 .text          0x0000000008000160       0x3c /usr/lib/gcc/arm-none-eabi/12.1.0/thumb/v6-m/nofp/libgcc.a(_clzsi2.o)
                0x0000000008000160                __clzsi2
 *(.text*)
 .text.__do_global_dtors_aux
                0x000000000800019c       0x28 /usr/lib/gcc/arm-none-eabi/12.1.0/thumb/v6-m/nofp/crtbegin.o
 .text.frame_dummy
                0x00000000080001c4       0x20 /usr/lib/gcc/arm-none-eabi/12.1.0/thumb/v6-m/nofp/crtbegin.o
 .text.indicate_nunchuk_type
                0x00000000080001e4       0x34 build/main.o
                0x00000000080001e4                indicate_nunchuk_type
 .text.Error_Handler
                0x0000000008000218        0x4 build/main.o
                0x0000000008000218                Error_Handler
 .text.SystemClock_Config
                0x000000000800021c       0xac build/main.o
                0x000000000800021c                SystemClock_Config
 .text.main     0x00000000080002c8       0xd8 build/main.o
                0x00000000080002c8                main
 .text.MX_GPIO_Init
                0x00000000080003a0      0x10c build/gpio.o
                0x00000000080003a0                MX_GPIO_Init
 .text.write_led
                0x00000000080004ac       0x18 build/gpio.o
                0x00000000080004ac                write_led
 .text.blink_led
                0x00000000080004c4       0x5c build/gpio.o
                0x00000000080004c4                blink_led
 .text.read_pres_pin
                0x0000000008000520        0xe build/gpio.o
                0x0000000008000520                read_pres_pin
 *fill*         0x000000000800052e        0x2 
 .text.MX_I2C2_Init
                0x0000000008000530       0x60 build/i2c.o
                0x0000000008000530                MX_I2C2_Init
 .text.HAL_I2C_MspInit
                0x0000000008000590       0x60 build/i2c.o
                0x0000000008000590                HAL_I2C_MspInit
 .text.NMI_Handler
                0x00000000080005f0        0x2 build/stm32g0xx_it.o
                0x00000000080005f0                NMI_Handler
 .text.HardFault_Handler
                0x00000000080005f2        0x2 build/stm32g0xx_it.o
                0x00000000080005f2                HardFault_Handler
 .text.SVC_Handler
                0x00000000080005f4        0x2 build/stm32g0xx_it.o
                0x00000000080005f4                SVC_Handler
 .text.PendSV_Handler
                0x00000000080005f6        0x2 build/stm32g0xx_it.o
                0x00000000080005f6                PendSV_Handler
 .text.SysTick_Handler
                0x00000000080005f8        0x8 build/stm32g0xx_it.o
                0x00000000080005f8                SysTick_Handler
 .text.HAL_MspInit
                0x0000000008000600       0x38 build/stm32g0xx_hal_msp.o
                0x0000000008000600                HAL_MspInit
 .text.MX_USB_Device_Init
                0x0000000008000638       0x5c build/usb_device.o
                0x0000000008000638                MX_USB_Device_Init
 .text.USBD_CDC_DeviceDescriptor
                0x0000000008000694        0xc build/usbd_desc.o
                0x0000000008000694                USBD_CDC_DeviceDescriptor
 .text.USBD_CDC_LangIDStrDescriptor
                0x00000000080006a0        0xc build/usbd_desc.o
                0x00000000080006a0                USBD_CDC_LangIDStrDescriptor
 .text.IntToUnicode
                0x00000000080006ac       0x30 build/usbd_desc.o
 .text.Get_SerialNum
                0x00000000080006dc       0x40 build/usbd_desc.o
 .text.USBD_CDC_SerialStrDescriptor
                0x000000000800071c       0x14 build/usbd_desc.o
                0x000000000800071c                USBD_CDC_SerialStrDescriptor
 .text.USBD_CDC_ProductStrDescriptor
                0x0000000008000730       0x28 build/usbd_desc.o
                0x0000000008000730                USBD_CDC_ProductStrDescriptor
 .text.USBD_CDC_ManufacturerStrDescriptor
                0x0000000008000758       0x1c build/usbd_desc.o
                0x0000000008000758                USBD_CDC_ManufacturerStrDescriptor
 .text.USBD_CDC_ConfigStrDescriptor
                0x0000000008000774       0x28 build/usbd_desc.o
                0x0000000008000774                USBD_CDC_ConfigStrDescriptor
 .text.USBD_CDC_InterfaceStrDescriptor
                0x000000000800079c       0x28 build/usbd_desc.o
                0x000000000800079c                USBD_CDC_InterfaceStrDescriptor
 .text.USBD_Get_USB_Status
                0x00000000080007c4       0x16 build/usbd_conf.o
 *fill*         0x00000000080007da        0x2 
 .text.HAL_PCD_MspInit
                0x00000000080007dc       0x60 build/usbd_conf.o
                0x00000000080007dc                HAL_PCD_MspInit
 .text.USBD_LL_Init
                0x000000000800083c       0x90 build/usbd_conf.o
                0x000000000800083c                USBD_LL_Init
 .text.USBD_LL_Start
                0x00000000080008cc       0x12 build/usbd_conf.o
                0x00000000080008cc                USBD_LL_Start
 .text.USBD_LL_OpenEP
                0x00000000080008de       0x18 build/usbd_conf.o
                0x00000000080008de                USBD_LL_OpenEP
 .text.USBD_LL_CloseEP
                0x00000000080008f6       0x12 build/usbd_conf.o
                0x00000000080008f6                USBD_LL_CloseEP
 .text.USBD_LL_StallEP
                0x0000000008000908       0x12 build/usbd_conf.o
                0x0000000008000908                USBD_LL_StallEP
 .text.USBD_LL_Transmit
                0x000000000800091a       0x12 build/usbd_conf.o
                0x000000000800091a                USBD_LL_Transmit
 .text.USBD_LL_PrepareReceive
                0x000000000800092c       0x12 build/usbd_conf.o
                0x000000000800092c                USBD_LL_PrepareReceive
 .text.USBD_LL_GetRxDataSize
                0x000000000800093e        0xe build/usbd_conf.o
                0x000000000800093e                USBD_LL_GetRxDataSize
 .text.USBD_static_malloc
                0x000000000800094c        0x8 build/usbd_conf.o
                0x000000000800094c                USBD_static_malloc
 .text.USBD_static_free
                0x0000000008000954        0x2 build/usbd_conf.o
                0x0000000008000954                USBD_static_free
 *fill*         0x0000000008000956        0x2 
 .text.HAL_PCD_Init
                0x0000000008000958       0xe4 build/stm32g0xx_hal_pcd.o
                0x0000000008000958                HAL_PCD_Init
 .text.HAL_PCD_Start
                0x0000000008000a3c       0x2e build/stm32g0xx_hal_pcd.o
                0x0000000008000a3c                HAL_PCD_Start
 .text.HAL_PCD_EP_Open
                0x0000000008000a6a       0x86 build/stm32g0xx_hal_pcd.o
                0x0000000008000a6a                HAL_PCD_EP_Open
 .text.HAL_PCD_EP_Close
                0x0000000008000af0       0x70 build/stm32g0xx_hal_pcd.o
                0x0000000008000af0                HAL_PCD_EP_Close
 .text.HAL_PCD_EP_Receive
                0x0000000008000b60       0x56 build/stm32g0xx_hal_pcd.o
                0x0000000008000b60                HAL_PCD_EP_Receive
 .text.HAL_PCD_EP_GetRxCount
                0x0000000008000bb6       0x14 build/stm32g0xx_hal_pcd.o
                0x0000000008000bb6                HAL_PCD_EP_GetRxCount
 .text.HAL_PCD_EP_Transmit
                0x0000000008000bca       0x4c build/stm32g0xx_hal_pcd.o
                0x0000000008000bca                HAL_PCD_EP_Transmit
 .text.HAL_PCD_EP_SetStall
                0x0000000008000c16       0x76 build/stm32g0xx_hal_pcd.o
                0x0000000008000c16                HAL_PCD_EP_SetStall
 .text.HAL_PCDEx_PMAConfig
                0x0000000008000c8c       0x3a build/stm32g0xx_hal_pcd_ex.o
                0x0000000008000c8c                HAL_PCDEx_PMAConfig
 .text.HAL_PCDEx_ActivateLPM
                0x0000000008000cc6       0x24 build/stm32g0xx_hal_pcd_ex.o
                0x0000000008000cc6                HAL_PCDEx_ActivateLPM
 *fill*         0x0000000008000cea        0x2 
 .text.USB_EnableGlobalInt
                0x0000000008000cec       0x10 build/stm32g0xx_ll_usb.o
                0x0000000008000cec                USB_EnableGlobalInt
 .text.USB_DisableGlobalInt
                0x0000000008000cfc       0x10 build/stm32g0xx_ll_usb.o
                0x0000000008000cfc                USB_DisableGlobalInt
 .text.USB_SetCurrentMode
                0x0000000008000d0c       0x1c build/stm32g0xx_ll_usb.o
                0x0000000008000d0c                USB_SetCurrentMode
 .text.USB_DevInit
                0x0000000008000d28       0x2a build/stm32g0xx_ll_usb.o
                0x0000000008000d28                USB_DevInit
 *fill*         0x0000000008000d52        0x2 
 .text.USB_ActivateEndpoint
                0x0000000008000d54      0x2f8 build/stm32g0xx_ll_usb.o
                0x0000000008000d54                USB_ActivateEndpoint
 .text.USB_DeactivateEndpoint
                0x000000000800104c      0x154 build/stm32g0xx_ll_usb.o
                0x000000000800104c                USB_DeactivateEndpoint
 .text.USB_EPSetStall
                0x00000000080011a0       0x48 build/stm32g0xx_ll_usb.o
                0x00000000080011a0                USB_EPSetStall
 .text.USB_DevConnect
                0x00000000080011e8        0xe build/stm32g0xx_ll_usb.o
                0x00000000080011e8                USB_DevConnect
 *fill*         0x00000000080011f6        0x2 
 .text.USB_WritePMA
                0x00000000080011f8       0x5c build/stm32g0xx_ll_usb.o
                0x00000000080011f8                USB_WritePMA
 .text.USB_EPStartXfer
                0x0000000008001254      0xa48 build/stm32g0xx_ll_usb.o
                0x0000000008001254                USB_EPStartXfer
 .text.HAL_RCC_OscConfig
                0x0000000008001c9c      0x51c build/stm32g0xx_hal_rcc.o
                0x0000000008001c9c                HAL_RCC_OscConfig
 .text.HAL_RCC_GetSysClockFreq
                0x00000000080021b8       0xb8 build/stm32g0xx_hal_rcc.o
                0x00000000080021b8                HAL_RCC_GetSysClockFreq
 .text.HAL_RCC_ClockConfig
                0x0000000008002270      0x18c build/stm32g0xx_hal_rcc.o
                0x0000000008002270                HAL_RCC_ClockConfig
 .text.HAL_RCCEx_PeriphCLKConfig
                0x00000000080023fc      0x2fc build/stm32g0xx_hal_rcc_ex.o
                0x00000000080023fc                HAL_RCCEx_PeriphCLKConfig
 .text.HAL_GPIO_Init
                0x00000000080026f8      0x180 build/stm32g0xx_hal_gpio.o
                0x00000000080026f8                HAL_GPIO_Init
 .text.HAL_GPIO_ReadPin
                0x0000000008002878        0xe build/stm32g0xx_hal_gpio.o
                0x0000000008002878                HAL_GPIO_ReadPin
 .text.HAL_GPIO_WritePin
                0x0000000008002886        0xc build/stm32g0xx_hal_gpio.o
                0x0000000008002886                HAL_GPIO_WritePin
 *fill*         0x0000000008002892        0x2 
 .text.HAL_PWREx_EnableVddUSB
                0x0000000008002894       0x14 build/stm32g0xx_hal_pwr_ex.o
                0x0000000008002894                HAL_PWREx_EnableVddUSB
 .text.HAL_PWREx_ControlVoltageScaling
                0x00000000080028a8       0x54 build/stm32g0xx_hal_pwr_ex.o
                0x00000000080028a8                HAL_PWREx_ControlVoltageScaling
 .text.__NVIC_SetPriority
                0x00000000080028fc       0x60 build/stm32g0xx_hal_cortex.o
 .text.SysTick_Config
                0x000000000800295c       0x38 build/stm32g0xx_hal_cortex.o
 .text.HAL_NVIC_SetPriority
                0x0000000008002994        0x8 build/stm32g0xx_hal_cortex.o
                0x0000000008002994                HAL_NVIC_SetPriority
 .text.HAL_SYSTICK_Config
                0x000000000800299c        0x8 build/stm32g0xx_hal_cortex.o
                0x000000000800299c                HAL_SYSTICK_Config
 .text.HAL_InitTick
                0x00000000080029a4       0x58 build/stm32g0xx_hal.o
                0x00000000080029a4                HAL_InitTick
 .text.HAL_Init
                0x00000000080029fc       0x28 build/stm32g0xx_hal.o
                0x00000000080029fc                HAL_Init
 .text.HAL_IncTick
                0x0000000008002a24       0x18 build/stm32g0xx_hal.o
                0x0000000008002a24                HAL_IncTick
 .text.HAL_GetTick
                0x0000000008002a3c        0xc build/stm32g0xx_hal.o
                0x0000000008002a3c                HAL_GetTick
 .text.HAL_Delay
                0x0000000008002a48       0x24 build/stm32g0xx_hal.o
                0x0000000008002a48                HAL_Delay
 .text.HAL_SYSCFG_StrobeDBattpinsConfig
                0x0000000008002a6c       0x18 build/stm32g0xx_hal.o
                0x0000000008002a6c                HAL_SYSCFG_StrobeDBattpinsConfig
 .text.I2C_Flush_TXDR
                0x0000000008002a84       0x1e build/stm32g0xx_hal_i2c.o
 *fill*         0x0000000008002aa2        0x2 
 .text.I2C_TransferConfig
                0x0000000008002aa4       0x30 build/stm32g0xx_hal_i2c.o
 .text.I2C_IsAcknowledgeFailed
                0x0000000008002ad4       0x90 build/stm32g0xx_hal_i2c.o
 .text.I2C_WaitOnTXISFlagUntilTimeout
                0x0000000008002b64       0x52 build/stm32g0xx_hal_i2c.o
 .text.I2C_WaitOnFlagUntilTimeout
                0x0000000008002bb6       0x54 build/stm32g0xx_hal_i2c.o
 .text.I2C_WaitOnSTOPFlagUntilTimeout
                0x0000000008002c0a       0x4e build/stm32g0xx_hal_i2c.o
 .text.I2C_WaitOnRXNEFlagUntilTimeout
                0x0000000008002c58       0x84 build/stm32g0xx_hal_i2c.o
 .text.HAL_I2C_Init
                0x0000000008002cdc       0xcc build/stm32g0xx_hal_i2c.o
                0x0000000008002cdc                HAL_I2C_Init
 .text.HAL_I2C_Master_Transmit
                0x0000000008002da8      0x174 build/stm32g0xx_hal_i2c.o
                0x0000000008002da8                HAL_I2C_Master_Transmit
 .text.HAL_I2C_Master_Receive
                0x0000000008002f1c      0x174 build/stm32g0xx_hal_i2c.o
                0x0000000008002f1c                HAL_I2C_Master_Receive
 .text.HAL_I2CEx_ConfigAnalogFilter
                0x0000000008003090       0x58 build/stm32g0xx_hal_i2c_ex.o
                0x0000000008003090                HAL_I2CEx_ConfigAnalogFilter
 .text.HAL_I2CEx_ConfigDigitalFilter
                0x00000000080030e8       0x54 build/stm32g0xx_hal_i2c_ex.o
                0x00000000080030e8                HAL_I2CEx_ConfigDigitalFilter
 .text.SystemInit
                0x000000000800313c        0x2 build/system_stm32g0xx.o
                0x000000000800313c                SystemInit
 .text.USBD_Init
                0x000000000800313e       0x34 build/usbd_core.o
                0x000000000800313e                USBD_Init
 .text.USBD_RegisterClass
                0x0000000008003172       0x36 build/usbd_core.o
                0x0000000008003172                USBD_RegisterClass
 .text.USBD_Start
                0x00000000080031a8        0x8 build/usbd_core.o
                0x00000000080031a8                USBD_Start
 .text.USBD_GetLen
                0x00000000080031b0       0x14 build/usbd_ctlreq.o
 .text.USBD_CtlError
                0x00000000080031c4       0x14 build/usbd_ctlreq.o
                0x00000000080031c4                USBD_CtlError
 .text.USBD_GetString
                0x00000000080031d8       0x3c build/usbd_ctlreq.o
                0x00000000080031d8                USBD_GetString
 .text.USBD_CtlSendData
                0x0000000008003214       0x1c build/usbd_ioreq.o
                0x0000000008003214                USBD_CtlSendData
 .text.USBD_CtlPrepareRx
                0x0000000008003230       0x22 build/usbd_ioreq.o
                0x0000000008003230                USBD_CtlPrepareRx
 *fill*         0x0000000008003252        0x2 
 .text.nunchuk_reg_write
                0x0000000008003254       0x24 build/nunchuk.o
                0x0000000008003254                nunchuk_reg_write
 .text.nunchuk_packet_read
                0x0000000008003278       0x3c build/nunchuk.o
                0x0000000008003278                nunchuk_packet_read
 .text.nunchuk_init
                0x00000000080032b4       0x84 build/nunchuk.o
                0x00000000080032b4                nunchuk_init
 .text.nunchuk_fill_standard
                0x0000000008003338       0x48 build/nunchuk.o
                0x0000000008003338                nunchuk_fill_standard
 .text.nunchuk_read_standard
                0x0000000008003380       0x22 build/nunchuk.o
                0x0000000008003380                nunchuk_read_standard
 .text.nunchuk_fill_guitar_hero
                0x00000000080033a2       0x86 build/nunchuk.o
                0x00000000080033a2                nunchuk_fill_guitar_hero
 .text.nunchuk_read_guitar_hero
                0x0000000008003428       0x22 build/nunchuk.o
                0x0000000008003428                nunchuk_read_guitar_hero
 .text.nunchuk_fill_classic
                0x000000000800344a       0xbc build/nunchuk.o
                0x000000000800344a                nunchuk_fill_classic
 .text.nunchuk_read_classic
                0x0000000008003506       0x22 build/nunchuk.o
                0x0000000008003506                nunchuk_read_classic
 .text.CDC_DeInit_FS
                0x0000000008003528        0x4 build/usbd_cdc_if.o
 .text.CDC_Control_FS
                0x000000000800352c        0x4 build/usbd_cdc_if.o
 .text.CDC_TransmitCplt_FS
                0x0000000008003530        0x4 build/usbd_cdc_if.o
 .text.CDC_Receive_FS
                0x0000000008003534       0x1c build/usbd_cdc_if.o
 .text.CDC_Init_FS
                0x0000000008003550       0x28 build/usbd_cdc_if.o
 .text.USBD_CDC_EP0_RxReady
                0x0000000008003578       0x44 build/usbd_cdc.o
 .text.USBD_CDC_GetFSCfgDesc
                0x00000000080035bc        0xc build/usbd_cdc.o
 .text.USBD_CDC_GetHSCfgDesc
                0x00000000080035c8        0xc build/usbd_cdc.o
 .text.USBD_CDC_GetOtherSpeedCfgDesc
                0x00000000080035d4        0xc build/usbd_cdc.o
 .text.USBD_CDC_GetDeviceQualifierDescriptor
                0x00000000080035e0        0xc build/usbd_cdc.o
                0x00000000080035e0                USBD_CDC_GetDeviceQualifierDescriptor
 .text.USBD_CDC_DataOut
                0x00000000080035ec       0x32 build/usbd_cdc.o
 .text.USBD_CDC_DataIn
                0x000000000800361e       0x7a build/usbd_cdc.o
 .text.USBD_CDC_Setup
                0x0000000008003698      0x11c build/usbd_cdc.o
 .text.USBD_CDC_DeInit
                0x00000000080037b4       0x52 build/usbd_cdc.o
 .text.USBD_CDC_Init
                0x0000000008003806       0xda build/usbd_cdc.o
 .text.USBD_CDC_RegisterInterface
                0x00000000080038e0       0x12 build/usbd_cdc.o
                0x00000000080038e0                USBD_CDC_RegisterInterface
 .text.USBD_CDC_SetTxBuffer
                0x00000000080038f2       0x1e build/usbd_cdc.o
                0x00000000080038f2                USBD_CDC_SetTxBuffer
 .text.USBD_CDC_SetRxBuffer
                0x0000000008003910       0x18 build/usbd_cdc.o
                0x0000000008003910                USBD_CDC_SetRxBuffer
 .text.USBD_CDC_ReceivePacket
                0x0000000008003928       0x3e build/usbd_cdc.o
                0x0000000008003928                USBD_CDC_ReceivePacket
 *fill*         0x0000000008003966        0x2 
 .text.Reset_Handler
                0x0000000008003968       0x50 build/startup_stm32g0b1xx.o
                0x0000000008003968                Reset_Handler
 .text.Default_Handler
                0x00000000080039b8        0x2 build/startup_stm32g0b1xx.o
                0x00000000080039b8                I2C2_3_IRQHandler
                0x00000000080039b8                USART3_4_5_6_LPUART1_IRQHandler
                0x00000000080039b8                TIM1_CC_IRQHandler
                0x00000000080039b8                ADC1_COMP_IRQHandler
                0x00000000080039b8                I2C1_IRQHandler
                0x00000000080039b8                TIM7_LPTIM2_IRQHandler
                0x00000000080039b8                TIM17_FDCAN_IT1_IRQHandler
                0x00000000080039b8                DMA1_Ch4_7_DMA2_Ch1_5_DMAMUX1_OVR_IRQHandler
                0x00000000080039b8                RCC_CRS_IRQHandler
                0x00000000080039b8                RTC_TAMP_IRQHandler
                0x00000000080039b8                SPI1_IRQHandler
                0x00000000080039b8                USB_UCPD1_2_IRQHandler
                0x00000000080039b8                EXTI2_3_IRQHandler
                0x00000000080039b8                USART2_LPUART2_IRQHandler
                0x00000000080039b8                PVD_VDDIO2_IRQHandler
                0x00000000080039b8                EXTI4_15_IRQHandler
                0x00000000080039b8                DMA1_Channel1_IRQHandler
                0x00000000080039b8                Default_Handler
                0x00000000080039b8                CEC_IRQHandler
                0x00000000080039b8                TIM14_IRQHandler
                0x00000000080039b8                TIM15_IRQHandler
                0x00000000080039b8                TIM3_TIM4_IRQHandler
                0x00000000080039b8                EXTI0_1_IRQHandler
                0x00000000080039b8                SPI2_3_IRQHandler
                0x00000000080039b8                TIM6_DAC_LPTIM1_IRQHandler
                0x00000000080039b8                WWDG_IRQHandler
                0x00000000080039b8                TIM2_IRQHandler
                0x00000000080039b8                DMA1_Channel2_3_IRQHandler
                0x00000000080039b8                FLASH_IRQHandler
                0x00000000080039b8                USART1_IRQHandler
                0x00000000080039b8                TIM16_FDCAN_IT0_IRQHandler
                0x00000000080039b8                TIM1_BRK_UP_TRG_COM_IRQHandler
 *fill*         0x00000000080039ba        0x2 
 .text.__libc_init_array
                0x00000000080039bc       0x48 /usr/lib/gcc/arm-none-eabi/12.1.0/../../../../arm-none-eabi/lib/thumb/v6-m/nofp/libc_nano.a(lib_a-init.o)
                0x00000000080039bc                __libc_init_array
 .text.memcmp   0x0000000008003a04       0x1c /usr/lib/gcc/arm-none-eabi/12.1.0/../../../../arm-none-eabi/lib/thumb/v6-m/nofp/libc_nano.a(lib_a-memcmp.o)
                0x0000000008003a04                memcmp
 .text.memset   0x0000000008003a20       0x10 /usr/lib/gcc/arm-none-eabi/12.1.0/../../../../arm-none-eabi/lib/thumb/v6-m/nofp/libc_nano.a(lib_a-memset.o)
                0x0000000008003a20                memset
 .text.__aeabi_ddiv
                0x0000000008003a30      0x504 /usr/lib/gcc/arm-none-eabi/12.1.0/thumb/v6-m/nofp/libgcc.a(divdf3.o)
                0x0000000008003a30                __aeabi_ddiv
 .text.__aeabi_dmul
                0x0000000008003f34      0x454 /usr/lib/gcc/arm-none-eabi/12.1.0/thumb/v6-m/nofp/libgcc.a(muldf3.o)
                0x0000000008003f34                __aeabi_dmul
 .text.__aeabi_d2iz
                0x0000000008004388       0x64 /usr/lib/gcc/arm-none-eabi/12.1.0/thumb/v6-m/nofp/libgcc.a(fixdfsi.o)
                0x0000000008004388                __aeabi_d2iz
 .text.__aeabi_i2d
                0x00000000080043ec       0x54 /usr/lib/gcc/arm-none-eabi/12.1.0/thumb/v6-m/nofp/libgcc.a(floatsidf.o)
                0x00000000080043ec                __aeabi_i2d
 *(.glue_7)
 .glue_7        0x0000000008004440        0x0 linker stubs
 *(.glue_7t)
 .glue_7t       0x0000000008004440        0x0 linker stubs
 *(.eh_frame)
 .eh_frame      0x0000000008004440        0x0 /usr/lib/gcc/arm-none-eabi/12.1.0/thumb/v6-m/nofp/crtbegin.o
 *(.init)
 .init          0x0000000008004440        0x4 /usr/lib/gcc/arm-none-eabi/12.1.0/thumb/v6-m/nofp/crti.o
                0x0000000008004440                _init
 .init          0x0000000008004444        0x8 /usr/lib/gcc/arm-none-eabi/12.1.0/thumb/v6-m/nofp/crtn.o
 *(.fini)
 .fini          0x000000000800444c        0x4 /usr/lib/gcc/arm-none-eabi/12.1.0/thumb/v6-m/nofp/crti.o
                0x000000000800444c                _fini
 .fini          0x0000000008004450        0x8 /usr/lib/gcc/arm-none-eabi/12.1.0/thumb/v6-m/nofp/crtn.o
                0x0000000008004458                . = ALIGN (0x4)
                0x0000000008004458                _etext = .

.vfp11_veneer   0x0000000008004458        0x0
 .vfp11_veneer  0x0000000008004458        0x0 linker stubs

.v4_bx          0x0000000008004458        0x0
 .v4_bx         0x0000000008004458        0x0 linker stubs

.iplt           0x0000000008004458        0x0
 .iplt          0x0000000008004458        0x0 /usr/lib/gcc/arm-none-eabi/12.1.0/thumb/v6-m/nofp/crtbegin.o

.rodata         0x0000000008004458       0xa0
                0x0000000008004458                . = ALIGN (0x4)
 *(.rodata)
 *(.rodata*)
 .rodata.USBD_CDC_ProductStrDescriptor.str1.4
                0x0000000008004458       0x16 build/usbd_desc.o
 *fill*         0x000000000800446e        0x2 
 .rodata.USBD_CDC_ManufacturerStrDescriptor.str1.4
                0x0000000008004470       0x13 build/usbd_desc.o
 *fill*         0x0000000008004483        0x1 
 .rodata.USBD_CDC_ConfigStrDescriptor.str1.4
                0x0000000008004484        0xb build/usbd_desc.o
 *fill*         0x000000000800448f        0x1 
 .rodata.USBD_CDC_InterfaceStrDescriptor.str1.4
                0x0000000008004490        0xe build/usbd_desc.o
 *fill*         0x000000000800449e        0x2 
 .rodata.AHBPrescTable
                0x00000000080044a0       0x40 build/system_stm32g0xx.o
                0x00000000080044a0                AHBPrescTable
 .rodata.NUNCHUK_GUITAR_HERO_ID
                0x00000000080044e0        0x6 build/nunchuk.o
 *fill*         0x00000000080044e6        0x2 
 .rodata.NUNCHUK_CLASSIC_ID
                0x00000000080044e8        0x6 build/nunchuk.o
 *fill*         0x00000000080044ee        0x2 
 .rodata.NUNCHUK_STANDARD_ID
                0x00000000080044f0        0x6 build/nunchuk.o
                0x00000000080044f8                . = ALIGN (0x4)
 *fill*         0x00000000080044f6        0x2 

.rel.dyn        0x00000000080044f8        0x0
 .rel.iplt      0x00000000080044f8        0x0 /usr/lib/gcc/arm-none-eabi/12.1.0/thumb/v6-m/nofp/crtbegin.o

.ARM.extab
 *(.ARM.extab* .gnu.linkonce.armextab.*)

.ARM            0x00000000080044f8        0x0
                0x00000000080044f8                __exidx_start = .
 *(.ARM.exidx*)
                0x00000000080044f8                __exidx_end = .

.preinit_array  0x00000000080044f8        0x0
                0x00000000080044f8                PROVIDE (__preinit_array_start = .)
 *(.preinit_array*)
                0x00000000080044f8                PROVIDE (__preinit_array_end = .)

.init_array     0x00000000080044f8        0x4
                0x00000000080044f8                PROVIDE (__init_array_start = .)
 *(SORT_BY_NAME(.init_array.*))
 *(.init_array*)
 .init_array    0x00000000080044f8        0x4 /usr/lib/gcc/arm-none-eabi/12.1.0/thumb/v6-m/nofp/crtbegin.o
                0x00000000080044fc                PROVIDE (__init_array_end = .)

.fini_array     0x00000000080044fc        0x4
                0x00000000080044fc                PROVIDE (__fini_array_start = .)
 *(SORT_BY_NAME(.fini_array.*))
 *(.fini_array*)
 .fini_array    0x00000000080044fc        0x4 /usr/lib/gcc/arm-none-eabi/12.1.0/thumb/v6-m/nofp/crtbegin.o
                0x0000000008004500                PROVIDE (__fini_array_end = .)
                0x0000000008004500                _sidata = LOADADDR (.data)

.data           0x0000000020000000      0x184 load address 0x0000000008004500
                0x0000000020000000                . = ALIGN (0x4)
                0x0000000020000000                _sdata = .
 *(.data)
 *(.data*)
 .data.USBD_StringSerial
                0x0000000020000000       0x1a build/usbd_desc.o
                0x0000000020000000                USBD_StringSerial
 *fill*         0x000000002000001a        0x2 
 .data.USBD_LangIDDesc
                0x000000002000001c        0x4 build/usbd_desc.o
                0x000000002000001c                USBD_LangIDDesc
 .data.USBD_CDC_DeviceDesc
                0x0000000020000020       0x12 build/usbd_desc.o
                0x0000000020000020                USBD_CDC_DeviceDesc
 *fill*         0x0000000020000032        0x2 
 .data.CDC_Desc
                0x0000000020000034       0x20 build/usbd_desc.o
                0x0000000020000034                CDC_Desc
 .data.uwTickFreq
                0x0000000020000054        0x1 build/stm32g0xx_hal.o
                0x0000000020000054                uwTickFreq
 *fill*         0x0000000020000055        0x3 
 .data.uwTickPrio
                0x0000000020000058        0x4 build/stm32g0xx_hal.o
                0x0000000020000058                uwTickPrio
 .data.SystemCoreClock
                0x000000002000005c        0x4 build/system_stm32g0xx.o
                0x000000002000005c                SystemCoreClock
 .data.USBD_Interface_fops_FS
                0x0000000020000060       0x14 build/usbd_cdc_if.o
                0x0000000020000060                USBD_Interface_fops_FS
 .data.USBD_CDC_OtherSpeedCfgDesc
                0x0000000020000074       0x43 build/usbd_cdc.o
 *fill*         0x00000000200000b7        0x1 
 .data.USBD_CDC_CfgFSDesc
                0x00000000200000b8       0x43 build/usbd_cdc.o
 *fill*         0x00000000200000fb        0x1 
 .data.USBD_CDC_CfgHSDesc
                0x00000000200000fc       0x43 build/usbd_cdc.o
 *fill*         0x000000002000013f        0x1 
 .data.USBD_CDC
                0x0000000020000140       0x38 build/usbd_cdc.o
                0x0000000020000140                USBD_CDC
 .data.USBD_CDC_DeviceQualifierDesc
                0x0000000020000178        0xa build/usbd_cdc.o
                0x0000000020000184                . = ALIGN (0x4)
 *fill*         0x0000000020000182        0x2 
                0x0000000020000184                _edata = .

.igot.plt       0x0000000020000184        0x0 load address 0x0000000008004684
 .igot.plt      0x0000000020000184        0x0 /usr/lib/gcc/arm-none-eabi/12.1.0/thumb/v6-m/nofp/crtbegin.o
                0x0000000020000184                . = ALIGN (0x4)

.bss            0x0000000020000184     0x1a64 load address 0x0000000008004684
                0x0000000020000184                _sbss = .
                0x0000000020000184                __bss_start__ = _sbss
 *(.bss)
 *(.bss*)
 .bss.completed.1
                0x0000000020000184        0x1 /usr/lib/gcc/arm-none-eabi/12.1.0/thumb/v6-m/nofp/crtbegin.o
 *fill*         0x0000000020000185        0x3 
 .bss.object.0  0x0000000020000188       0x18 /usr/lib/gcc/arm-none-eabi/12.1.0/thumb/v6-m/nofp/crtbegin.o
 .bss.nunchuk_type
                0x00000000200001a0        0x1 build/main.o
                0x00000000200001a0                nunchuk_type
 .bss.dev_state
                0x00000000200001a1        0x1 build/main.o
                0x00000000200001a1                dev_state
 *fill*         0x00000000200001a2        0x2 
 .bss.hi2c2     0x00000000200001a4       0x4c build/i2c.o
                0x00000000200001a4                hi2c2
 .bss.hUsbDeviceFS
                0x00000000200001f0      0x2d0 build/usb_device.o
                0x00000000200001f0                hUsbDeviceFS
 .bss.USBD_StrDesc
                0x00000000200004c0      0x200 build/usbd_desc.o
                0x00000000200004c0                USBD_StrDesc
 .bss.mem.0     0x00000000200006c0      0x220 build/usbd_conf.o
 .bss.hpcd_USB_DRD_FS
                0x00000000200008e0      0x304 build/usbd_conf.o
                0x00000000200008e0                hpcd_USB_DRD_FS
 .bss.uwTick    0x0000000020000be4        0x4 build/stm32g0xx_hal.o
                0x0000000020000be4                uwTick
 .bss.UserTxBufferFS
                0x0000000020000be8      0x800 build/usbd_cdc_if.o
                0x0000000020000be8                UserTxBufferFS
 .bss.UserRxBufferFS
                0x00000000200013e8      0x800 build/usbd_cdc_if.o
                0x00000000200013e8                UserRxBufferFS
 *(COMMON)
                0x0000000020001be8                . = ALIGN (0x4)
                0x0000000020001be8                _ebss = .
                0x0000000020001be8                __bss_end__ = _ebss

._user_heap_stack
                0x0000000020001be8      0x600 load address 0x0000000008004684
                0x0000000020001be8                . = ALIGN (0x8)
                [!provide]                        PROVIDE (end = .)
                [!provide]                        PROVIDE (_end = .)
                0x0000000020001de8                . = (. + _Min_Heap_Size)
 *fill*         0x0000000020001be8      0x200 
                0x00000000200021e8                . = (. + _Min_Stack_Size)
 *fill*         0x0000000020001de8      0x400 
                0x00000000200021e8                . = ALIGN (0x8)

/DISCARD/
 libc.a(*)
 libm.a(*)
 libgcc.a(*)

.ARM.attributes
                0x0000000000000000       0x28
 *(.ARM.attributes)
 .ARM.attributes
                0x0000000000000000       0x1e /usr/lib/gcc/arm-none-eabi/12.1.0/thumb/v6-m/nofp/crti.o
 .ARM.attributes
                0x000000000000001e       0x2c /usr/lib/gcc/arm-none-eabi/12.1.0/thumb/v6-m/nofp/crtbegin.o
 .ARM.attributes
                0x000000000000004a       0x2c build/main.o
 .ARM.attributes
                0x0000000000000076       0x2c build/gpio.o
 .ARM.attributes
                0x00000000000000a2       0x2c build/i2c.o
 .ARM.attributes
                0x00000000000000ce       0x2c build/stm32g0xx_it.o
 .ARM.attributes
                0x00000000000000fa       0x2c build/stm32g0xx_hal_msp.o
 .ARM.attributes
                0x0000000000000126       0x2c build/usb_device.o
 .ARM.attributes
                0x0000000000000152       0x2c build/usbd_desc.o
 .ARM.attributes
                0x000000000000017e       0x2c build/usbd_conf.o
 .ARM.attributes
                0x00000000000001aa       0x2c build/stm32g0xx_hal_pcd.o
 .ARM.attributes
                0x00000000000001d6       0x2c build/stm32g0xx_hal_pcd_ex.o
 .ARM.attributes
                0x0000000000000202       0x2c build/stm32g0xx_ll_usb.o
 .ARM.attributes
                0x000000000000022e       0x2c build/stm32g0xx_hal_rcc.o
 .ARM.attributes
                0x000000000000025a       0x2c build/stm32g0xx_hal_rcc_ex.o
 .ARM.attributes
                0x0000000000000286       0x2c build/stm32g0xx_hal_gpio.o
 .ARM.attributes
                0x00000000000002b2       0x2c build/stm32g0xx_hal_pwr_ex.o
 .ARM.attributes
                0x00000000000002de       0x2c build/stm32g0xx_hal_cortex.o
 .ARM.attributes
                0x000000000000030a       0x2c build/stm32g0xx_hal.o
 .ARM.attributes
                0x0000000000000336       0x2c build/stm32g0xx_hal_i2c.o
 .ARM.attributes
                0x0000000000000362       0x2c build/stm32g0xx_hal_i2c_ex.o
 .ARM.attributes
                0x000000000000038e       0x2c build/system_stm32g0xx.o
 .ARM.attributes
                0x00000000000003ba       0x2c build/usbd_core.o
 .ARM.attributes
                0x00000000000003e6       0x2c build/usbd_ctlreq.o
 .ARM.attributes
                0x0000000000000412       0x2c build/usbd_ioreq.o
 .ARM.attributes
                0x000000000000043e       0x2c build/nunchuk.o
 .ARM.attributes
                0x000000000000046a       0x2c build/usbd_cdc_if.o
 .ARM.attributes
                0x0000000000000496       0x2c build/usbd_cdc.o
 .ARM.attributes
                0x00000000000004c2       0x22 build/startup_stm32g0b1xx.o
 .ARM.attributes
                0x00000000000004e4       0x2c /usr/lib/gcc/arm-none-eabi/12.1.0/../../../../arm-none-eabi/lib/thumb/v6-m/nofp/libc_nano.a(lib_a-init.o)
 .ARM.attributes
                0x0000000000000510       0x2c /usr/lib/gcc/arm-none-eabi/12.1.0/../../../../arm-none-eabi/lib/thumb/v6-m/nofp/libc_nano.a(lib_a-memcmp.o)
 .ARM.attributes
                0x000000000000053c       0x2c /usr/lib/gcc/arm-none-eabi/12.1.0/../../../../arm-none-eabi/lib/thumb/v6-m/nofp/libc_nano.a(lib_a-memset.o)
 .ARM.attributes
                0x0000000000000568       0x1e /usr/lib/gcc/arm-none-eabi/12.1.0/thumb/v6-m/nofp/libgcc.a(_udivsi3.o)
 .ARM.attributes
                0x0000000000000586       0x1e /usr/lib/gcc/arm-none-eabi/12.1.0/thumb/v6-m/nofp/libgcc.a(_dvmd_tls.o)
 .ARM.attributes
                0x00000000000005a4       0x2c /usr/lib/gcc/arm-none-eabi/12.1.0/thumb/v6-m/nofp/libgcc.a(divdf3.o)
 .ARM.attributes
                0x00000000000005d0       0x2c /usr/lib/gcc/arm-none-eabi/12.1.0/thumb/v6-m/nofp/libgcc.a(muldf3.o)
 .ARM.attributes
                0x00000000000005fc       0x2c /usr/lib/gcc/arm-none-eabi/12.1.0/thumb/v6-m/nofp/libgcc.a(fixdfsi.o)
 .ARM.attributes
                0x0000000000000628       0x2c /usr/lib/gcc/arm-none-eabi/12.1.0/thumb/v6-m/nofp/libgcc.a(floatsidf.o)
 .ARM.attributes
                0x0000000000000654       0x1e /usr/lib/gcc/arm-none-eabi/12.1.0/thumb/v6-m/nofp/libgcc.a(_thumb1_case_uhi.o)
 .ARM.attributes
                0x0000000000000672       0x1e /usr/lib/gcc/arm-none-eabi/12.1.0/thumb/v6-m/nofp/libgcc.a(_clzsi2.o)
 .ARM.attributes
                0x0000000000000690       0x1e /usr/lib/gcc/arm-none-eabi/12.1.0/thumb/v6-m/nofp/crtn.o
OUTPUT(build/nunchuk-adapter.elf elf32-littlearm)
LOAD linker stubs
LOAD /usr/lib/gcc/arm-none-eabi/12.1.0/../../../../arm-none-eabi/lib/thumb/v6-m/nofp/libc.a
LOAD /usr/lib/gcc/arm-none-eabi/12.1.0/../../../../arm-none-eabi/lib/thumb/v6-m/nofp/libm.a
LOAD /usr/lib/gcc/arm-none-eabi/12.1.0/thumb/v6-m/nofp/libgcc.a

.debug_info     0x0000000000000000    0x1afd8
 .debug_info    0x0000000000000000      0xcee build/main.o
 .debug_info    0x0000000000000cee      0x7ac build/gpio.o
 .debug_info    0x000000000000149a      0xd2b build/i2c.o
 .debug_info    0x00000000000021c5      0x146 build/stm32g0xx_it.o
 .debug_info    0x000000000000230b      0x2fa build/stm32g0xx_hal_msp.o
 .debug_info    0x0000000000002605      0x873 build/usb_device.o
 .debug_info    0x0000000000002e78      0x683 build/usbd_desc.o
 .debug_info    0x00000000000034fb     0x1e5f build/usbd_conf.o
 .debug_info    0x000000000000535a     0x1b62 build/stm32g0xx_hal_pcd.o
 .debug_info    0x0000000000006ebc      0xa32 build/stm32g0xx_hal_pcd_ex.o
 .debug_info    0x00000000000078ee     0x2091 build/stm32g0xx_ll_usb.o
 .debug_info    0x000000000000997f      0xfbb build/stm32g0xx_hal_rcc.o
 .debug_info    0x000000000000a93a      0xe23 build/stm32g0xx_hal_rcc_ex.o
 .debug_info    0x000000000000b75d      0x714 build/stm32g0xx_hal_gpio.o
 .debug_info    0x000000000000be71      0xaa5 build/stm32g0xx_hal_pwr_ex.o
 .debug_info    0x000000000000c916      0xb04 build/stm32g0xx_hal_cortex.o
 .debug_info    0x000000000000d41a      0xd31 build/stm32g0xx_hal.o
 .debug_info    0x000000000000e14b     0x4304 build/stm32g0xx_hal_i2c.o
 .debug_info    0x000000000001244f      0xbd0 build/stm32g0xx_hal_i2c_ex.o
 .debug_info    0x000000000001301f      0x3d4 build/system_stm32g0xx.o
 .debug_info    0x00000000000133f3     0x1053 build/usbd_core.o
 .debug_info    0x0000000000014446     0x14ae build/usbd_ctlreq.o
 .debug_info    0x00000000000158f4      0x991 build/usbd_ioreq.o
 .debug_info    0x0000000000016285     0x14a6 build/nunchuk.o
 .debug_info    0x000000000001772b      0xac6 build/usbd_cdc_if.o
 .debug_info    0x00000000000181f1     0x1657 build/usbd_cdc.o
 .debug_info    0x0000000000019848       0x22 build/startup_stm32g0b1xx.o
 .debug_info    0x000000000001986a      0x10b /usr/lib/gcc/arm-none-eabi/12.1.0/../../../../arm-none-eabi/lib/thumb/v6-m/nofp/libc_nano.a(lib_a-init.o)
 .debug_info    0x0000000000019975      0x104 /usr/lib/gcc/arm-none-eabi/12.1.0/../../../../arm-none-eabi/lib/thumb/v6-m/nofp/libc_nano.a(lib_a-memcmp.o)
 .debug_info    0x0000000000019a79       0xe0 /usr/lib/gcc/arm-none-eabi/12.1.0/../../../../arm-none-eabi/lib/thumb/v6-m/nofp/libc_nano.a(lib_a-memset.o)
 .debug_info    0x0000000000019b59       0x25 /usr/lib/gcc/arm-none-eabi/12.1.0/thumb/v6-m/nofp/libgcc.a(_udivsi3.o)
 .debug_info    0x0000000000019b7e       0x24 /usr/lib/gcc/arm-none-eabi/12.1.0/thumb/v6-m/nofp/libgcc.a(_dvmd_tls.o)
 .debug_info    0x0000000000019ba2      0x7ca /usr/lib/gcc/arm-none-eabi/12.1.0/thumb/v6-m/nofp/libgcc.a(divdf3.o)
 .debug_info    0x000000000001a36c      0x7bc /usr/lib/gcc/arm-none-eabi/12.1.0/thumb/v6-m/nofp/libgcc.a(muldf3.o)
 .debug_info    0x000000000001ab28      0x1d9 /usr/lib/gcc/arm-none-eabi/12.1.0/thumb/v6-m/nofp/libgcc.a(fixdfsi.o)
 .debug_info    0x000000000001ad01      0x28f /usr/lib/gcc/arm-none-eabi/12.1.0/thumb/v6-m/nofp/libgcc.a(floatsidf.o)
 .debug_info    0x000000000001af90       0x24 /usr/lib/gcc/arm-none-eabi/12.1.0/thumb/v6-m/nofp/libgcc.a(_thumb1_case_uhi.o)
 .debug_info    0x000000000001afb4       0x24 /usr/lib/gcc/arm-none-eabi/12.1.0/thumb/v6-m/nofp/libgcc.a(_clzsi2.o)

.debug_abbrev   0x0000000000000000     0x4980
 .debug_abbrev  0x0000000000000000      0x2e8 build/main.o
 .debug_abbrev  0x00000000000002e8      0x214 build/gpio.o
 .debug_abbrev  0x00000000000004fc      0x23a build/i2c.o
 .debug_abbrev  0x0000000000000736       0xb9 build/stm32g0xx_it.o
 .debug_abbrev  0x00000000000007ef      0x115 build/stm32g0xx_hal_msp.o
 .debug_abbrev  0x0000000000000904      0x1c5 build/usb_device.o
 .debug_abbrev  0x0000000000000ac9      0x263 build/usbd_desc.o
 .debug_abbrev  0x0000000000000d2c      0x3a3 build/usbd_conf.o
 .debug_abbrev  0x00000000000010cf      0x352 build/stm32g0xx_hal_pcd.o
 .debug_abbrev  0x0000000000001421      0x290 build/stm32g0xx_hal_pcd_ex.o
 .debug_abbrev  0x00000000000016b1      0x364 build/stm32g0xx_ll_usb.o
 .debug_abbrev  0x0000000000001a15      0x319 build/stm32g0xx_hal_rcc.o
 .debug_abbrev  0x0000000000001d2e      0x2b8 build/stm32g0xx_hal_rcc_ex.o
 .debug_abbrev  0x0000000000001fe6      0x239 build/stm32g0xx_hal_gpio.o
 .debug_abbrev  0x000000000000221f      0x28d build/stm32g0xx_hal_pwr_ex.o
 .debug_abbrev  0x00000000000024ac      0x32e build/stm32g0xx_hal_cortex.o
 .debug_abbrev  0x00000000000027da      0x2aa build/stm32g0xx_hal.o
 .debug_abbrev  0x0000000000002a84      0x307 build/stm32g0xx_hal_i2c.o
 .debug_abbrev  0x0000000000002d8b      0x1dc build/stm32g0xx_hal_i2c_ex.o
 .debug_abbrev  0x0000000000002f67      0x145 build/system_stm32g0xx.o
 .debug_abbrev  0x00000000000030ac      0x2ca build/usbd_core.o
 .debug_abbrev  0x0000000000003376      0x382 build/usbd_ctlreq.o
 .debug_abbrev  0x00000000000036f8      0x1be build/usbd_ioreq.o
 .debug_abbrev  0x00000000000038b6      0x2bf build/nunchuk.o
 .debug_abbrev  0x0000000000003b75      0x2e5 build/usbd_cdc_if.o
 .debug_abbrev  0x0000000000003e5a      0x31c build/usbd_cdc.o
 .debug_abbrev  0x0000000000004176       0x12 build/startup_stm32g0b1xx.o
 .debug_abbrev  0x0000000000004188       0xc9 /usr/lib/gcc/arm-none-eabi/12.1.0/../../../../arm-none-eabi/lib/thumb/v6-m/nofp/libc_nano.a(lib_a-init.o)
 .debug_abbrev  0x0000000000004251       0x90 /usr/lib/gcc/arm-none-eabi/12.1.0/../../../../arm-none-eabi/lib/thumb/v6-m/nofp/libc_nano.a(lib_a-memcmp.o)
 .debug_abbrev  0x00000000000042e1       0x9e /usr/lib/gcc/arm-none-eabi/12.1.0/../../../../arm-none-eabi/lib/thumb/v6-m/nofp/libc_nano.a(lib_a-memset.o)
 .debug_abbrev  0x000000000000437f       0x14 /usr/lib/gcc/arm-none-eabi/12.1.0/thumb/v6-m/nofp/libgcc.a(_udivsi3.o)
 .debug_abbrev  0x0000000000004393       0x14 /usr/lib/gcc/arm-none-eabi/12.1.0/thumb/v6-m/nofp/libgcc.a(_dvmd_tls.o)
 .debug_abbrev  0x00000000000043a7      0x16e /usr/lib/gcc/arm-none-eabi/12.1.0/thumb/v6-m/nofp/libgcc.a(divdf3.o)
 .debug_abbrev  0x0000000000004515      0x187 /usr/lib/gcc/arm-none-eabi/12.1.0/thumb/v6-m/nofp/libgcc.a(muldf3.o)
 .debug_abbrev  0x000000000000469c      0x144 /usr/lib/gcc/arm-none-eabi/12.1.0/thumb/v6-m/nofp/libgcc.a(fixdfsi.o)
 .debug_abbrev  0x00000000000047e0      0x178 /usr/lib/gcc/arm-none-eabi/12.1.0/thumb/v6-m/nofp/libgcc.a(floatsidf.o)
 .debug_abbrev  0x0000000000004958       0x14 /usr/lib/gcc/arm-none-eabi/12.1.0/thumb/v6-m/nofp/libgcc.a(_thumb1_case_uhi.o)
 .debug_abbrev  0x000000000000496c       0x14 /usr/lib/gcc/arm-none-eabi/12.1.0/thumb/v6-m/nofp/libgcc.a(_clzsi2.o)

.debug_loc      0x0000000000000000    0x10fee
 .debug_loc     0x0000000000000000      0x10a build/main.o
 .debug_loc     0x000000000000010a      0x14e build/gpio.o
 .debug_loc     0x0000000000000258       0xfd build/i2c.o
 .debug_loc     0x0000000000000355       0x20 build/stm32g0xx_it.o
 .debug_loc     0x0000000000000375       0x2c build/stm32g0xx_hal_msp.o
 .debug_loc     0x00000000000003a1       0x20 build/usb_device.o
 .debug_loc     0x00000000000003c1      0x45d build/usbd_desc.o
 .debug_loc     0x000000000000081e     0x107e build/usbd_conf.o
 .debug_loc     0x000000000000189c     0x148e build/stm32g0xx_hal_pcd.o
 .debug_loc     0x0000000000002d2a      0x2db build/stm32g0xx_hal_pcd_ex.o
 .debug_loc     0x0000000000003005     0x23a6 build/stm32g0xx_ll_usb.o
 .debug_loc     0x00000000000053ab      0x8c7 build/stm32g0xx_hal_rcc.o
 .debug_loc     0x0000000000005c72     0x1199 build/stm32g0xx_hal_rcc_ex.o
 .debug_loc     0x0000000000006e0b      0x44f build/stm32g0xx_hal_gpio.o
 .debug_loc     0x000000000000725a      0x3e6 build/stm32g0xx_hal_pwr_ex.o
 .debug_loc     0x0000000000007640      0x39f build/stm32g0xx_hal_cortex.o
 .debug_loc     0x00000000000079df      0x29f build/stm32g0xx_hal.o
 .debug_loc     0x0000000000007c7e     0x5495 build/stm32g0xx_hal_i2c.o
 .debug_loc     0x000000000000d113      0x2d0 build/stm32g0xx_hal_i2c_ex.o
 .debug_loc     0x000000000000d3e3       0xc9 build/system_stm32g0xx.o
 .debug_loc     0x000000000000d4ac      0xd88 build/usbd_core.o
 .debug_loc     0x000000000000e234     0x19a4 build/usbd_ctlreq.o
 .debug_loc     0x000000000000fbd8      0x398 build/usbd_ioreq.o
 .debug_loc     0x000000000000ff70      0x372 build/nunchuk.o
 .debug_loc     0x00000000000102e2      0x1d7 build/usbd_cdc_if.o
 .debug_loc     0x00000000000104b9      0xb35 build/usbd_cdc.o

.debug_aranges  0x0000000000000000     0x1130
 .debug_aranges
                0x0000000000000000       0x38 build/main.o
 .debug_aranges
                0x0000000000000038       0x38 build/gpio.o
 .debug_aranges
                0x0000000000000070       0x30 build/i2c.o
 .debug_aranges
                0x00000000000000a0       0x40 build/stm32g0xx_it.o
 .debug_aranges
                0x00000000000000e0       0x20 build/stm32g0xx_hal_msp.o
 .debug_aranges
                0x0000000000000100       0x20 build/usb_device.o
 .debug_aranges
                0x0000000000000120       0x60 build/usbd_desc.o
 .debug_aranges
                0x0000000000000180      0x120 build/usbd_conf.o
 .debug_aranges
                0x00000000000002a0      0x148 build/stm32g0xx_hal_pcd.o
 .debug_aranges
                0x00000000000003e8       0x58 build/stm32g0xx_hal_pcd_ex.o
 .debug_aranges
                0x0000000000000440      0x118 build/stm32g0xx_ll_usb.o
 .debug_aranges
                0x0000000000000558       0x98 build/stm32g0xx_hal_rcc.o
 .debug_aranges
                0x00000000000005f0       0x88 build/stm32g0xx_hal_rcc_ex.o
 .debug_aranges
                0x0000000000000678       0x60 build/stm32g0xx_hal_gpio.o
 .debug_aranges
                0x00000000000006d8      0x128 build/stm32g0xx_hal_pwr_ex.o
 .debug_aranges
                0x0000000000000800       0xb0 build/stm32g0xx_hal_cortex.o
 .debug_aranges
                0x00000000000008b0      0x130 build/stm32g0xx_hal.o
 .debug_aranges
                0x00000000000009e0      0x290 build/stm32g0xx_hal_i2c.o
 .debug_aranges
                0x0000000000000c70       0x48 build/stm32g0xx_hal_i2c_ex.o
 .debug_aranges
                0x0000000000000cb8       0x28 build/system_stm32g0xx.o
 .debug_aranges
                0x0000000000000ce0       0xb8 build/usbd_core.o
 .debug_aranges
                0x0000000000000d98       0x88 build/usbd_ctlreq.o
 .debug_aranges
                0x0000000000000e20       0x50 build/usbd_ioreq.o
 .debug_aranges
                0x0000000000000e70       0x60 build/nunchuk.o
 .debug_aranges
                0x0000000000000ed0       0x48 build/usbd_cdc_if.o
 .debug_aranges
                0x0000000000000f18       0x90 build/usbd_cdc.o
 .debug_aranges
                0x0000000000000fa8       0x28 build/startup_stm32g0b1xx.o
 .debug_aranges
                0x0000000000000fd0       0x20 /usr/lib/gcc/arm-none-eabi/12.1.0/../../../../arm-none-eabi/lib/thumb/v6-m/nofp/libc_nano.a(lib_a-init.o)
 .debug_aranges
                0x0000000000000ff0       0x20 /usr/lib/gcc/arm-none-eabi/12.1.0/../../../../arm-none-eabi/lib/thumb/v6-m/nofp/libc_nano.a(lib_a-memcmp.o)
 .debug_aranges
                0x0000000000001010       0x20 /usr/lib/gcc/arm-none-eabi/12.1.0/../../../../arm-none-eabi/lib/thumb/v6-m/nofp/libc_nano.a(lib_a-memset.o)
 .debug_aranges
                0x0000000000001030       0x20 /usr/lib/gcc/arm-none-eabi/12.1.0/thumb/v6-m/nofp/libgcc.a(_udivsi3.o)
 .debug_aranges
                0x0000000000001050       0x20 /usr/lib/gcc/arm-none-eabi/12.1.0/thumb/v6-m/nofp/libgcc.a(_dvmd_tls.o)
 .debug_aranges
                0x0000000000001070       0x20 /usr/lib/gcc/arm-none-eabi/12.1.0/thumb/v6-m/nofp/libgcc.a(divdf3.o)
 .debug_aranges
                0x0000000000001090       0x20 /usr/lib/gcc/arm-none-eabi/12.1.0/thumb/v6-m/nofp/libgcc.a(muldf3.o)
 .debug_aranges
                0x00000000000010b0       0x20 /usr/lib/gcc/arm-none-eabi/12.1.0/thumb/v6-m/nofp/libgcc.a(fixdfsi.o)
 .debug_aranges
                0x00000000000010d0       0x20 /usr/lib/gcc/arm-none-eabi/12.1.0/thumb/v6-m/nofp/libgcc.a(floatsidf.o)
 .debug_aranges
                0x00000000000010f0       0x20 /usr/lib/gcc/arm-none-eabi/12.1.0/thumb/v6-m/nofp/libgcc.a(_thumb1_case_uhi.o)
 .debug_aranges
                0x0000000000001110       0x20 /usr/lib/gcc/arm-none-eabi/12.1.0/thumb/v6-m/nofp/libgcc.a(_clzsi2.o)

.debug_ranges   0x0000000000000000     0x1070
 .debug_ranges  0x0000000000000000       0x28 build/main.o
 .debug_ranges  0x0000000000000028       0x28 build/gpio.o
 .debug_ranges  0x0000000000000050       0x20 build/i2c.o
 .debug_ranges  0x0000000000000070       0x30 build/stm32g0xx_it.o
 .debug_ranges  0x00000000000000a0       0x10 build/stm32g0xx_hal_msp.o
 .debug_ranges  0x00000000000000b0       0x10 build/usb_device.o
 .debug_ranges  0x00000000000000c0       0x50 build/usbd_desc.o
 .debug_ranges  0x0000000000000110      0x110 build/usbd_conf.o
 .debug_ranges  0x0000000000000220      0x180 build/stm32g0xx_hal_pcd.o
 .debug_ranges  0x00000000000003a0       0x48 build/stm32g0xx_hal_pcd_ex.o
 .debug_ranges  0x00000000000003e8      0x2b8 build/stm32g0xx_ll_usb.o
 .debug_ranges  0x00000000000006a0       0xa8 build/stm32g0xx_hal_rcc.o
 .debug_ranges  0x0000000000000748       0x90 build/stm32g0xx_hal_rcc_ex.o
 .debug_ranges  0x00000000000007d8       0x50 build/stm32g0xx_hal_gpio.o
 .debug_ranges  0x0000000000000828      0x118 build/stm32g0xx_hal_pwr_ex.o
 .debug_ranges  0x0000000000000940       0xb8 build/stm32g0xx_hal_cortex.o
 .debug_ranges  0x00000000000009f8      0x120 build/stm32g0xx_hal.o
 .debug_ranges  0x0000000000000b18      0x280 build/stm32g0xx_hal_i2c.o
 .debug_ranges  0x0000000000000d98       0x38 build/stm32g0xx_hal_i2c_ex.o
 .debug_ranges  0x0000000000000dd0       0x18 build/system_stm32g0xx.o
 .debug_ranges  0x0000000000000de8       0xa8 build/usbd_core.o
 .debug_ranges  0x0000000000000e90       0x78 build/usbd_ctlreq.o
 .debug_ranges  0x0000000000000f08       0x40 build/usbd_ioreq.o
 .debug_ranges  0x0000000000000f48       0x50 build/nunchuk.o
 .debug_ranges  0x0000000000000f98       0x38 build/usbd_cdc_if.o
 .debug_ranges  0x0000000000000fd0       0x80 build/usbd_cdc.o
 .debug_ranges  0x0000000000001050       0x20 build/startup_stm32g0b1xx.o

.debug_line     0x0000000000000000    0x12c94
 .debug_line    0x0000000000000000      0x456 build/main.o
 .debug_line    0x0000000000000456      0x2b4 build/gpio.o
 .debug_line    0x000000000000070a      0x2c2 build/i2c.o
 .debug_line    0x00000000000009cc      0x16e build/stm32g0xx_it.o
 .debug_line    0x0000000000000b3a      0x14a build/stm32g0xx_hal_msp.o
 .debug_line    0x0000000000000c84      0x1d5 build/usb_device.o
 .debug_line    0x0000000000000e59      0x33d build/usbd_desc.o
 .debug_line    0x0000000000001196      0x8a3 build/usbd_conf.o
 .debug_line    0x0000000000001a39     0x1765 build/stm32g0xx_hal_pcd.o
 .debug_line    0x000000000000319e      0x400 build/stm32g0xx_hal_pcd_ex.o
 .debug_line    0x000000000000359e     0x25bc build/stm32g0xx_ll_usb.o
 .debug_line    0x0000000000005b5a      0xe1a build/stm32g0xx_hal_rcc.o
 .debug_line    0x0000000000006974     0x1133 build/stm32g0xx_hal_rcc_ex.o
 .debug_line    0x0000000000007aa7      0x68e build/stm32g0xx_hal_gpio.o
 .debug_line    0x0000000000008135      0x7f2 build/stm32g0xx_hal_pwr_ex.o
 .debug_line    0x0000000000008927      0x63f build/stm32g0xx_hal_cortex.o
 .debug_line    0x0000000000008f66      0x63c build/stm32g0xx_hal.o
 .debug_line    0x00000000000095a2     0x4a99 build/stm32g0xx_hal_i2c.o
 .debug_line    0x000000000000e03b      0x497 build/stm32g0xx_hal_i2c_ex.o
 .debug_line    0x000000000000e4d2      0x223 build/system_stm32g0xx.o
 .debug_line    0x000000000000e6f5      0x833 build/usbd_core.o
 .debug_line    0x000000000000ef28      0xcd5 build/usbd_ctlreq.o
 .debug_line    0x000000000000fbfd      0x285 build/usbd_ioreq.o
 .debug_line    0x000000000000fe82      0x677 build/nunchuk.o
 .debug_line    0x00000000000104f9      0x23f build/usbd_cdc_if.o
 .debug_line    0x0000000000010738      0x879 build/usbd_cdc.o
 .debug_line    0x0000000000010fb1       0x77 build/startup_stm32g0b1xx.o
 .debug_line    0x0000000000011028      0x137 /usr/lib/gcc/arm-none-eabi/12.1.0/../../../../arm-none-eabi/lib/thumb/v6-m/nofp/libc_nano.a(lib_a-init.o)
 .debug_line    0x000000000001115f      0x140 /usr/lib/gcc/arm-none-eabi/12.1.0/../../../../arm-none-eabi/lib/thumb/v6-m/nofp/libc_nano.a(lib_a-memcmp.o)
 .debug_line    0x000000000001129f      0x123 /usr/lib/gcc/arm-none-eabi/12.1.0/../../../../arm-none-eabi/lib/thumb/v6-m/nofp/libc_nano.a(lib_a-memset.o)
 .debug_line    0x00000000000113c2       0x61 /usr/lib/gcc/arm-none-eabi/12.1.0/thumb/v6-m/nofp/libgcc.a(_udivsi3.o)
 .debug_line    0x0000000000011423       0x4a /usr/lib/gcc/arm-none-eabi/12.1.0/thumb/v6-m/nofp/libgcc.a(_dvmd_tls.o)
 .debug_line    0x000000000001146d      0xaef /usr/lib/gcc/arm-none-eabi/12.1.0/thumb/v6-m/nofp/libgcc.a(divdf3.o)
 .debug_line    0x0000000000011f5c      0x94c /usr/lib/gcc/arm-none-eabi/12.1.0/thumb/v6-m/nofp/libgcc.a(muldf3.o)
 .debug_line    0x00000000000128a8      0x173 /usr/lib/gcc/arm-none-eabi/12.1.0/thumb/v6-m/nofp/libgcc.a(fixdfsi.o)
 .debug_line    0x0000000000012a1b      0x1c8 /usr/lib/gcc/arm-none-eabi/12.1.0/thumb/v6-m/nofp/libgcc.a(floatsidf.o)
 .debug_line    0x0000000000012be3       0x53 /usr/lib/gcc/arm-none-eabi/12.1.0/thumb/v6-m/nofp/libgcc.a(_thumb1_case_uhi.o)
 .debug_line    0x0000000000012c36       0x5e /usr/lib/gcc/arm-none-eabi/12.1.0/thumb/v6-m/nofp/libgcc.a(_clzsi2.o)

.debug_str      0x0000000000000000     0x533f
 .debug_str     0x0000000000000000      0x71e build/main.o
                                        0x7be (size before relaxing)
 .debug_str     0x000000000000071e      0x1b7 build/gpio.o
                                        0x3d1 (size before relaxing)
 .debug_str     0x00000000000008d5      0x5ae build/i2c.o
                                        0x946 (size before relaxing)
 .debug_str     0x0000000000000e83       0x6d build/stm32g0xx_it.o
                                        0x1df (size before relaxing)
 .debug_str     0x0000000000000ef0       0x4a build/stm32g0xx_hal_msp.o
                                        0x28d (size before relaxing)
 .debug_str     0x0000000000000f3a      0x415 build/usb_device.o
                                        0x699 (size before relaxing)
 .debug_str     0x000000000000134f      0x189 build/usbd_desc.o
                                        0x45d (size before relaxing)
 .debug_str     0x00000000000014d8      0x886 build/usbd_conf.o
                                        0xf96 (size before relaxing)
 .debug_str     0x0000000000001d5e      0x30d build/stm32g0xx_hal_pcd.o
                                        0xafc (size before relaxing)
 .debug_str     0x000000000000206b      0x185 build/stm32g0xx_hal_pcd_ex.o
                                        0x75a (size before relaxing)
 .debug_str     0x00000000000021f0      0x393 build/stm32g0xx_ll_usb.o
                                        0x924 (size before relaxing)
 .debug_str     0x0000000000002583      0x360 build/stm32g0xx_hal_rcc.o
                                        0x7da (size before relaxing)
 .debug_str     0x00000000000028e3      0x2ed build/stm32g0xx_hal_rcc_ex.o
                                        0x8c2 (size before relaxing)
 .debug_str     0x0000000000002bd0      0x157 build/stm32g0xx_hal_gpio.o
                                        0x418 (size before relaxing)
 .debug_str     0x0000000000002d27      0x461 build/stm32g0xx_hal_pwr_ex.o
                                        0x799 (size before relaxing)
 .debug_str     0x0000000000003188      0x58a build/stm32g0xx_hal_cortex.o
                                        0x79d (size before relaxing)
 .debug_str     0x0000000000003712      0x3c2 build/stm32g0xx_hal.o
                                        0xa53 (size before relaxing)
 .debug_str     0x0000000000003ad4      0x87e build/stm32g0xx_hal_i2c.o
                                       0x1068 (size before relaxing)
 .debug_str     0x0000000000004352       0xb5 build/stm32g0xx_hal_i2c_ex.o
                                        0x944 (size before relaxing)
 .debug_str     0x0000000000004407       0x3d build/system_stm32g0xx.o
                                        0x2d5 (size before relaxing)
 .debug_str     0x0000000000004444      0x145 build/usbd_core.o
                                        0x863 (size before relaxing)
 .debug_str     0x0000000000004589      0x109 build/usbd_ctlreq.o
                                        0x7b5 (size before relaxing)
 .debug_str     0x0000000000004692       0x60 build/usbd_ioreq.o
                                        0x6aa (size before relaxing)
 .debug_str     0x00000000000046f2      0x17d build/nunchuk.o
                                        0xa89 (size before relaxing)
 .debug_str     0x000000000000486f      0x149 build/usbd_cdc_if.o
                                        0x766 (size before relaxing)
 .debug_str     0x00000000000049b8      0x19a build/usbd_cdc.o
                                        0xc92 (size before relaxing)
 .debug_str     0x0000000000004b52       0x22 build/startup_stm32g0b1xx.o
                                         0x5e (size before relaxing)
 .debug_str     0x0000000000004b74      0x181 /usr/lib/gcc/arm-none-eabi/12.1.0/../../../../arm-none-eabi/lib/thumb/v6-m/nofp/libc_nano.a(lib_a-init.o)
                                        0x229 (size before relaxing)
 .debug_str     0x0000000000004cf5       0xa6 /usr/lib/gcc/arm-none-eabi/12.1.0/../../../../arm-none-eabi/lib/thumb/v6-m/nofp/libc_nano.a(lib_a-memcmp.o)
                                        0x1ca (size before relaxing)
 .debug_str     0x0000000000004d9b       0x4a /usr/lib/gcc/arm-none-eabi/12.1.0/../../../../arm-none-eabi/lib/thumb/v6-m/nofp/libc_nano.a(lib_a-memset.o)
                                        0x1ca (size before relaxing)
 .debug_str     0x0000000000004de5       0x64 /usr/lib/gcc/arm-none-eabi/12.1.0/thumb/v6-m/nofp/libgcc.a(_udivsi3.o)
 .debug_str     0x0000000000004e49       0x64 /usr/lib/gcc/arm-none-eabi/12.1.0/thumb/v6-m/nofp/libgcc.a(_dvmd_tls.o)
 .debug_str     0x0000000000004e49      0x2e6 /usr/lib/gcc/arm-none-eabi/12.1.0/thumb/v6-m/nofp/libgcc.a(divdf3.o)
                                        0x3d1 (size before relaxing)
 .debug_str     0x000000000000512f      0x12e /usr/lib/gcc/arm-none-eabi/12.1.0/thumb/v6-m/nofp/libgcc.a(muldf3.o)
                                        0x418 (size before relaxing)
 .debug_str     0x000000000000525d       0x25 /usr/lib/gcc/arm-none-eabi/12.1.0/thumb/v6-m/nofp/libgcc.a(fixdfsi.o)
                                        0x20b (size before relaxing)
 .debug_str     0x0000000000005282       0xbd /usr/lib/gcc/arm-none-eabi/12.1.0/thumb/v6-m/nofp/libgcc.a(floatsidf.o)
                                        0x2ac (size before relaxing)
 .debug_str     0x000000000000533f       0x64 /usr/lib/gcc/arm-none-eabi/12.1.0/thumb/v6-m/nofp/libgcc.a(_thumb1_case_uhi.o)
 .debug_str     0x000000000000533f       0x64 /usr/lib/gcc/arm-none-eabi/12.1.0/thumb/v6-m/nofp/libgcc.a(_clzsi2.o)

.comment        0x0000000000000000       0x3c
 .comment       0x0000000000000000       0x1e build/main.o
                                         0x1f (size before relaxing)
 .comment       0x000000000000001e       0x1f build/gpio.o
 .comment       0x000000000000001e       0x1f build/i2c.o
 .comment       0x000000000000001e       0x1f build/stm32g0xx_it.o
 .comment       0x000000000000001e       0x1f build/stm32g0xx_hal_msp.o
 .comment       0x000000000000001e       0x1f build/usb_device.o
 .comment       0x000000000000001e       0x1f build/usbd_desc.o
 .comment       0x000000000000001e       0x1f build/usbd_conf.o
 .comment       0x000000000000001e       0x1f build/stm32g0xx_hal_pcd.o
 .comment       0x000000000000001e       0x1f build/stm32g0xx_hal_pcd_ex.o
 .comment       0x000000000000001e       0x1f build/stm32g0xx_ll_usb.o
 .comment       0x000000000000001e       0x1f build/stm32g0xx_hal_rcc.o
 .comment       0x000000000000001e       0x1f build/stm32g0xx_hal_rcc_ex.o
 .comment       0x000000000000001e       0x1f build/stm32g0xx_hal_gpio.o
 .comment       0x000000000000001e       0x1f build/stm32g0xx_hal_pwr_ex.o
 .comment       0x000000000000001e       0x1f build/stm32g0xx_hal_cortex.o
 .comment       0x000000000000001e       0x1f build/stm32g0xx_hal.o
 .comment       0x000000000000001e       0x1f build/stm32g0xx_hal_i2c.o
 .comment       0x000000000000001e       0x1f build/stm32g0xx_hal_i2c_ex.o
 .comment       0x000000000000001e       0x1f build/system_stm32g0xx.o
 .comment       0x000000000000001e       0x1f build/usbd_core.o
 .comment       0x000000000000001e       0x1f build/usbd_ctlreq.o
 .comment       0x000000000000001e       0x1f build/usbd_ioreq.o
 .comment       0x000000000000001e       0x1f build/nunchuk.o
 .comment       0x000000000000001e       0x1f build/usbd_cdc_if.o
 .comment       0x000000000000001e       0x1f build/usbd_cdc.o
 .comment       0x000000000000001e       0x1e /usr/lib/gcc/arm-none-eabi/12.1.0/../../../../arm-none-eabi/lib/thumb/v6-m/nofp/libc_nano.a(lib_a-init.o)
                                         0x1f (size before relaxing)
 .comment       0x000000000000003c       0x1f /usr/lib/gcc/arm-none-eabi/12.1.0/../../../../arm-none-eabi/lib/thumb/v6-m/nofp/libc_nano.a(lib_a-memcmp.o)
 .comment       0x000000000000003c       0x1f /usr/lib/gcc/arm-none-eabi/12.1.0/../../../../arm-none-eabi/lib/thumb/v6-m/nofp/libc_nano.a(lib_a-memset.o)
 .comment       0x000000000000003c       0x1f /usr/lib/gcc/arm-none-eabi/12.1.0/thumb/v6-m/nofp/libgcc.a(divdf3.o)
 .comment       0x000000000000003c       0x1f /usr/lib/gcc/arm-none-eabi/12.1.0/thumb/v6-m/nofp/libgcc.a(muldf3.o)
 .comment       0x000000000000003c       0x1f /usr/lib/gcc/arm-none-eabi/12.1.0/thumb/v6-m/nofp/libgcc.a(fixdfsi.o)
 .comment       0x000000000000003c       0x1f /usr/lib/gcc/arm-none-eabi/12.1.0/thumb/v6-m/nofp/libgcc.a(floatsidf.o)

.debug_frame    0x0000000000000000     0x27f8
 .debug_frame   0x0000000000000000       0x6c build/main.o
 .debug_frame   0x000000000000006c       0x84 build/gpio.o
 .debug_frame   0x00000000000000f0       0x5c build/i2c.o
 .debug_frame   0x000000000000014c       0x68 build/stm32g0xx_it.o
 .debug_frame   0x00000000000001b4       0x28 build/stm32g0xx_hal_msp.o
 .debug_frame   0x00000000000001dc       0x28 build/usb_device.o
 .debug_frame   0x0000000000000204       0xe0 build/usbd_desc.o
 .debug_frame   0x00000000000002e4      0x30c build/usbd_conf.o
 .debug_frame   0x00000000000005f0      0x370 build/stm32g0xx_hal_pcd.o
 .debug_frame   0x0000000000000960       0xac build/stm32g0xx_hal_pcd_ex.o
 .debug_frame   0x0000000000000a0c      0x2c8 build/stm32g0xx_ll_usb.o
 .debug_frame   0x0000000000000cd4      0x16c build/stm32g0xx_hal_rcc.o
 .debug_frame   0x0000000000000e40      0x144 build/stm32g0xx_hal_rcc_ex.o
 .debug_frame   0x0000000000000f84       0xd0 build/stm32g0xx_hal_gpio.o
 .debug_frame   0x0000000000001054      0x258 build/stm32g0xx_hal_pwr_ex.o
 .debug_frame   0x00000000000012ac      0x174 build/stm32g0xx_hal_cortex.o
 .debug_frame   0x0000000000001420      0x274 build/stm32g0xx_hal.o
 .debug_frame   0x0000000000001694      0x860 build/stm32g0xx_hal_i2c.o
 .debug_frame   0x0000000000001ef4       0xb0 build/stm32g0xx_hal_i2c_ex.o
 .debug_frame   0x0000000000001fa4       0x38 build/system_stm32g0xx.o
 .debug_frame   0x0000000000001fdc      0x1dc build/usbd_core.o
 .debug_frame   0x00000000000021b8      0x170 build/usbd_ctlreq.o
 .debug_frame   0x0000000000002328       0xb8 build/usbd_ioreq.o
 .debug_frame   0x00000000000023e0       0xe4 build/nunchuk.o
 .debug_frame   0x00000000000024c4       0x88 build/usbd_cdc_if.o
 .debug_frame   0x000000000000254c      0x15c build/usbd_cdc.o
 .debug_frame   0x00000000000026a8       0x2c /usr/lib/gcc/arm-none-eabi/12.1.0/../../../../arm-none-eabi/lib/thumb/v6-m/nofp/libc_nano.a(lib_a-init.o)
 .debug_frame   0x00000000000026d4       0x2c /usr/lib/gcc/arm-none-eabi/12.1.0/../../../../arm-none-eabi/lib/thumb/v6-m/nofp/libc_nano.a(lib_a-memcmp.o)
 .debug_frame   0x0000000000002700       0x20 /usr/lib/gcc/arm-none-eabi/12.1.0/../../../../arm-none-eabi/lib/thumb/v6-m/nofp/libc_nano.a(lib_a-memset.o)
 .debug_frame   0x0000000000002720       0x20 /usr/lib/gcc/arm-none-eabi/12.1.0/thumb/v6-m/nofp/libgcc.a(_udivsi3.o)
 .debug_frame   0x0000000000002740       0x30 /usr/lib/gcc/arm-none-eabi/12.1.0/thumb/v6-m/nofp/libgcc.a(divdf3.o)
 .debug_frame   0x0000000000002770       0x30 /usr/lib/gcc/arm-none-eabi/12.1.0/thumb/v6-m/nofp/libgcc.a(muldf3.o)
 .debug_frame   0x00000000000027a0       0x2c /usr/lib/gcc/arm-none-eabi/12.1.0/thumb/v6-m/nofp/libgcc.a(fixdfsi.o)
 .debug_frame   0x00000000000027cc       0x2c /usr/lib/gcc/arm-none-eabi/12.1.0/thumb/v6-m/nofp/libgcc.a(floatsidf.o)

.debug_loclists
                0x0000000000000000     0x2247
 .debug_loclists
                0x0000000000000000       0x42 /usr/lib/gcc/arm-none-eabi/12.1.0/../../../../arm-none-eabi/lib/thumb/v6-m/nofp/libc_nano.a(lib_a-init.o)
 .debug_loclists
                0x0000000000000042       0xe3 /usr/lib/gcc/arm-none-eabi/12.1.0/../../../../arm-none-eabi/lib/thumb/v6-m/nofp/libc_nano.a(lib_a-memcmp.o)
 .debug_loclists
                0x0000000000000125       0x6e /usr/lib/gcc/arm-none-eabi/12.1.0/../../../../arm-none-eabi/lib/thumb/v6-m/nofp/libc_nano.a(lib_a-memset.o)
 .debug_loclists
                0x0000000000000193      0xfe5 /usr/lib/gcc/arm-none-eabi/12.1.0/thumb/v6-m/nofp/libgcc.a(divdf3.o)
 .debug_loclists
                0x0000000000001178      0xe13 /usr/lib/gcc/arm-none-eabi/12.1.0/thumb/v6-m/nofp/libgcc.a(muldf3.o)
 .debug_loclists
                0x0000000000001f8b      0x134 /usr/lib/gcc/arm-none-eabi/12.1.0/thumb/v6-m/nofp/libgcc.a(fixdfsi.o)
 .debug_loclists
                0x00000000000020bf      0x188 /usr/lib/gcc/arm-none-eabi/12.1.0/thumb/v6-m/nofp/libgcc.a(floatsidf.o)

.debug_rnglists
                0x0000000000000000      0x26b
 .debug_rnglists
                0x0000000000000000       0x13 /usr/lib/gcc/arm-none-eabi/12.1.0/../../../../arm-none-eabi/lib/thumb/v6-m/nofp/libc_nano.a(lib_a-init.o)
 .debug_rnglists
                0x0000000000000013       0x13 /usr/lib/gcc/arm-none-eabi/12.1.0/../../../../arm-none-eabi/lib/thumb/v6-m/nofp/libc_nano.a(lib_a-memcmp.o)
 .debug_rnglists
                0x0000000000000026       0x13 /usr/lib/gcc/arm-none-eabi/12.1.0/../../../../arm-none-eabi/lib/thumb/v6-m/nofp/libc_nano.a(lib_a-memset.o)
 .debug_rnglists
                0x0000000000000039       0xcd /usr/lib/gcc/arm-none-eabi/12.1.0/thumb/v6-m/nofp/libgcc.a(divdf3.o)
 .debug_rnglists
                0x0000000000000106      0x106 /usr/lib/gcc/arm-none-eabi/12.1.0/thumb/v6-m/nofp/libgcc.a(muldf3.o)
 .debug_rnglists
                0x000000000000020c       0x25 /usr/lib/gcc/arm-none-eabi/12.1.0/thumb/v6-m/nofp/libgcc.a(fixdfsi.o)
 .debug_rnglists
                0x0000000000000231       0x3a /usr/lib/gcc/arm-none-eabi/12.1.0/thumb/v6-m/nofp/libgcc.a(floatsidf.o)

.debug_line_str
                0x0000000000000000       0x46
 .debug_line_str
                0x0000000000000000       0x46 /usr/lib/gcc/arm-none-eabi/12.1.0/thumb/v6-m/nofp/libgcc.a(_udivsi3.o)
                                         0x8c (size before relaxing)
 .debug_line_str
                0x0000000000000046       0x8c /usr/lib/gcc/arm-none-eabi/12.1.0/thumb/v6-m/nofp/libgcc.a(_dvmd_tls.o)
 .debug_line_str
                0x0000000000000046       0x8c /usr/lib/gcc/arm-none-eabi/12.1.0/thumb/v6-m/nofp/libgcc.a(_thumb1_case_uhi.o)
 .debug_line_str
                0x0000000000000046       0x8c /usr/lib/gcc/arm-none-eabi/12.1.0/thumb/v6-m/nofp/libgcc.a(_clzsi2.o)

Cross Reference Table

Symbol                                            File
ADC1_COMP_IRQHandler                              build/startup_stm32g0b1xx.o
AHBPrescTable                                     build/system_stm32g0xx.o
                                                  build/stm32g0xx_hal_rcc.o
APBPrescTable                                     build/system_stm32g0xx.o
                                                  build/stm32g0xx_hal_rcc.o
CDC_Desc                                          build/usbd_desc.o
                                                  build/usb_device.o
CDC_Transmit_FS                                   build/usbd_cdc_if.o
CEC_IRQHandler                                    build/startup_stm32g0b1xx.o
DMA1_Ch4_7_DMA2_Ch1_5_DMAMUX1_OVR_IRQHandler      build/startup_stm32g0b1xx.o
DMA1_Channel1_IRQHandler                          build/startup_stm32g0b1xx.o
DMA1_Channel2_3_IRQHandler                        build/startup_stm32g0b1xx.o
Default_Handler                                   build/startup_stm32g0b1xx.o
EXTI0_1_IRQHandler                                build/startup_stm32g0b1xx.o
EXTI2_3_IRQHandler                                build/startup_stm32g0b1xx.o
EXTI4_15_IRQHandler                               build/startup_stm32g0b1xx.o
Error_Handler                                     build/main.o
                                                  build/usbd_conf.o
                                                  build/usb_device.o
                                                  build/i2c.o
FLASH_FlushCaches                                 build/stm32g0xx_hal_flash_ex.o
FLASH_IRQHandler                                  build/startup_stm32g0b1xx.o
FLASH_PageErase                                   build/stm32g0xx_hal_flash_ex.o
                                                  build/stm32g0xx_hal_flash.o
FLASH_WaitForLastOperation                        build/stm32g0xx_hal_flash.o
                                                  build/stm32g0xx_hal_flash_ex.o
HAL_DBGMCU_DisableDBGStandbyMode                  build/stm32g0xx_hal.o
HAL_DBGMCU_DisableDBGStopMode                     build/stm32g0xx_hal.o
HAL_DBGMCU_EnableDBGStandbyMode                   build/stm32g0xx_hal.o
HAL_DBGMCU_EnableDBGStopMode                      build/stm32g0xx_hal.o
HAL_DMAEx_ConfigMuxRequestGenerator               build/stm32g0xx_hal_dma_ex.o
HAL_DMAEx_ConfigMuxSync                           build/stm32g0xx_hal_dma_ex.o
HAL_DMAEx_DisableMuxRequestGenerator              build/stm32g0xx_hal_dma_ex.o
HAL_DMAEx_EnableMuxRequestGenerator               build/stm32g0xx_hal_dma_ex.o
HAL_DMAEx_MUX_IRQHandler                          build/stm32g0xx_hal_dma_ex.o
HAL_DMA_Abort                                     build/stm32g0xx_hal_dma.o
HAL_DMA_Abort_IT                                  build/stm32g0xx_hal_dma.o
                                                  build/stm32g0xx_hal_i2c.o
HAL_DMA_DeInit                                    build/stm32g0xx_hal_dma.o
HAL_DMA_GetError                                  build/stm32g0xx_hal_dma.o
HAL_DMA_GetState                                  build/stm32g0xx_hal_dma.o
                                                  build/stm32g0xx_hal_i2c.o
HAL_DMA_IRQHandler                                build/stm32g0xx_hal_dma.o
HAL_DMA_Init                                      build/stm32g0xx_hal_dma.o
HAL_DMA_PollForTransfer                           build/stm32g0xx_hal_dma.o
HAL_DMA_RegisterCallback                          build/stm32g0xx_hal_dma.o
HAL_DMA_Start                                     build/stm32g0xx_hal_dma.o
HAL_DMA_Start_IT                                  build/stm32g0xx_hal_dma.o
                                                  build/stm32g0xx_hal_i2c.o
HAL_DMA_UnRegisterCallback                        build/stm32g0xx_hal_dma.o
HAL_DeInit                                        build/stm32g0xx_hal.o
HAL_Delay                                         build/stm32g0xx_hal.o
                                                  build/stm32g0xx_ll_usb.o
                                                  build/stm32g0xx_hal_pcd_ex.o
                                                  build/usbd_conf.o
                                                  build/gpio.o
                                                  build/main.o
HAL_EXTI_ClearConfigLine                          build/stm32g0xx_hal_exti.o
HAL_EXTI_ClearPending                             build/stm32g0xx_hal_exti.o
HAL_EXTI_GenerateSWI                              build/stm32g0xx_hal_exti.o
HAL_EXTI_GetConfigLine                            build/stm32g0xx_hal_exti.o
HAL_EXTI_GetHandle                                build/stm32g0xx_hal_exti.o
HAL_EXTI_GetPending                               build/stm32g0xx_hal_exti.o
HAL_EXTI_IRQHandler                               build/stm32g0xx_hal_exti.o
HAL_EXTI_RegisterCallback                         build/stm32g0xx_hal_exti.o
HAL_EXTI_SetConfigLine                            build/stm32g0xx_hal_exti.o
HAL_FLASHEx_DisableDebugger                       build/stm32g0xx_hal_flash_ex.o
HAL_FLASHEx_EnableDebugger                        build/stm32g0xx_hal_flash_ex.o
HAL_FLASHEx_EnableSecMemProtection                build/stm32g0xx_hal_flash_ex.o
HAL_FLASHEx_Erase                                 build/stm32g0xx_hal_flash_ex.o
HAL_FLASHEx_Erase_IT                              build/stm32g0xx_hal_flash_ex.o
HAL_FLASHEx_FlashEmptyCheck                       build/stm32g0xx_hal_flash_ex.o
HAL_FLASHEx_ForceFlashEmpty                       build/stm32g0xx_hal_flash_ex.o
HAL_FLASHEx_OBGetConfig                           build/stm32g0xx_hal_flash_ex.o
HAL_FLASHEx_OBProgram                             build/stm32g0xx_hal_flash_ex.o
HAL_FLASH_EndOfOperationCallback                  build/stm32g0xx_hal_flash.o
HAL_FLASH_GetError                                build/stm32g0xx_hal_flash.o
HAL_FLASH_IRQHandler                              build/stm32g0xx_hal_flash.o
HAL_FLASH_Lock                                    build/stm32g0xx_hal_flash.o
HAL_FLASH_OB_Launch                               build/stm32g0xx_hal_flash.o
HAL_FLASH_OB_Lock                                 build/stm32g0xx_hal_flash.o
HAL_FLASH_OB_Unlock                               build/stm32g0xx_hal_flash.o
HAL_FLASH_OperationErrorCallback                  build/stm32g0xx_hal_flash.o
HAL_FLASH_Program                                 build/stm32g0xx_hal_flash.o
HAL_FLASH_Program_IT                              build/stm32g0xx_hal_flash.o
HAL_FLASH_Unlock                                  build/stm32g0xx_hal_flash.o
HAL_GPIO_DeInit                                   build/stm32g0xx_hal_gpio.o
                                                  build/i2c.o
HAL_GPIO_EXTI_Falling_Callback                    build/stm32g0xx_hal_gpio.o
HAL_GPIO_EXTI_IRQHandler                          build/stm32g0xx_hal_gpio.o
HAL_GPIO_EXTI_Rising_Callback                     build/stm32g0xx_hal_gpio.o
HAL_GPIO_Init                                     build/stm32g0xx_hal_gpio.o
                                                  build/stm32g0xx_hal_rcc_ex.o
                                                  build/stm32g0xx_hal_rcc.o
                                                  build/i2c.o
                                                  build/gpio.o
HAL_GPIO_LockPin                                  build/stm32g0xx_hal_gpio.o
HAL_GPIO_ReadPin                                  build/stm32g0xx_hal_gpio.o
                                                  build/gpio.o
HAL_GPIO_TogglePin                                build/stm32g0xx_hal_gpio.o
HAL_GPIO_WritePin                                 build/stm32g0xx_hal_gpio.o
                                                  build/gpio.o
HAL_GetDEVID                                      build/stm32g0xx_hal.o
HAL_GetHalVersion                                 build/stm32g0xx_hal.o
HAL_GetREVID                                      build/stm32g0xx_hal.o
HAL_GetTick                                       build/stm32g0xx_hal.o
                                                  build/stm32g0xx_hal_i2c.o
                                                  build/stm32g0xx_hal_dma.o
                                                  build/stm32g0xx_hal_flash.o
                                                  build/stm32g0xx_hal_rcc_ex.o
                                                  build/stm32g0xx_hal_rcc.o
                                                  build/stm32g0xx_hal_pcd_ex.o
HAL_GetTickFreq                                   build/stm32g0xx_hal.o
HAL_GetTickPrio                                   build/stm32g0xx_hal.o
HAL_GetUIDw0                                      build/stm32g0xx_hal.o
HAL_GetUIDw1                                      build/stm32g0xx_hal.o
HAL_GetUIDw2                                      build/stm32g0xx_hal.o
HAL_I2CEx_ConfigAnalogFilter                      build/stm32g0xx_hal_i2c_ex.o
                                                  build/i2c.o
HAL_I2CEx_ConfigDigitalFilter                     build/stm32g0xx_hal_i2c_ex.o
                                                  build/i2c.o
HAL_I2CEx_DisableFastModePlus                     build/stm32g0xx_hal_i2c_ex.o
HAL_I2CEx_DisableWakeUp                           build/stm32g0xx_hal_i2c_ex.o
HAL_I2CEx_EnableFastModePlus                      build/stm32g0xx_hal_i2c_ex.o
HAL_I2CEx_EnableWakeUp                            build/stm32g0xx_hal_i2c_ex.o
HAL_I2C_AbortCpltCallback                         build/stm32g0xx_hal_i2c.o
HAL_I2C_AddrCallback                              build/stm32g0xx_hal_i2c.o
HAL_I2C_DeInit                                    build/stm32g0xx_hal_i2c.o
HAL_I2C_DisableListen_IT                          build/stm32g0xx_hal_i2c.o
HAL_I2C_ER_IRQHandler                             build/stm32g0xx_hal_i2c.o
HAL_I2C_EV_IRQHandler                             build/stm32g0xx_hal_i2c.o
HAL_I2C_EnableListen_IT                           build/stm32g0xx_hal_i2c.o
HAL_I2C_ErrorCallback                             build/stm32g0xx_hal_i2c.o
HAL_I2C_GetError                                  build/stm32g0xx_hal_i2c.o
HAL_I2C_GetMode                                   build/stm32g0xx_hal_i2c.o
HAL_I2C_GetState                                  build/stm32g0xx_hal_i2c.o
HAL_I2C_Init                                      build/stm32g0xx_hal_i2c.o
                                                  build/i2c.o
HAL_I2C_IsDeviceReady                             build/stm32g0xx_hal_i2c.o
HAL_I2C_ListenCpltCallback                        build/stm32g0xx_hal_i2c.o
HAL_I2C_MasterRxCpltCallback                      build/stm32g0xx_hal_i2c.o
HAL_I2C_MasterTxCpltCallback                      build/stm32g0xx_hal_i2c.o
HAL_I2C_Master_Abort_IT                           build/stm32g0xx_hal_i2c.o
HAL_I2C_Master_Receive                            build/stm32g0xx_hal_i2c.o
                                                  build/nunchuk.o
HAL_I2C_Master_Receive_DMA                        build/stm32g0xx_hal_i2c.o
HAL_I2C_Master_Receive_IT                         build/stm32g0xx_hal_i2c.o
HAL_I2C_Master_Seq_Receive_DMA                    build/stm32g0xx_hal_i2c.o
HAL_I2C_Master_Seq_Receive_IT                     build/stm32g0xx_hal_i2c.o
HAL_I2C_Master_Seq_Transmit_DMA                   build/stm32g0xx_hal_i2c.o
HAL_I2C_Master_Seq_Transmit_IT                    build/stm32g0xx_hal_i2c.o
HAL_I2C_Master_Transmit                           build/stm32g0xx_hal_i2c.o
                                                  build/nunchuk.o
HAL_I2C_Master_Transmit_DMA                       build/stm32g0xx_hal_i2c.o
HAL_I2C_Master_Transmit_IT                        build/stm32g0xx_hal_i2c.o
HAL_I2C_MemRxCpltCallback                         build/stm32g0xx_hal_i2c.o
HAL_I2C_MemTxCpltCallback                         build/stm32g0xx_hal_i2c.o
HAL_I2C_Mem_Read                                  build/stm32g0xx_hal_i2c.o
HAL_I2C_Mem_Read_DMA                              build/stm32g0xx_hal_i2c.o
HAL_I2C_Mem_Read_IT                               build/stm32g0xx_hal_i2c.o
HAL_I2C_Mem_Write                                 build/stm32g0xx_hal_i2c.o
HAL_I2C_Mem_Write_DMA                             build/stm32g0xx_hal_i2c.o
HAL_I2C_Mem_Write_IT                              build/stm32g0xx_hal_i2c.o
HAL_I2C_MspDeInit                                 build/i2c.o
HAL_I2C_MspInit                                   build/i2c.o
HAL_I2C_SlaveRxCpltCallback                       build/stm32g0xx_hal_i2c.o
HAL_I2C_SlaveTxCpltCallback                       build/stm32g0xx_hal_i2c.o
HAL_I2C_Slave_Receive                             build/stm32g0xx_hal_i2c.o
HAL_I2C_Slave_Receive_DMA                         build/stm32g0xx_hal_i2c.o
HAL_I2C_Slave_Receive_IT                          build/stm32g0xx_hal_i2c.o
HAL_I2C_Slave_Seq_Receive_DMA                     build/stm32g0xx_hal_i2c.o
HAL_I2C_Slave_Seq_Receive_IT                      build/stm32g0xx_hal_i2c.o
HAL_I2C_Slave_Seq_Transmit_DMA                    build/stm32g0xx_hal_i2c.o
HAL_I2C_Slave_Seq_Transmit_IT                     build/stm32g0xx_hal_i2c.o
HAL_I2C_Slave_Transmit                            build/stm32g0xx_hal_i2c.o
HAL_I2C_Slave_Transmit_DMA                        build/stm32g0xx_hal_i2c.o
HAL_I2C_Slave_Transmit_IT                         build/stm32g0xx_hal_i2c.o
HAL_IncTick                                       build/stm32g0xx_hal.o
                                                  build/stm32g0xx_it.o
HAL_Init                                          build/stm32g0xx_hal.o
                                                  build/main.o
HAL_InitTick                                      build/stm32g0xx_hal.o
                                                  build/stm32g0xx_hal_rcc.o
HAL_MPU_ConfigRegion                              build/stm32g0xx_hal_cortex.o
HAL_MPU_Disable                                   build/stm32g0xx_hal_cortex.o
HAL_MPU_Enable                                    build/stm32g0xx_hal_cortex.o
HAL_MspDeInit                                     build/stm32g0xx_hal.o
HAL_MspInit                                       build/stm32g0xx_hal_msp.o
HAL_NVIC_ClearPendingIRQ                          build/stm32g0xx_hal_cortex.o
HAL_NVIC_DisableIRQ                               build/stm32g0xx_hal_cortex.o
HAL_NVIC_EnableIRQ                                build/stm32g0xx_hal_cortex.o
HAL_NVIC_GetPendingIRQ                            build/stm32g0xx_hal_cortex.o
HAL_NVIC_GetPriority                              build/stm32g0xx_hal_cortex.o
HAL_NVIC_SetPendingIRQ                            build/stm32g0xx_hal_cortex.o
HAL_NVIC_SetPriority                              build/stm32g0xx_hal_cortex.o
                                                  build/stm32g0xx_hal.o
HAL_NVIC_SystemReset                              build/stm32g0xx_hal_cortex.o
HAL_PCDEx_ActivateBCD                             build/stm32g0xx_hal_pcd_ex.o
HAL_PCDEx_ActivateLPM                             build/stm32g0xx_hal_pcd_ex.o
                                                  build/stm32g0xx_hal_pcd.o
HAL_PCDEx_BCD_Callback                            build/stm32g0xx_hal_pcd_ex.o
HAL_PCDEx_BCD_VBUSDetect                          build/stm32g0xx_hal_pcd_ex.o
HAL_PCDEx_DeActivateBCD                           build/stm32g0xx_hal_pcd_ex.o
HAL_PCDEx_DeActivateLPM                           build/stm32g0xx_hal_pcd_ex.o
HAL_PCDEx_LPM_Callback                            build/usbd_conf.o
                                                  build/stm32g0xx_hal_pcd.o
HAL_PCDEx_PMAConfig                               build/stm32g0xx_hal_pcd_ex.o
                                                  build/usbd_conf.o
HAL_PCD_ActivateRemoteWakeup                      build/stm32g0xx_hal_pcd.o
HAL_PCD_ConnectCallback                           build/usbd_conf.o
HAL_PCD_DataInStageCallback                       build/usbd_conf.o
HAL_PCD_DataOutStageCallback                      build/usbd_conf.o
HAL_PCD_DeActivateRemoteWakeup                    build/stm32g0xx_hal_pcd.o
HAL_PCD_DeInit                                    build/stm32g0xx_hal_pcd.o
                                                  build/usbd_conf.o
HAL_PCD_DevConnect                                build/stm32g0xx_hal_pcd.o
HAL_PCD_DevDisconnect                             build/stm32g0xx_hal_pcd.o
HAL_PCD_DisconnectCallback                        build/usbd_conf.o
HAL_PCD_EP_Close                                  build/stm32g0xx_hal_pcd.o
                                                  build/usbd_conf.o
HAL_PCD_EP_ClrStall                               build/stm32g0xx_hal_pcd.o
                                                  build/usbd_conf.o
HAL_PCD_EP_Flush                                  build/stm32g0xx_hal_pcd.o
                                                  build/usbd_conf.o
HAL_PCD_EP_GetRxCount                             build/stm32g0xx_hal_pcd.o
                                                  build/usbd_conf.o
HAL_PCD_EP_Open                                   build/stm32g0xx_hal_pcd.o
                                                  build/usbd_conf.o
HAL_PCD_EP_Receive                                build/stm32g0xx_hal_pcd.o
                                                  build/usbd_conf.o
HAL_PCD_EP_SetStall                               build/stm32g0xx_hal_pcd.o
                                                  build/usbd_conf.o
HAL_PCD_EP_Transmit                               build/stm32g0xx_hal_pcd.o
                                                  build/usbd_conf.o
HAL_PCD_GetState                                  build/stm32g0xx_hal_pcd.o
HAL_PCD_IRQHandler                                build/stm32g0xx_hal_pcd.o
HAL_PCD_ISOINIncompleteCallback                   build/usbd_conf.o
HAL_PCD_ISOOUTIncompleteCallback                  build/usbd_conf.o
HAL_PCD_Init                                      build/stm32g0xx_hal_pcd.o
                                                  build/usbd_conf.o
HAL_PCD_MspDeInit                                 build/usbd_conf.o
HAL_PCD_MspInit                                   build/usbd_conf.o
HAL_PCD_ResetCallback                             build/usbd_conf.o
HAL_PCD_ResumeCallback                            build/usbd_conf.o
HAL_PCD_SOFCallback                               build/usbd_conf.o
HAL_PCD_SetAddress                                build/stm32g0xx_hal_pcd.o
                                                  build/usbd_conf.o
HAL_PCD_SetupStageCallback                        build/usbd_conf.o
HAL_PCD_Start                                     build/stm32g0xx_hal_pcd.o
                                                  build/usbd_conf.o
HAL_PCD_Stop                                      build/stm32g0xx_hal_pcd.o
                                                  build/usbd_conf.o
HAL_PCD_SuspendCallback                           build/usbd_conf.o
HAL_PWREx_ConfigPVD                               build/stm32g0xx_hal_pwr_ex.o
HAL_PWREx_ConfigPVM                               build/stm32g0xx_hal_pwr_ex.o
HAL_PWREx_ControlVoltageScaling                   build/stm32g0xx_hal_pwr_ex.o
                                                  build/main.o
HAL_PWREx_DisableBatteryCharging                  build/stm32g0xx_hal_pwr_ex.o
HAL_PWREx_DisableFlashPowerDown                   build/stm32g0xx_hal_pwr_ex.o
HAL_PWREx_DisableGPIOPullDown                     build/stm32g0xx_hal_pwr_ex.o
HAL_PWREx_DisableGPIOPullUp                       build/stm32g0xx_hal_pwr_ex.o
HAL_PWREx_DisableInternalWakeUpLine               build/stm32g0xx_hal_pwr_ex.o
HAL_PWREx_DisableLowPowerRunMode                  build/stm32g0xx_hal_pwr_ex.o
                                                  build/stm32g0xx_hal_pwr.o
HAL_PWREx_DisablePORMonitorSampling               build/stm32g0xx_hal_pwr_ex.o
HAL_PWREx_DisablePVD                              build/stm32g0xx_hal_pwr_ex.o
HAL_PWREx_DisablePVMUSB                           build/stm32g0xx_hal_pwr_ex.o
HAL_PWREx_DisablePullUpPullDownConfig             build/stm32g0xx_hal_pwr_ex.o
HAL_PWREx_DisableSRAMRetention                    build/stm32g0xx_hal_pwr_ex.o
HAL_PWREx_DisableVddIO2                           build/stm32g0xx_hal_pwr_ex.o
HAL_PWREx_DisableVddUSB                           build/stm32g0xx_hal_pwr_ex.o
HAL_PWREx_EnableBatteryCharging                   build/stm32g0xx_hal_pwr_ex.o
HAL_PWREx_EnableFlashPowerDown                    build/stm32g0xx_hal_pwr_ex.o
HAL_PWREx_EnableGPIOPullDown                      build/stm32g0xx_hal_pwr_ex.o
HAL_PWREx_EnableGPIOPullUp                        build/stm32g0xx_hal_pwr_ex.o
HAL_PWREx_EnableInternalWakeUpLine                build/stm32g0xx_hal_pwr_ex.o
HAL_PWREx_EnableLowPowerRunMode                   build/stm32g0xx_hal_pwr_ex.o
                                                  build/stm32g0xx_hal_pwr.o
HAL_PWREx_EnablePORMonitorSampling                build/stm32g0xx_hal_pwr_ex.o
HAL_PWREx_EnablePVD                               build/stm32g0xx_hal_pwr_ex.o
HAL_PWREx_EnablePVMUSB                            build/stm32g0xx_hal_pwr_ex.o
HAL_PWREx_EnablePullUpPullDownConfig              build/stm32g0xx_hal_pwr_ex.o
HAL_PWREx_EnableSRAMRetention                     build/stm32g0xx_hal_pwr_ex.o
HAL_PWREx_EnableVddIO2                            build/stm32g0xx_hal_pwr_ex.o
HAL_PWREx_EnableVddUSB                            build/stm32g0xx_hal_pwr_ex.o
                                                  build/usbd_conf.o
HAL_PWREx_EnterSHUTDOWNMode                       build/stm32g0xx_hal_pwr_ex.o
HAL_PWREx_GetVoltageRange                         build/stm32g0xx_hal_pwr_ex.o
HAL_PWREx_PVD_PVM_Falling_Callback                build/stm32g0xx_hal_pwr_ex.o