Archive member included to satisfy reference by file (symbol)

/usr/lib/gcc/arm-none-eabi/12.1.0/../../../../arm-none-eabi/lib/thumb/v6-m/nofp/libc_nano.a(lib_a-atexit.o)
                              /usr/lib/gcc/arm-none-eabi/12.1.0/../../../../arm-none-eabi/lib/thumb/v6-m/nofp/crt0.o (atexit)
/usr/lib/gcc/arm-none-eabi/12.1.0/../../../../arm-none-eabi/lib/thumb/v6-m/nofp/libc_nano.a(lib_a-exit.o)
                              /usr/lib/gcc/arm-none-eabi/12.1.0/../../../../arm-none-eabi/lib/thumb/v6-m/nofp/crt0.o (exit)
/usr/lib/gcc/arm-none-eabi/12.1.0/../../../../arm-none-eabi/lib/thumb/v6-m/nofp/libc_nano.a(lib_a-fini.o)
                              /usr/lib/gcc/arm-none-eabi/12.1.0/../../../../arm-none-eabi/lib/thumb/v6-m/nofp/crt0.o (__libc_fini_array)
/usr/lib/gcc/arm-none-eabi/12.1.0/../../../../arm-none-eabi/lib/thumb/v6-m/nofp/libc_nano.a(lib_a-impure.o)
                              /usr/lib/gcc/arm-none-eabi/12.1.0/../../../../arm-none-eabi/lib/thumb/v6-m/nofp/libc_nano.a(lib_a-exit.o) (_global_impure_ptr)
/usr/lib/gcc/arm-none-eabi/12.1.0/../../../../arm-none-eabi/lib/thumb/v6-m/nofp/libc_nano.a(lib_a-init.o)
                              /usr/lib/gcc/arm-none-eabi/12.1.0/../../../../arm-none-eabi/lib/thumb/v6-m/nofp/crt0.o (__libc_init_array)
/usr/lib/gcc/arm-none-eabi/12.1.0/../../../../arm-none-eabi/lib/thumb/v6-m/nofp/libc_nano.a(lib_a-memcmp.o)
                              build/nunchuk.o (memcmp)
/usr/lib/gcc/arm-none-eabi/12.1.0/../../../../arm-none-eabi/lib/thumb/v6-m/nofp/libc_nano.a(lib_a-memset.o)
                              /usr/lib/gcc/arm-none-eabi/12.1.0/../../../../arm-none-eabi/lib/thumb/v6-m/nofp/crt0.o (memset)
/usr/lib/gcc/arm-none-eabi/12.1.0/../../../../arm-none-eabi/lib/thumb/v6-m/nofp/libc_nano.a(lib_a-__atexit.o)
                              /usr/lib/gcc/arm-none-eabi/12.1.0/../../../../arm-none-eabi/lib/thumb/v6-m/nofp/libc_nano.a(lib_a-atexit.o) (__register_exitproc)
/usr/lib/gcc/arm-none-eabi/12.1.0/../../../../arm-none-eabi/lib/thumb/v6-m/nofp/libc_nano.a(lib_a-__call_atexit.o)
                              /usr/lib/gcc/arm-none-eabi/12.1.0/../../../../arm-none-eabi/lib/thumb/v6-m/nofp/libc_nano.a(lib_a-__atexit.o) (__call_exitprocs)
/usr/lib/gcc/arm-none-eabi/12.1.0/../../../../arm-none-eabi/lib/thumb/v6-m/nofp/libc_nano.a(lib_a-lock.o)
                              /usr/lib/gcc/arm-none-eabi/12.1.0/../../../../arm-none-eabi/lib/thumb/v6-m/nofp/libc_nano.a(lib_a-__atexit.o) (__retarget_lock_acquire_recursive)
/usr/lib/gcc/arm-none-eabi/12.1.0/../../../../arm-none-eabi/lib/thumb/v6-m/nofp/libnosys.a(_exit.o)
                              /usr/lib/gcc/arm-none-eabi/12.1.0/../../../../arm-none-eabi/lib/thumb/v6-m/nofp/libc_nano.a(lib_a-exit.o) (_exit)
/usr/lib/gcc/arm-none-eabi/12.1.0/thumb/v6-m/nofp/libgcc.a(_udivsi3.o)
                              build/stm32g0xx_hal_rcc.o (__aeabi_uidiv)
/usr/lib/gcc/arm-none-eabi/12.1.0/thumb/v6-m/nofp/libgcc.a(_dvmd_tls.o)
                              /usr/lib/gcc/arm-none-eabi/12.1.0/thumb/v6-m/nofp/libgcc.a(_udivsi3.o) (__aeabi_idiv0)
/usr/lib/gcc/arm-none-eabi/12.1.0/thumb/v6-m/nofp/libgcc.a(divdf3.o)
                              build/main.o (__aeabi_ddiv)
/usr/lib/gcc/arm-none-eabi/12.1.0/thumb/v6-m/nofp/libgcc.a(muldf3.o)
                              build/main.o (__aeabi_dmul)
/usr/lib/gcc/arm-none-eabi/12.1.0/thumb/v6-m/nofp/libgcc.a(fixdfsi.o)
                              build/main.o (__aeabi_d2iz)
/usr/lib/gcc/arm-none-eabi/12.1.0/thumb/v6-m/nofp/libgcc.a(floatsidf.o)
                              build/main.o (__aeabi_i2d)
/usr/lib/gcc/arm-none-eabi/12.1.0/thumb/v6-m/nofp/libgcc.a(_thumb1_case_uhi.o)
                              /usr/lib/gcc/arm-none-eabi/12.1.0/thumb/v6-m/nofp/libgcc.a(divdf3.o) (__gnu_thumb1_case_uhi)
/usr/lib/gcc/arm-none-eabi/12.1.0/thumb/v6-m/nofp/libgcc.a(_clzsi2.o)
                              /usr/lib/gcc/arm-none-eabi/12.1.0/thumb/v6-m/nofp/libgcc.a(divdf3.o) (__clzsi2)

Discarded input sections

 .text          0x0000000000000000        0x0 /usr/lib/gcc/arm-none-eabi/12.1.0/thumb/v6-m/nofp/crti.o
 .data          0x0000000000000000        0x0 /usr/lib/gcc/arm-none-eabi/12.1.0/thumb/v6-m/nofp/crti.o
 .bss           0x0000000000000000        0x0 /usr/lib/gcc/arm-none-eabi/12.1.0/thumb/v6-m/nofp/crti.o
 .text          0x0000000000000000        0x0 /usr/lib/gcc/arm-none-eabi/12.1.0/thumb/v6-m/nofp/crtbegin.o
 .data          0x0000000000000000        0x0 /usr/lib/gcc/arm-none-eabi/12.1.0/thumb/v6-m/nofp/crtbegin.o
 .bss           0x0000000000000000        0x0 /usr/lib/gcc/arm-none-eabi/12.1.0/thumb/v6-m/nofp/crtbegin.o
 .rodata.all_implied_fbits
                0x0000000000000000       0x24 /usr/lib/gcc/arm-none-eabi/12.1.0/thumb/v6-m/nofp/crtbegin.o
 .data.__dso_handle
                0x0000000000000000        0x4 /usr/lib/gcc/arm-none-eabi/12.1.0/thumb/v6-m/nofp/crtbegin.o
[...]
Memory Configuration

Name             Origin             Length             Attributes
RAM              0x0000000020000000 0x0000000000024000 xrw
FLASH            0x0000000008000000 0x0000000000080000 xr
*default*        0x0000000000000000 0xffffffffffffffff

Linker script and memory map

LOAD /usr/lib/gcc/arm-none-eabi/12.1.0/thumb/v6-m/nofp/crti.o
LOAD /usr/lib/gcc/arm-none-eabi/12.1.0/thumb/v6-m/nofp/crtbegin.o
LOAD /usr/lib/gcc/arm-none-eabi/12.1.0/../../../../arm-none-eabi/lib/thumb/v6-m/nofp/crt0.o
LOAD build/main.o
LOAD build/gpio.o
LOAD build/i2c.o
LOAD build/stm32g0xx_it.o
LOAD build/stm32g0xx_hal_msp.o
LOAD build/usb_device.o
LOAD build/usbd_desc.o
LOAD build/usbd_conf.o
LOAD build/stm32g0xx_hal_pcd.o
LOAD build/stm32g0xx_hal_pcd_ex.o
LOAD build/stm32g0xx_ll_usb.o
LOAD build/stm32g0xx_hal_rcc.o
LOAD build/stm32g0xx_hal_rcc_ex.o
LOAD build/stm32g0xx_ll_rcc.o
LOAD build/stm32g0xx_hal_flash.o
LOAD build/stm32g0xx_hal_flash_ex.o
LOAD build/stm32g0xx_hal_gpio.o
LOAD build/stm32g0xx_hal_dma.o
LOAD build/stm32g0xx_hal_dma_ex.o
LOAD build/stm32g0xx_ll_dma.o
LOAD build/stm32g0xx_hal_pwr.o
LOAD build/stm32g0xx_hal_pwr_ex.o
LOAD build/stm32g0xx_hal_cortex.o
LOAD build/stm32g0xx_hal.o
LOAD build/stm32g0xx_hal_exti.o
LOAD build/stm32g0xx_hal_i2c.o
LOAD build/stm32g0xx_hal_i2c_ex.o
LOAD build/stm32g0xx_hal_tim.o
LOAD build/stm32g0xx_hal_tim_ex.o
LOAD build/system_stm32g0xx.o
LOAD build/usbd_core.o
LOAD build/usbd_ctlreq.o
LOAD build/usbd_ioreq.o
LOAD build/nunchuk.o
LOAD build/usbd_hid.o
LOAD build/startup_stm32g0b1xx.o
LOAD /usr/lib/gcc/arm-none-eabi/12.1.0/../../../../arm-none-eabi/lib/thumb/v6-m/nofp/libc_nano.a
LOAD /usr/lib/gcc/arm-none-eabi/12.1.0/../../../../arm-none-eabi/lib/thumb/v6-m/nofp/libm.a
LOAD /usr/lib/gcc/arm-none-eabi/12.1.0/../../../../arm-none-eabi/lib/thumb/v6-m/nofp/libnosys.a
START GROUP
LOAD /usr/lib/gcc/arm-none-eabi/12.1.0/thumb/v6-m/nofp/libgcc.a
LOAD /usr/lib/gcc/arm-none-eabi/12.1.0/../../../../arm-none-eabi/lib/thumb/v6-m/nofp/libc_nano.a
END GROUP
START GROUP
LOAD /usr/lib/gcc/arm-none-eabi/12.1.0/thumb/v6-m/nofp/libgcc.a
LOAD /usr/lib/gcc/arm-none-eabi/12.1.0/../../../../arm-none-eabi/lib/thumb/v6-m/nofp/libc_nano.a
END GROUP
LOAD /usr/lib/gcc/arm-none-eabi/12.1.0/thumb/v6-m/nofp/crtend.o
LOAD /usr/lib/gcc/arm-none-eabi/12.1.0/thumb/v6-m/nofp/crtn.o
                0x0000000020024000                _estack = 0x20024000
                0x0000000000004000                _Min_Heap_Size = 0x4000
                0x0000000000002000                _Min_Stack_Size = 0x2000

.isr_vector     0x0000000008000000       0xbc
                0x0000000008000000                . = ALIGN (0x4)
 *(.isr_vector)
 .isr_vector    0x0000000008000000       0xbc build/startup_stm32g0b1xx.o
                0x0000000008000000                g_pfnVectors
                0x00000000080000bc                . = ALIGN (0x4)

.text           0x00000000080000bc     0x5cf0
                0x00000000080000bc                . = ALIGN (0x4)
 *(.text)
 .text          0x00000000080000bc       0x8c /usr/lib/gcc/arm-none-eabi/12.1.0/thumb/v6-m/nofp/libgcc.a(_udivsi3.o)
                0x00000000080000bc                __udivsi3
                0x00000000080000bc                __aeabi_uidiv
                0x0000000008000134                __aeabi_uidivmod
 .text          0x0000000008000148        0x4 /usr/lib/gcc/arm-none-eabi/12.1.0/thumb/v6-m/nofp/libgcc.a(_dvmd_tls.o)
                0x0000000008000148                __aeabi_ldiv0
                0x0000000008000148                __aeabi_idiv0
 .text          0x000000000800014c       0x14 /usr/lib/gcc/arm-none-eabi/12.1.0/thumb/v6-m/nofp/libgcc.a(_thumb1_case_uhi.o)
                0x000000000800014c                __gnu_thumb1_case_uhi
 .text          0x0000000008000160       0x3c /usr/lib/gcc/arm-none-eabi/12.1.0/thumb/v6-m/nofp/libgcc.a(_clzsi2.o)
                0x0000000008000160                __clzsi2
 *(.text*)
 .text.__do_global_dtors_aux
                0x000000000800019c       0x28 /usr/lib/gcc/arm-none-eabi/12.1.0/thumb/v6-m/nofp/crtbegin.o
 .text.frame_dummy
                0x00000000080001c4       0x20 /usr/lib/gcc/arm-none-eabi/12.1.0/thumb/v6-m/nofp/crtbegin.o
 .text.__NVIC_SystemReset
                0x00000000080001e4       0x1c build/main.o
 .text.clear_hid_report
                0x0000000008000200       0x18 build/main.o
                0x0000000008000200                clear_hid_report
 .text.disconnect_nunchuk
                0x0000000008000218       0x2c build/main.o
                0x0000000008000218                disconnect_nunchuk
 .text.indicate_nunchuk_type
                0x0000000008000244       0x34 build/main.o
                0x0000000008000244                indicate_nunchuk_type
 .text.Error_Handler
                0x0000000008000278        0x4 build/main.o
                0x0000000008000278                Error_Handler
 .text.SystemClock_Config
                0x000000000800027c       0xac build/main.o
                0x000000000800027c                SystemClock_Config
 .text.main     0x0000000008000328      0x1ec build/main.o
                0x0000000008000328                main
 .text.MX_GPIO_Init
                0x0000000008000514      0x10c build/gpio.o
                0x0000000008000514                MX_GPIO_Init
 .text.write_led
                0x0000000008000620       0x18 build/gpio.o
                0x0000000008000620                write_led
 .text.request_blink
                0x0000000008000638       0x18 build/gpio.o
                0x0000000008000638                request_blink
 .text.blink_led
                0x0000000008000650       0x5c build/gpio.o
                0x0000000008000650                blink_led
 .text.handle_blink_requests
                0x00000000080006ac       0x28 build/gpio.o
                0x00000000080006ac                handle_blink_requests
 .text.read_pres_pin
                0x00000000080006d4        0xe build/gpio.o
                0x00000000080006d4                read_pres_pin
 *fill*         0x00000000080006e2        0x2 
 .text.MX_I2C2_Init
                0x00000000080006e4       0x60 build/i2c.o
                0x00000000080006e4                MX_I2C2_Init
 .text.HAL_I2C_MspInit
                0x0000000008000744       0x60 build/i2c.o
                0x0000000008000744                HAL_I2C_MspInit
 .text.NMI_Handler
                0x00000000080007a4        0x2 build/stm32g0xx_it.o
                0x00000000080007a4                NMI_Handler
 .text.HardFault_Handler
                0x00000000080007a6        0x2 build/stm32g0xx_it.o
                0x00000000080007a6                HardFault_Handler
 .text.SVC_Handler
                0x00000000080007a8        0x2 build/stm32g0xx_it.o
                0x00000000080007a8                SVC_Handler
 .text.PendSV_Handler
                0x00000000080007aa        0x2 build/stm32g0xx_it.o
                0x00000000080007aa                PendSV_Handler
 .text.SysTick_Handler
                0x00000000080007ac        0x8 build/stm32g0xx_it.o
                0x00000000080007ac                SysTick_Handler
 .text.USB_UCPD1_2_IRQHandler
                0x00000000080007b4       0x10 build/stm32g0xx_it.o
                0x00000000080007b4                USB_UCPD1_2_IRQHandler
 .text.HAL_MspInit
                0x00000000080007c4       0x38 build/stm32g0xx_hal_msp.o
                0x00000000080007c4                HAL_MspInit
 .text.MX_USB_Device_Init
                0x00000000080007fc       0x48 build/usb_device.o
                0x00000000080007fc                MX_USB_Device_Init
 .text.USBD_HID_DeviceDescriptor
                0x0000000008000844        0xc build/usbd_desc.o
                0x0000000008000844                USBD_HID_DeviceDescriptor
 .text.USBD_HID_LangIDStrDescriptor
                0x0000000008000850        0xc build/usbd_desc.o
                0x0000000008000850                USBD_HID_LangIDStrDescriptor
 .text.IntToUnicode
                0x000000000800085c       0x30 build/usbd_desc.o
 .text.Get_SerialNum
                0x000000000800088c       0x40 build/usbd_desc.o
 .text.USBD_HID_SerialStrDescriptor
                0x00000000080008cc       0x14 build/usbd_desc.o
                0x00000000080008cc                USBD_HID_SerialStrDescriptor
 .text.USBD_HID_ProductStrDescriptor
                0x00000000080008e0       0x28 build/usbd_desc.o
                0x00000000080008e0                USBD_HID_ProductStrDescriptor
 .text.USBD_HID_ManufacturerStrDescriptor
                0x0000000008000908       0x1c build/usbd_desc.o
                0x0000000008000908                USBD_HID_ManufacturerStrDescriptor
 .text.USBD_HID_ConfigStrDescriptor
                0x0000000008000924       0x28 build/usbd_desc.o
                0x0000000008000924                USBD_HID_ConfigStrDescriptor
 .text.USBD_HID_InterfaceStrDescriptor
                0x000000000800094c       0x28 build/usbd_desc.o
                0x000000000800094c                USBD_HID_InterfaceStrDescriptor
 .text.USBD_Get_USB_Status
                0x0000000008000974       0x16 build/usbd_conf.o
 .text.SystemClockConfig_Resume
                0x000000000800098a        0x8 build/usbd_conf.o
 *fill*         0x0000000008000992        0x2 
 .text.HAL_PCD_MspInit
                0x0000000008000994       0x70 build/usbd_conf.o
                0x0000000008000994                HAL_PCD_MspInit
 .text.HAL_PCD_SetupStageCallback
                0x0000000008000a04       0x16 build/usbd_conf.o
                0x0000000008000a04                HAL_PCD_SetupStageCallback
 .text.HAL_PCD_DataOutStageCallback
                0x0000000008000a1a       0x1e build/usbd_conf.o
                0x0000000008000a1a                HAL_PCD_DataOutStageCallback
 .text.HAL_PCD_DataInStageCallback
                0x0000000008000a38       0x1a build/usbd_conf.o
                0x0000000008000a38                HAL_PCD_DataInStageCallback
 .text.HAL_PCD_SOFCallback
                0x0000000008000a52        0xe build/usbd_conf.o
                0x0000000008000a52                HAL_PCD_SOFCallback
 .text.HAL_PCD_ResetCallback
                0x0000000008000a60       0x24 build/usbd_conf.o
                0x0000000008000a60                HAL_PCD_ResetCallback
 .text.HAL_PCD_SuspendCallback
                0x0000000008000a84       0x24 build/usbd_conf.o
                0x0000000008000a84                HAL_PCD_SuspendCallback
 .text.HAL_PCD_ResumeCallback
                0x0000000008000aa8       0x2c build/usbd_conf.o
                0x0000000008000aa8                HAL_PCD_ResumeCallback
 .text.USBD_LL_Init
                0x0000000008000ad4       0x74 build/usbd_conf.o
                0x0000000008000ad4                USBD_LL_Init
 .text.USBD_LL_Start
                0x0000000008000b48       0x12 build/usbd_conf.o
                0x0000000008000b48                USBD_LL_Start
 .text.USBD_LL_OpenEP
                0x0000000008000b5a       0x18 build/usbd_conf.o
                0x0000000008000b5a                USBD_LL_OpenEP
 .text.USBD_LL_CloseEP
                0x0000000008000b72       0x12 build/usbd_conf.o
                0x0000000008000b72                USBD_LL_CloseEP
 .text.USBD_LL_StallEP
                0x0000000008000b84       0x12 build/usbd_conf.o
                0x0000000008000b84                USBD_LL_StallEP
 .text.USBD_LL_ClearStallEP
                0x0000000008000b96       0x12 build/usbd_conf.o
                0x0000000008000b96                USBD_LL_ClearStallEP
 .text.USBD_LL_IsStallEP
                0x0000000008000ba8       0x32 build/usbd_conf.o
                0x0000000008000ba8                USBD_LL_IsStallEP
 .text.USBD_LL_SetUSBAddress
                0x0000000008000bda       0x12 build/usbd_conf.o
                0x0000000008000bda                USBD_LL_SetUSBAddress
 .text.USBD_LL_Transmit
                0x0000000008000bec       0x12 build/usbd_conf.o
                0x0000000008000bec                USBD_LL_Transmit
 .text.USBD_LL_PrepareReceive
                0x0000000008000bfe       0x12 build/usbd_conf.o
                0x0000000008000bfe                USBD_LL_PrepareReceive
 .text.HAL_PCDEx_LPM_Callback
                0x0000000008000c10       0x50 build/usbd_conf.o
                0x0000000008000c10                HAL_PCDEx_LPM_Callback
 .text.USBD_static_malloc
                0x0000000008000c60        0x8 build/usbd_conf.o
                0x0000000008000c60                USBD_static_malloc
 .text.USBD_static_free
                0x0000000008000c68        0x2 build/usbd_conf.o
                0x0000000008000c68                USBD_static_free
 *fill*         0x0000000008000c6a        0x2 
 .text.PCD_GET_EP_RX_CNT
                0x0000000008000c6c       0x2c build/stm32g0xx_hal_pcd.o
 .text.PCD_GET_EP_DBUF0_CNT
                0x0000000008000c98       0x2c build/stm32g0xx_hal_pcd.o
 .text.PCD_GET_EP_DBUF1_CNT
                0x0000000008000cc4       0x2c build/stm32g0xx_hal_pcd.o
 .text.HAL_PCD_EP_DB_Receive
                0x0000000008000cf0       0xe8 build/stm32g0xx_hal_pcd.o
 .text.HAL_PCD_Init
                0x0000000008000dd8       0xec build/stm32g0xx_hal_pcd.o
                0x0000000008000dd8                HAL_PCD_Init
 .text.HAL_PCD_Start
                0x0000000008000ec4       0x2e build/stm32g0xx_hal_pcd.o
                0x0000000008000ec4                HAL_PCD_Start
 *fill*         0x0000000008000ef2        0x2 
 .text.HAL_PCD_EP_DB_Transmit
                0x0000000008000ef4      0x448 build/stm32g0xx_hal_pcd.o
 .text.PCD_EP_ISR_Handler
                0x000000000800133c      0x500 build/stm32g0xx_hal_pcd.o
 .text.HAL_PCD_SetAddress
                0x000000000800183c       0x2c build/stm32g0xx_hal_pcd.o
                0x000000000800183c                HAL_PCD_SetAddress
 .text.HAL_PCD_IRQHandler
                0x0000000008001868      0x170 build/stm32g0xx_hal_pcd.o
                0x0000000008001868                HAL_PCD_IRQHandler
 .text.HAL_PCD_EP_Open
                0x00000000080019d8       0x8a build/stm32g0xx_hal_pcd.o
                0x00000000080019d8                HAL_PCD_EP_Open
 .text.HAL_PCD_EP_Close
                0x0000000008001a62       0x74 build/stm32g0xx_hal_pcd.o
                0x0000000008001a62                HAL_PCD_EP_Close
 .text.HAL_PCD_EP_Receive
                0x0000000008001ad6       0x58 build/stm32g0xx_hal_pcd.o
                0x0000000008001ad6                HAL_PCD_EP_Receive
 .text.HAL_PCD_EP_Transmit
                0x0000000008001b2e       0x4e build/stm32g0xx_hal_pcd.o
                0x0000000008001b2e                HAL_PCD_EP_Transmit
 .text.HAL_PCD_EP_SetStall
                0x0000000008001b7c       0x7a build/stm32g0xx_hal_pcd.o
                0x0000000008001b7c                HAL_PCD_EP_SetStall
 .text.HAL_PCD_EP_ClrStall
                0x0000000008001bf6       0x86 build/stm32g0xx_hal_pcd.o
                0x0000000008001bf6                HAL_PCD_EP_ClrStall
 .text.HAL_PCDEx_PMAConfig
                0x0000000008001c7c       0x3e build/stm32g0xx_hal_pcd_ex.o
                0x0000000008001c7c                HAL_PCDEx_PMAConfig
 .text.HAL_PCDEx_ActivateLPM
                0x0000000008001cba       0x24 build/stm32g0xx_hal_pcd_ex.o
                0x0000000008001cba                HAL_PCDEx_ActivateLPM
 *fill*         0x0000000008001cde        0x2 
 .text.USB_EnableGlobalInt
                0x0000000008001ce0       0x10 build/stm32g0xx_ll_usb.o
                0x0000000008001ce0                USB_EnableGlobalInt
 .text.USB_DisableGlobalInt
                0x0000000008001cf0       0x10 build/stm32g0xx_ll_usb.o
                0x0000000008001cf0                USB_DisableGlobalInt
 .text.USB_SetCurrentMode
                0x0000000008001d00       0x1c build/stm32g0xx_ll_usb.o
                0x0000000008001d00                USB_SetCurrentMode
 .text.USB_DevInit
                0x0000000008001d1c       0x2a build/stm32g0xx_ll_usb.o
                0x0000000008001d1c                USB_DevInit
 *fill*         0x0000000008001d46        0x2 
 .text.USB_ActivateEndpoint
                0x0000000008001d48      0x31c build/stm32g0xx_ll_usb.o
                0x0000000008001d48                USB_ActivateEndpoint
 .text.USB_DeactivateEndpoint
                0x0000000008002064      0x154 build/stm32g0xx_ll_usb.o
                0x0000000008002064                USB_DeactivateEndpoint
 .text.USB_EPSetStall
                0x00000000080021b8       0x48 build/stm32g0xx_ll_usb.o
                0x00000000080021b8                USB_EPSetStall
 .text.USB_EPClearStall
                0x0000000008002200       0x90 build/stm32g0xx_ll_usb.o
                0x0000000008002200                USB_EPClearStall
 .text.USB_SetDevAddress
                0x0000000008002290        0xc build/stm32g0xx_ll_usb.o
                0x0000000008002290                USB_SetDevAddress
 .text.USB_DevConnect
                0x000000000800229c        0xe build/stm32g0xx_ll_usb.o
                0x000000000800229c                USB_DevConnect
 .text.USB_ReadInterrupts
                0x00000000080022aa        0x4 build/stm32g0xx_ll_usb.o
                0x00000000080022aa                USB_ReadInterrupts
 *fill*         0x00000000080022ae        0x2 
 .text.USB_WritePMA
                0x00000000080022b0       0x5c build/stm32g0xx_ll_usb.o
                0x00000000080022b0                USB_WritePMA
 .text.USB_EPStartXfer
                0x000000000800230c      0x8f4 build/stm32g0xx_ll_usb.o
                0x000000000800230c                USB_EPStartXfer
 .text.USB_ReadPMA
                0x0000000008002c00       0x58 build/stm32g0xx_ll_usb.o
                0x0000000008002c00                USB_ReadPMA
 .text.HAL_RCC_OscConfig
                0x0000000008002c58      0x518 build/stm32g0xx_hal_rcc.o
                0x0000000008002c58                HAL_RCC_OscConfig
 .text.HAL_RCC_GetSysClockFreq
                0x0000000008003170       0xb8 build/stm32g0xx_hal_rcc.o
                0x0000000008003170                HAL_RCC_GetSysClockFreq
 .text.HAL_RCC_ClockConfig
                0x0000000008003228      0x18c build/stm32g0xx_hal_rcc.o
                0x0000000008003228                HAL_RCC_ClockConfig
 .text.HAL_RCCEx_PeriphCLKConfig
                0x00000000080033b4      0x2fc build/stm32g0xx_hal_rcc_ex.o
                0x00000000080033b4                HAL_RCCEx_PeriphCLKConfig
 .text.HAL_GPIO_Init
                0x00000000080036b0      0x180 build/stm32g0xx_hal_gpio.o
                0x00000000080036b0                HAL_GPIO_Init
 .text.HAL_GPIO_ReadPin
                0x0000000008003830        0xe build/stm32g0xx_hal_gpio.o
                0x0000000008003830                HAL_GPIO_ReadPin
 .text.HAL_GPIO_WritePin
                0x000000000800383e        0xc build/stm32g0xx_hal_gpio.o
                0x000000000800383e                HAL_GPIO_WritePin
 *fill*         0x000000000800384a        0x2 
 .text.HAL_PWREx_EnableVddUSB
                0x000000000800384c       0x14 build/stm32g0xx_hal_pwr_ex.o
                0x000000000800384c                HAL_PWREx_EnableVddUSB
 .text.HAL_PWREx_ControlVoltageScaling
                0x0000000008003860       0x54 build/stm32g0xx_hal_pwr_ex.o
                0x0000000008003860                HAL_PWREx_ControlVoltageScaling
 .text.__NVIC_SetPriority
                0x00000000080038b4       0x60 build/stm32g0xx_hal_cortex.o
 .text.SysTick_Config
                0x0000000008003914       0x38 build/stm32g0xx_hal_cortex.o
 .text.HAL_NVIC_SetPriority
                0x000000000800394c        0x8 build/stm32g0xx_hal_cortex.o
                0x000000000800394c                HAL_NVIC_SetPriority
 .text.HAL_NVIC_EnableIRQ
                0x0000000008003954       0x18 build/stm32g0xx_hal_cortex.o
                0x0000000008003954                HAL_NVIC_EnableIRQ
 .text.HAL_SYSTICK_Config
                0x000000000800396c        0x8 build/stm32g0xx_hal_cortex.o
                0x000000000800396c                HAL_SYSTICK_Config
 .text.HAL_InitTick
                0x0000000008003974       0x58 build/stm32g0xx_hal.o
                0x0000000008003974                HAL_InitTick
 .text.HAL_Init
                0x00000000080039cc       0x28 build/stm32g0xx_hal.o
                0x00000000080039cc                HAL_Init
 .text.HAL_IncTick
                0x00000000080039f4       0x18 build/stm32g0xx_hal.o
                0x00000000080039f4                HAL_IncTick
 .text.HAL_GetTick
                0x0000000008003a0c        0xc build/stm32g0xx_hal.o
                0x0000000008003a0c                HAL_GetTick
 .text.HAL_Delay
                0x0000000008003a18       0x24 build/stm32g0xx_hal.o
                0x0000000008003a18                HAL_Delay
 .text.HAL_SYSCFG_StrobeDBattpinsConfig
                0x0000000008003a3c       0x18 build/stm32g0xx_hal.o
                0x0000000008003a3c                HAL_SYSCFG_StrobeDBattpinsConfig
 .text.I2C_Flush_TXDR
                0x0000000008003a54       0x1e build/stm32g0xx_hal_i2c.o
 *fill*         0x0000000008003a72        0x2 
 .text.I2C_TransferConfig
                0x0000000008003a74       0x34 build/stm32g0xx_hal_i2c.o
 .text.I2C_IsErrorOccurred
                0x0000000008003aa8      0x120 build/stm32g0xx_hal_i2c.o
 .text.I2C_WaitOnTXISFlagUntilTimeout
                0x0000000008003bc8       0x52 build/stm32g0xx_hal_i2c.o
 .text.I2C_WaitOnFlagUntilTimeout
                0x0000000008003c1a       0x54 build/stm32g0xx_hal_i2c.o
 .text.I2C_WaitOnSTOPFlagUntilTimeout
                0x0000000008003c6e       0x4e build/stm32g0xx_hal_i2c.o
 .text.I2C_WaitOnRXNEFlagUntilTimeout
                0x0000000008003cbc       0x98 build/stm32g0xx_hal_i2c.o
 .text.HAL_I2C_Init
                0x0000000008003d54       0xcc build/stm32g0xx_hal_i2c.o
                0x0000000008003d54                HAL_I2C_Init
 .text.HAL_I2C_Master_Transmit
                0x0000000008003e20      0x174 build/stm32g0xx_hal_i2c.o
                0x0000000008003e20                HAL_I2C_Master_Transmit
 .text.HAL_I2C_Master_Receive
                0x0000000008003f94      0x174 build/stm32g0xx_hal_i2c.o
                0x0000000008003f94                HAL_I2C_Master_Receive
 .text.HAL_I2CEx_ConfigAnalogFilter
                0x0000000008004108       0x58 build/stm32g0xx_hal_i2c_ex.o
                0x0000000008004108                HAL_I2CEx_ConfigAnalogFilter
 .text.HAL_I2CEx_ConfigDigitalFilter
                0x0000000008004160       0x54 build/stm32g0xx_hal_i2c_ex.o
                0x0000000008004160                HAL_I2CEx_ConfigDigitalFilter
 .text.SystemInit
                0x00000000080041b4        0x2 build/system_stm32g0xx.o
                0x00000000080041b4                SystemInit
 .text.USBD_Init
                0x00000000080041b6       0x34 build/usbd_core.o
                0x00000000080041b6                USBD_Init
 .text.USBD_RegisterClass
                0x00000000080041ea       0x36 build/usbd_core.o
                0x00000000080041ea                USBD_RegisterClass
 .text.USBD_Start
                0x0000000008004220        0x8 build/usbd_core.o
                0x0000000008004220                USBD_Start
 .text.USBD_SetClassConfig
                0x0000000008004228       0x16 build/usbd_core.o
                0x0000000008004228                USBD_SetClassConfig
 .text.USBD_ClrClassConfig
                0x000000000800423e       0x14 build/usbd_core.o
                0x000000000800423e                USBD_ClrClassConfig
 *fill*         0x0000000008004252        0x2 
 .text.USBD_LL_SetupStage
                0x0000000008004254       0x60 build/usbd_core.o
                0x0000000008004254                USBD_LL_SetupStage
 .text.USBD_LL_DataOutStage
                0x00000000080042b4       0x88 build/usbd_core.o
                0x00000000080042b4                USBD_LL_DataOutStage
 .text.USBD_LL_DataInStage
                0x000000000800433c       0xcc build/usbd_core.o
                0x000000000800433c                USBD_LL_DataInStage
 .text.USBD_LL_Reset
                0x0000000008004408       0x6a build/usbd_core.o
                0x0000000008004408                USBD_LL_Reset
 .text.USBD_LL_SetSpeed
                0x0000000008004472        0x6 build/usbd_core.o
                0x0000000008004472                USBD_LL_SetSpeed
 .text.USBD_LL_Suspend
                0x0000000008004478       0x18 build/usbd_core.o
                0x0000000008004478                USBD_LL_Suspend
 .text.USBD_LL_Resume
                0x0000000008004490       0x20 build/usbd_core.o
                0x0000000008004490                USBD_LL_Resume
 .text.USBD_LL_SOF
                0x00000000080044b0       0x2e build/usbd_core.o
                0x00000000080044b0                USBD_LL_SOF
 .text.USBD_GetLen
                0x00000000080044de       0x14 build/usbd_ctlreq.o
 .text.USBD_SetFeature
                0x00000000080044f2       0x18 build/usbd_ctlreq.o
 .text.USBD_ParseSetupRequest
                0x000000000800450a       0x28 build/usbd_ctlreq.o
                0x000000000800450a                USBD_ParseSetupRequest
 .text.USBD_CtlError
                0x0000000008004532       0x14 build/usbd_ctlreq.o
                0x0000000008004532                USBD_CtlError
 *fill*         0x0000000008004546        0x2 
 .text.USBD_GetDescriptor
                0x0000000008004548      0x1f0 build/usbd_ctlreq.o
 .text.USBD_SetAddress
                0x0000000008004738       0x60 build/usbd_ctlreq.o
 .text.USBD_SetConfig
                0x0000000008004798       0xd4 build/usbd_ctlreq.o
 .text.USBD_GetConfig
                0x000000000800486c       0x42 build/usbd_ctlreq.o
 .text.USBD_GetStatus
                0x00000000080048ae       0x3e build/usbd_ctlreq.o
 .text.USBD_ClrFeature
                0x00000000080048ec       0x2a build/usbd_ctlreq.o
 *fill*         0x0000000008004916        0x2 
 .text.USBD_StdDevReq
                0x0000000008004918       0x74 build/usbd_ctlreq.o
                0x0000000008004918                USBD_StdDevReq
 .text.USBD_StdItfReq
                0x000000000800498c       0x6e build/usbd_ctlreq.o
                0x000000000800498c                USBD_StdItfReq
 .text.USBD_StdEPReq
                0x00000000080049fa      0x210 build/usbd_ctlreq.o
                0x00000000080049fa                USBD_StdEPReq
 .text.USBD_GetString
                0x0000000008004c0a       0x3c build/usbd_ctlreq.o
                0x0000000008004c0a                USBD_GetString
 .text.USBD_CtlSendData
                0x0000000008004c46       0x1c build/usbd_ioreq.o
                0x0000000008004c46                USBD_CtlSendData
 .text.USBD_CtlContinueSendData
                0x0000000008004c62       0x10 build/usbd_ioreq.o
                0x0000000008004c62                USBD_CtlContinueSendData
 .text.USBD_CtlContinueRx
                0x0000000008004c72       0x10 build/usbd_ioreq.o
                0x0000000008004c72                USBD_CtlContinueRx
 .text.USBD_CtlSendStatus
                0x0000000008004c82       0x18 build/usbd_ioreq.o
                0x0000000008004c82                USBD_CtlSendStatus
 .text.USBD_CtlReceiveStatus
                0x0000000008004c9a       0x18 build/usbd_ioreq.o
                0x0000000008004c9a                USBD_CtlReceiveStatus
 .text.clamp_input
                0x0000000008004cb2       0x12 build/nunchuk.o
                0x0000000008004cb2                clamp_input
 .text.nunchuk_reg_write
                0x0000000008004cc4       0x24 build/nunchuk.o
                0x0000000008004cc4                nunchuk_reg_write
 .text.nunchuk_packet_read
                0x0000000008004ce8       0x44 build/nunchuk.o
                0x0000000008004ce8                nunchuk_packet_read
 .text.nunchuk_init
                0x0000000008004d2c       0x90 build/nunchuk.o
                0x0000000008004d2c                nunchuk_init
 .text.nunchuk_fill_standard
                0x0000000008004dbc       0x62 build/nunchuk.o
                0x0000000008004dbc                nunchuk_fill_standard
 .text.nunchuk_read_standard
                0x0000000008004e1e       0x24 build/nunchuk.o
                0x0000000008004e1e                nunchuk_read_standard
 .text.nunchuk_fill_guitar_hero
                0x0000000008004e42      0x118 build/nunchuk.o
                0x0000000008004e42                nunchuk_fill_guitar_hero
 .text.nunchuk_read_guitar_hero
                0x0000000008004f5a       0x24 build/nunchuk.o
                0x0000000008004f5a                nunchuk_read_guitar_hero
 .text.nunchuk_fill_classic
                0x0000000008004f7e       0xe2 build/nunchuk.o
                0x0000000008004f7e                nunchuk_fill_classic
 .text.nunchuk_read_classic
                0x0000000008005060       0x24 build/nunchuk.o
                0x0000000008005060                nunchuk_read_classic
 .text.USBD_HID_GetFSCfgDesc
                0x0000000008005084        0xc build/usbd_hid.o
 .text.USBD_HID_GetHSCfgDesc
                0x0000000008005090        0xc build/usbd_hid.o
 .text.USBD_HID_GetOtherSpeedCfgDesc
                0x000000000800509c        0xc build/usbd_hid.o
 .text.USBD_HID_DataIn
                0x00000000080050a8        0xe build/usbd_hid.o
 *fill*         0x00000000080050b6        0x2 
 .text.USBD_HID_GetDeviceQualifierDesc
                0x00000000080050b8        0xc build/usbd_hid.o
 .text.USBD_HID_Setup
                0x00000000080050c4      0x14c build/usbd_hid.o
 .text.USBD_HID_DeInit
                0x0000000008005210       0x2a build/usbd_hid.o
 .text.USBD_HID_Init
                0x000000000800523a       0x48 build/usbd_hid.o
 .text.USBD_HID_SendReport
                0x0000000008005282       0x3a build/usbd_hid.o
                0x0000000008005282                USBD_HID_SendReport
 .text.Reset_Handler
                0x00000000080052bc       0x50 build/startup_stm32g0b1xx.o
                0x00000000080052bc                Reset_Handler
 .text.Default_Handler
                0x000000000800530c        0x2 build/startup_stm32g0b1xx.o
                0x000000000800530c                I2C2_3_IRQHandler
                0x000000000800530c                USART3_4_5_6_LPUART1_IRQHandler
                0x000000000800530c                TIM1_CC_IRQHandler
                0x000000000800530c                ADC1_COMP_IRQHandler
                0x000000000800530c                I2C1_IRQHandler
                0x000000000800530c                TIM7_LPTIM2_IRQHandler
                0x000000000800530c                TIM17_FDCAN_IT1_IRQHandler
                0x000000000800530c                DMA1_Ch4_7_DMA2_Ch1_5_DMAMUX1_OVR_IRQHandler
                0x000000000800530c                RCC_CRS_IRQHandler
                0x000000000800530c                RTC_TAMP_IRQHandler
                0x000000000800530c                SPI1_IRQHandler
                0x000000000800530c                EXTI2_3_IRQHandler
                0x000000000800530c                USART2_LPUART2_IRQHandler
                0x000000000800530c                PVD_VDDIO2_IRQHandler
                0x000000000800530c                EXTI4_15_IRQHandler
                0x000000000800530c                DMA1_Channel1_IRQHandler
                0x000000000800530c                Default_Handler
                0x000000000800530c                CEC_IRQHandler
                0x000000000800530c                TIM14_IRQHandler
                0x000000000800530c                TIM15_IRQHandler
                0x000000000800530c                TIM3_TIM4_IRQHandler
                0x000000000800530c                EXTI0_1_IRQHandler
                0x000000000800530c                SPI2_3_IRQHandler
                0x000000000800530c                TIM6_DAC_LPTIM1_IRQHandler
                0x000000000800530c                WWDG_IRQHandler
                0x000000000800530c                TIM2_IRQHandler
                0x000000000800530c                DMA1_Channel2_3_IRQHandler
                0x000000000800530c                FLASH_IRQHandler
                0x000000000800530c                USART1_IRQHandler
                0x000000000800530c                TIM16_FDCAN_IT0_IRQHandler
                0x000000000800530c                TIM1_BRK_UP_TRG_COM_IRQHandler
 *fill*         0x000000000800530e        0x2 
 .text.__libc_init_array
                0x0000000008005310       0x48 /usr/lib/gcc/arm-none-eabi/12.1.0/../../../../arm-none-eabi/lib/thumb/v6-m/nofp/libc_nano.a(lib_a-init.o)
                0x0000000008005310                __libc_init_array
 .text.memcmp   0x0000000008005358       0x1c /usr/lib/gcc/arm-none-eabi/12.1.0/../../../../arm-none-eabi/lib/thumb/v6-m/nofp/libc_nano.a(lib_a-memcmp.o)
                0x0000000008005358                memcmp
 .text.memset   0x0000000008005374       0x10 /usr/lib/gcc/arm-none-eabi/12.1.0/../../../../arm-none-eabi/lib/thumb/v6-m/nofp/libc_nano.a(lib_a-memset.o)
                0x0000000008005374                memset
 .text.__aeabi_ddiv
                0x0000000008005384      0x504 /usr/lib/gcc/arm-none-eabi/12.1.0/thumb/v6-m/nofp/libgcc.a(divdf3.o)
                0x0000000008005384                __aeabi_ddiv
 .text.__aeabi_dmul
                0x0000000008005888      0x454 /usr/lib/gcc/arm-none-eabi/12.1.0/thumb/v6-m/nofp/libgcc.a(muldf3.o)
                0x0000000008005888                __aeabi_dmul
 .text.__aeabi_d2iz
                0x0000000008005cdc       0x64 /usr/lib/gcc/arm-none-eabi/12.1.0/thumb/v6-m/nofp/libgcc.a(fixdfsi.o)
                0x0000000008005cdc                __aeabi_d2iz
 .text.__aeabi_i2d
                0x0000000008005d40       0x54 /usr/lib/gcc/arm-none-eabi/12.1.0/thumb/v6-m/nofp/libgcc.a(floatsidf.o)
                0x0000000008005d40                __aeabi_i2d
 *(.glue_7)
 .glue_7        0x0000000008005d94        0x0 linker stubs
 *(.glue_7t)
 .glue_7t       0x0000000008005d94        0x0 linker stubs
 *(.eh_frame)
 .eh_frame      0x0000000008005d94        0x0 /usr/lib/gcc/arm-none-eabi/12.1.0/thumb/v6-m/nofp/crtbegin.o
 *(.init)
 .init          0x0000000008005d94        0x4 /usr/lib/gcc/arm-none-eabi/12.1.0/thumb/v6-m/nofp/crti.o
                0x0000000008005d94                _init
 .init          0x0000000008005d98        0x8 /usr/lib/gcc/arm-none-eabi/12.1.0/thumb/v6-m/nofp/crtn.o
 *(.fini)
 .fini          0x0000000008005da0        0x4 /usr/lib/gcc/arm-none-eabi/12.1.0/thumb/v6-m/nofp/crti.o
                0x0000000008005da0                _fini
 .fini          0x0000000008005da4        0x8 /usr/lib/gcc/arm-none-eabi/12.1.0/thumb/v6-m/nofp/crtn.o
                0x0000000008005dac                . = ALIGN (0x4)
                0x0000000008005dac                _etext = .

.vfp11_veneer   0x0000000008005dac        0x0
 .vfp11_veneer  0x0000000008005dac        0x0 linker stubs

.v4_bx          0x0000000008005dac        0x0
 .v4_bx         0x0000000008005dac        0x0 linker stubs

.iplt           0x0000000008005dac        0x0
 .iplt          0x0000000008005dac        0x0 /usr/lib/gcc/arm-none-eabi/12.1.0/thumb/v6-m/nofp/crtbegin.o

.rodata         0x0000000008005dac      0x150
                0x0000000008005dac                . = ALIGN (0x4)
 *(.rodata)
 *(.rodata*)
 .rodata.USBD_HID_ProductStrDescriptor.str1.4
                0x0000000008005dac       0x18 build/usbd_desc.o
 .rodata.USBD_HID_ManufacturerStrDescriptor.str1.4
                0x0000000008005dc4       0x11 build/usbd_desc.o
 *fill*         0x0000000008005dd5        0x3 
 .rodata.USBD_HID_ConfigStrDescriptor.str1.4
                0x0000000008005dd8        0xb build/usbd_desc.o
 *fill*         0x0000000008005de3        0x1 
 .rodata.USBD_HID_InterfaceStrDescriptor.str1.4
                0x0000000008005de4        0xe build/usbd_desc.o
 *fill*         0x0000000008005df2        0x2 
 .rodata.AHBPrescTable
                0x0000000008005df4       0x40 build/system_stm32g0xx.o
                0x0000000008005df4                AHBPrescTable
 .rodata.USBD_GetDescriptor
                0x0000000008005e34       0x58 build/usbd_ctlreq.o
 .rodata.USBD_StdDevReq
                0x0000000008005e8c       0x28 build/usbd_ctlreq.o
 .rodata.NUNCHUK_GUITAR_HERO_ID
                0x0000000008005eb4        0x6 build/nunchuk.o
 *fill*         0x0000000008005eba        0x2 
 .rodata.NUNCHUK_CLASSIC_ID
                0x0000000008005ebc        0x6 build/nunchuk.o
 *fill*         0x0000000008005ec2        0x2 
 .rodata.NUNCHUK_STANDARD_ID
                0x0000000008005ec4        0x6 build/nunchuk.o
 *fill*         0x0000000008005eca        0x2 
 .rodata.USBD_HID_Setup
                0x0000000008005ecc       0x30 build/usbd_hid.o
                0x0000000008005efc                . = ALIGN (0x4)

.rel.dyn        0x0000000008005efc        0x0
 .rel.iplt      0x0000000008005efc        0x0 /usr/lib/gcc/arm-none-eabi/12.1.0/thumb/v6-m/nofp/crtbegin.o

.ARM.extab
 *(.ARM.extab* .gnu.linkonce.armextab.*)

.ARM            0x0000000008005efc        0x0
                0x0000000008005efc                __exidx_start = .
 *(.ARM.exidx*)
                0x0000000008005efc                __exidx_end = .

.preinit_array  0x0000000008005efc        0x0
                0x0000000008005efc                PROVIDE (__preinit_array_start = .)
 *(.preinit_array*)
                0x0000000008005efc                PROVIDE (__preinit_array_end = .)

.init_array     0x0000000008005efc        0x4
                0x0000000008005efc                PROVIDE (__init_array_start = .)
 *(SORT_BY_NAME(.init_array.*))
 *(.init_array*)
 .init_array    0x0000000008005efc        0x4 /usr/lib/gcc/arm-none-eabi/12.1.0/thumb/v6-m/nofp/crtbegin.o
                0x0000000008005f00                PROVIDE (__init_array_end = .)

.fini_array     0x0000000008005f00        0x4
                0x0000000008005f00                PROVIDE (__fini_array_start = .)
 *(SORT_BY_NAME(.fini_array.*))
 *(.fini_array*)
 .fini_array    0x0000000008005f00        0x4 /usr/lib/gcc/arm-none-eabi/12.1.0/thumb/v6-m/nofp/crtbegin.o
                0x0000000008005f04                PROVIDE (__fini_array_end = .)
                0x0000000008005f04                _sidata = LOADADDR (.data)

.data           0x0000000020000000      0x150 load address 0x0000000008005f04
                0x0000000020000000                . = ALIGN (0x4)
                0x0000000020000000                _sdata = .
 *(.data)
 *(.data*)
 .data.USBD_StringSerial
                0x0000000020000000       0x1a build/usbd_desc.o
                0x0000000020000000                USBD_StringSerial
 *fill*         0x000000002000001a        0x2 
 .data.USBD_LangIDDesc
                0x000000002000001c        0x4 build/usbd_desc.o
                0x000000002000001c                USBD_LangIDDesc
 .data.USBD_HID_DeviceDesc
                0x0000000020000020       0x12 build/usbd_desc.o
                0x0000000020000020                USBD_HID_DeviceDesc
 *fill*         0x0000000020000032        0x2 
 .data.HID_Desc
                0x0000000020000034       0x20 build/usbd_desc.o
                0x0000000020000034                HID_Desc
 .data.uwTickFreq
                0x0000000020000054        0x1 build/stm32g0xx_hal.o
                0x0000000020000054                uwTickFreq
 *fill*         0x0000000020000055        0x3 
 .data.uwTickPrio
                0x0000000020000058        0x4 build/stm32g0xx_hal.o
                0x0000000020000058                uwTickPrio
 .data.SystemCoreClock
                0x000000002000005c        0x4 build/system_stm32g0xx.o
                0x000000002000005c                SystemCoreClock
 .data.HID_GAMEPAD_ReportDesc
                0x0000000020000060       0x31 build/usbd_hid.o
 *fill*         0x0000000020000091        0x3 
 .data.USBD_HID_DeviceQualifierDesc
                0x0000000020000094        0xa build/usbd_hid.o
 *fill*         0x000000002000009e        0x2 
 .data.USBD_HID_Desc
                0x00000000200000a0        0x9 build/usbd_hid.o
 *fill*         0x00000000200000a9        0x3 
 .data.USBD_HID_OtherSpeedCfgDesc
                0x00000000200000ac       0x22 build/usbd_hid.o
 *fill*         0x00000000200000ce        0x2 
 .data.USBD_HID_CfgHSDesc
                0x00000000200000d0       0x22 build/usbd_hid.o
 *fill*         0x00000000200000f2        0x2 
 .data.USBD_HID_CfgFSDesc
                0x00000000200000f4       0x22 build/usbd_hid.o
 *fill*         0x0000000020000116        0x2 
 .data.USBD_HID
                0x0000000020000118       0x38 build/usbd_hid.o
                0x0000000020000118                USBD_HID
                0x0000000020000150                . = ALIGN (0x4)
                0x0000000020000150                _edata = .

.igot.plt       0x0000000020000150        0x0 load address 0x0000000008006054
 .igot.plt      0x0000000020000150        0x0 /usr/lib/gcc/arm-none-eabi/12.1.0/thumb/v6-m/nofp/crtbegin.o
                0x0000000020000150                . = ALIGN (0x4)

.bss            0x0000000020000150      0x87c load address 0x0000000008006054
                0x0000000020000150                _sbss = .
                0x0000000020000150                __bss_start__ = _sbss
 *(.bss)
 *(.bss*)
 .bss.completed.1
                0x0000000020000150        0x1 /usr/lib/gcc/arm-none-eabi/12.1.0/thumb/v6-m/nofp/crtbegin.o
 *fill*         0x0000000020000151        0x3 
 .bss.object.0  0x0000000020000154       0x18 /usr/lib/gcc/arm-none-eabi/12.1.0/thumb/v6-m/nofp/crtbegin.o
 .bss.hid_report
                0x000000002000016c        0x9 build/main.o
                0x000000002000016c                hid_report
 *fill*         0x0000000020000175        0x3 
 .bss.hUsbDeviceFS
                0x0000000020000178      0x2d0 build/main.o
                0x0000000020000178                hUsbDeviceFS
 .bss.inits_failed
                0x0000000020000448        0x4 build/main.o
                0x0000000020000448                inits_failed
 .bss.nunchuk_type
                0x000000002000044c        0x1 build/main.o
                0x000000002000044c                nunchuk_type
 .bss.dev_state
                0x000000002000044d        0x1 build/main.o
                0x000000002000044d                dev_state
 *fill*         0x000000002000044e        0x2 
 .bss.blink_request
                0x0000000020000450        0x8 build/gpio.o
                0x0000000020000450                blink_request
 .bss.blink_requested
                0x0000000020000458        0x4 build/gpio.o
                0x0000000020000458                blink_requested
 .bss.hi2c2     0x000000002000045c       0x4c build/i2c.o
                0x000000002000045c                hi2c2
 .bss.USBD_StrDesc
                0x00000000200004a8      0x200 build/usbd_desc.o
                0x00000000200004a8                USBD_StrDesc
 .bss.mem.0     0x00000000200006a8       0x14 build/usbd_conf.o
 .bss.hpcd_USB_DRD_FS
                0x00000000200006bc      0x308 build/usbd_conf.o
                0x00000000200006bc                hpcd_USB_DRD_FS
 .bss.uwTick    0x00000000200009c4        0x4 build/stm32g0xx_hal.o
                0x00000000200009c4                uwTick
 .bss.cfgidx.0  0x00000000200009c8        0x1 build/usbd_ctlreq.o
 *(COMMON)
                0x00000000200009cc                . = ALIGN (0x4)
 *fill*         0x00000000200009c9        0x3 
                0x00000000200009cc                _ebss = .
                0x00000000200009cc                __bss_end__ = _ebss

._user_heap_stack
                0x00000000200009cc     0x6004 load address 0x0000000008006054
                0x00000000200009d0                . = ALIGN (0x8)
 *fill*         0x00000000200009cc        0x4 
                [!provide]                        PROVIDE (end = .)
                [!provide]                        PROVIDE (_end = .)
                0x00000000200049d0                . = (. + _Min_Heap_Size)
 *fill*         0x00000000200009d0     0x4000 
                0x00000000200069d0                . = (. + _Min_Stack_Size)
 *fill*         0x00000000200049d0     0x2000 
                0x00000000200069d0                . = ALIGN (0x8)

/DISCARD/
 libc.a(*)
 libm.a(*)
 libgcc.a(*)

.ARM.attributes
                0x0000000000000000       0x28
 *(.ARM.attributes)
 .ARM.attributes
                0x0000000000000000       0x1e /usr/lib/gcc/arm-none-eabi/12.1.0/thumb/v6-m/nofp/crti.o
 .ARM.attributes
                0x000000000000001e       0x2c /usr/lib/gcc/arm-none-eabi/12.1.0/thumb/v6-m/nofp/crtbegin.o
 .ARM.attributes
                0x000000000000004a       0x2c build/main.o
 .ARM.attributes
                0x0000000000000076       0x2c build/gpio.o
 .ARM.attributes
                0x00000000000000a2       0x2c build/i2c.o
 .ARM.attributes
                0x00000000000000ce       0x2c build/stm32g0xx_it.o
 .ARM.attributes
                0x00000000000000fa       0x2c build/stm32g0xx_hal_msp.o
 .ARM.attributes
                0x0000000000000126       0x2c build/usb_device.o
 .ARM.attributes
                0x0000000000000152       0x2c build/usbd_desc.o
 .ARM.attributes
                0x000000000000017e       0x2c build/usbd_conf.o
 .ARM.attributes
                0x00000000000001aa       0x2c build/stm32g0xx_hal_pcd.o
 .ARM.attributes
                0x00000000000001d6       0x2c build/stm32g0xx_hal_pcd_ex.o
 .ARM.attributes
                0x0000000000000202       0x2c build/stm32g0xx_ll_usb.o
 .ARM.attributes
                0x000000000000022e       0x2c build/stm32g0xx_hal_rcc.o
 .ARM.attributes
                0x000000000000025a       0x2c build/stm32g0xx_hal_rcc_ex.o
 .ARM.attributes
                0x0000000000000286       0x2c build/stm32g0xx_hal_gpio.o
 .ARM.attributes
                0x00000000000002b2       0x2c build/stm32g0xx_hal_pwr_ex.o
 .ARM.attributes
                0x00000000000002de       0x2c build/stm32g0xx_hal_cortex.o
 .ARM.attributes
                0x000000000000030a       0x2c build/stm32g0xx_hal.o
 .ARM.attributes
                0x0000000000000336       0x2c build/stm32g0xx_hal_i2c.o
 .ARM.attributes
                0x0000000000000362       0x2c build/stm32g0xx_hal_i2c_ex.o
 .ARM.attributes
                0x000000000000038e       0x2c build/system_stm32g0xx.o
 .ARM.attributes
                0x00000000000003ba       0x2c build/usbd_core.o
 .ARM.attributes
                0x00000000000003e6       0x2c build/usbd_ctlreq.o
 .ARM.attributes
                0x0000000000000412       0x2c build/usbd_ioreq.o
 .ARM.attributes
                0x000000000000043e       0x2c build/nunchuk.o
 .ARM.attributes
                0x000000000000046a       0x2c build/usbd_hid.o
 .ARM.attributes
                0x0000000000000496       0x22 build/startup_stm32g0b1xx.o
 .ARM.attributes
                0x00000000000004b8       0x2c /usr/lib/gcc/arm-none-eabi/12.1.0/../../../../arm-none-eabi/lib/thumb/v6-m/nofp/libc_nano.a(lib_a-init.o)
 .ARM.attributes
                0x00000000000004e4       0x2c /usr/lib/gcc/arm-none-eabi/12.1.0/../../../../arm-none-eabi/lib/thumb/v6-m/nofp/libc_nano.a(lib_a-memcmp.o)
 .ARM.attributes
                0x0000000000000510       0x2c /usr/lib/gcc/arm-none-eabi/12.1.0/../../../../arm-none-eabi/lib/thumb/v6-m/nofp/libc_nano.a(lib_a-memset.o)
 .ARM.attributes
                0x000000000000053c       0x1e /usr/lib/gcc/arm-none-eabi/12.1.0/thumb/v6-m/nofp/libgcc.a(_udivsi3.o)
 .ARM.attributes
                0x000000000000055a       0x1e /usr/lib/gcc/arm-none-eabi/12.1.0/thumb/v6-m/nofp/libgcc.a(_dvmd_tls.o)
 .ARM.attributes
                0x0000000000000578       0x2c /usr/lib/gcc/arm-none-eabi/12.1.0/thumb/v6-m/nofp/libgcc.a(divdf3.o)
 .ARM.attributes
                0x00000000000005a4       0x2c /usr/lib/gcc/arm-none-eabi/12.1.0/thumb/v6-m/nofp/libgcc.a(muldf3.o)
 .ARM.attributes
                0x00000000000005d0       0x2c /usr/lib/gcc/arm-none-eabi/12.1.0/thumb/v6-m/nofp/libgcc.a(fixdfsi.o)
 .ARM.attributes
                0x00000000000005fc       0x2c /usr/lib/gcc/arm-none-eabi/12.1.0/thumb/v6-m/nofp/libgcc.a(floatsidf.o)
 .ARM.attributes
                0x0000000000000628       0x1e /usr/lib/gcc/arm-none-eabi/12.1.0/thumb/v6-m/nofp/libgcc.a(_thumb1_case_uhi.o)
 .ARM.attributes
                0x0000000000000646       0x1e /usr/lib/gcc/arm-none-eabi/12.1.0/thumb/v6-m/nofp/libgcc.a(_clzsi2.o)
 .ARM.attributes
                0x0000000000000664       0x1e /usr/lib/gcc/arm-none-eabi/12.1.0/thumb/v6-m/nofp/crtn.o
OUTPUT(build/nunchuk-adapter.elf elf32-littlearm)
LOAD linker stubs
LOAD /usr/lib/gcc/arm-none-eabi/12.1.0/../../../../arm-none-eabi/lib/thumb/v6-m/nofp/libc.a
LOAD /usr/lib/gcc/arm-none-eabi/12.1.0/../../../../arm-none-eabi/lib/thumb/v6-m/nofp/libm.a
LOAD /usr/lib/gcc/arm-none-eabi/12.1.0/thumb/v6-m/nofp/libgcc.a

.debug_info     0x0000000000000000    0x1b44a
 .debug_info    0x0000000000000000     0x1ca3 build/main.o
 .debug_info    0x0000000000001ca3      0x855 build/gpio.o
 .debug_info    0x00000000000024f8      0xd2b build/i2c.o
 .debug_info    0x0000000000003223      0x6b8 build/stm32g0xx_it.o
 .debug_info    0x00000000000038db      0x2fa build/stm32g0xx_hal_msp.o
 .debug_info    0x0000000000003bd5      0x70d build/usb_device.o
 .debug_info    0x00000000000042e2      0x683 build/usbd_desc.o
 .debug_info    0x0000000000004965     0x1fb2 build/usbd_conf.o
 .debug_info    0x0000000000006917     0x1c24 build/stm32g0xx_hal_pcd.o
 .debug_info    0x000000000000853b      0xa42 build/stm32g0xx_hal_pcd_ex.o
 .debug_info    0x0000000000008f7d     0x2040 build/stm32g0xx_ll_usb.o
 .debug_info    0x000000000000afbd      0xfba build/stm32g0xx_hal_rcc.o
 .debug_info    0x000000000000bf77      0xe24 build/stm32g0xx_hal_rcc_ex.o
 .debug_info    0x000000000000cd9b      0x714 build/stm32g0xx_hal_gpio.o
 .debug_info    0x000000000000d4af      0xaa4 build/stm32g0xx_hal_pwr_ex.o
 .debug_info    0x000000000000df53      0xb04 build/stm32g0xx_hal_cortex.o
 .debug_info    0x000000000000ea57      0xd31 build/stm32g0xx_hal.o
 .debug_info    0x000000000000f788     0x43e8 build/stm32g0xx_hal_i2c.o
 .debug_info    0x0000000000013b70      0xbd0 build/stm32g0xx_hal_i2c_ex.o
 .debug_info    0x0000000000014740      0x3d4 build/system_stm32g0xx.o
 .debug_info    0x0000000000014b14     0x1053 build/usbd_core.o
 .debug_info    0x0000000000015b67     0x14ae build/usbd_ctlreq.o
 .debug_info    0x0000000000017015      0x991 build/usbd_ioreq.o
 .debug_info    0x00000000000179a6     0x15f9 build/nunchuk.o
 .debug_info    0x0000000000018f9f      0xd0d build/usbd_hid.o
 .debug_info    0x0000000000019cac       0x30 build/startup_stm32g0b1xx.o
 .debug_info    0x0000000000019cdc      0x10b /usr/lib/gcc/arm-none-eabi/12.1.0/../../../../arm-none-eabi/lib/thumb/v6-m/nofp/libc_nano.a(lib_a-init.o)
 .debug_info    0x0000000000019de7      0x104 /usr/lib/gcc/arm-none-eabi/12.1.0/../../../../arm-none-eabi/lib/thumb/v6-m/nofp/libc_nano.a(lib_a-memcmp.o)
 .debug_info    0x0000000000019eeb       0xe0 /usr/lib/gcc/arm-none-eabi/12.1.0/../../../../arm-none-eabi/lib/thumb/v6-m/nofp/libc_nano.a(lib_a-memset.o)
 .debug_info    0x0000000000019fcb       0x25 /usr/lib/gcc/arm-none-eabi/12.1.0/thumb/v6-m/nofp/libgcc.a(_udivsi3.o)
 .debug_info    0x0000000000019ff0       0x24 /usr/lib/gcc/arm-none-eabi/12.1.0/thumb/v6-m/nofp/libgcc.a(_dvmd_tls.o)
 .debug_info    0x000000000001a014      0x7ca /usr/lib/gcc/arm-none-eabi/12.1.0/thumb/v6-m/nofp/libgcc.a(divdf3.o)
 .debug_info    0x000000000001a7de      0x7bc /usr/lib/gcc/arm-none-eabi/12.1.0/thumb/v6-m/nofp/libgcc.a(muldf3.o)
 .debug_info    0x000000000001af9a      0x1d9 /usr/lib/gcc/arm-none-eabi/12.1.0/thumb/v6-m/nofp/libgcc.a(fixdfsi.o)
 .debug_info    0x000000000001b173      0x28f /usr/lib/gcc/arm-none-eabi/12.1.0/thumb/v6-m/nofp/libgcc.a(floatsidf.o)
 .debug_info    0x000000000001b402       0x24 /usr/lib/gcc/arm-none-eabi/12.1.0/thumb/v6-m/nofp/libgcc.a(_thumb1_case_uhi.o)
 .debug_info    0x000000000001b426       0x24 /usr/lib/gcc/arm-none-eabi/12.1.0/thumb/v6-m/nofp/libgcc.a(_clzsi2.o)

.debug_abbrev   0x0000000000000000     0x48c5
 .debug_abbrev  0x0000000000000000      0x3ea build/main.o
 .debug_abbrev  0x00000000000003ea      0x26e build/gpio.o
 .debug_abbrev  0x0000000000000658      0x23a build/i2c.o
 .debug_abbrev  0x0000000000000892      0x19b build/stm32g0xx_it.o
 .debug_abbrev  0x0000000000000a2d      0x115 build/stm32g0xx_hal_msp.o
 .debug_abbrev  0x0000000000000b42      0x1a9 build/usb_device.o
 .debug_abbrev  0x0000000000000ceb      0x263 build/usbd_desc.o
 .debug_abbrev  0x0000000000000f4e      0x394 build/usbd_conf.o
 .debug_abbrev  0x00000000000012e2      0x352 build/stm32g0xx_hal_pcd.o
 .debug_abbrev  0x0000000000001634      0x290 build/stm32g0xx_hal_pcd_ex.o
 .debug_abbrev  0x00000000000018c4      0x364 build/stm32g0xx_ll_usb.o
 .debug_abbrev  0x0000000000001c28      0x319 build/stm32g0xx_hal_rcc.o
 .debug_abbrev  0x0000000000001f41      0x2b8 build/stm32g0xx_hal_rcc_ex.o
 .debug_abbrev  0x00000000000021f9      0x239 build/stm32g0xx_hal_gpio.o
 .debug_abbrev  0x0000000000002432      0x28d build/stm32g0xx_hal_pwr_ex.o
 .debug_abbrev  0x00000000000026bf      0x32e build/stm32g0xx_hal_cortex.o
 .debug_abbrev  0x00000000000029ed      0x2aa build/stm32g0xx_hal.o
 .debug_abbrev  0x0000000000002c97      0x307 build/stm32g0xx_hal_i2c.o
 .debug_abbrev  0x0000000000002f9e      0x1dc build/stm32g0xx_hal_i2c_ex.o
 .debug_abbrev  0x000000000000317a      0x145 build/system_stm32g0xx.o
 .debug_abbrev  0x00000000000032bf      0x2ca build/usbd_core.o
 .debug_abbrev  0x0000000000003589      0x382 build/usbd_ctlreq.o
 .debug_abbrev  0x000000000000390b      0x1be build/usbd_ioreq.o
 .debug_abbrev  0x0000000000003ac9      0x2f4 build/nunchuk.o
 .debug_abbrev  0x0000000000003dbd      0x2f3 build/usbd_hid.o
 .debug_abbrev  0x00000000000040b0       0x1d build/startup_stm32g0b1xx.o
 .debug_abbrev  0x00000000000040cd       0xc9 /usr/lib/gcc/arm-none-eabi/12.1.0/../../../../arm-none-eabi/lib/thumb/v6-m/nofp/libc_nano.a(lib_a-init.o)
 .debug_abbrev  0x0000000000004196       0x90 /usr/lib/gcc/arm-none-eabi/12.1.0/../../../../arm-none-eabi/lib/thumb/v6-m/nofp/libc_nano.a(lib_a-memcmp.o)
 .debug_abbrev  0x0000000000004226       0x9e /usr/lib/gcc/arm-none-eabi/12.1.0/../../../../arm-none-eabi/lib/thumb/v6-m/nofp/libc_nano.a(lib_a-memset.o)
 .debug_abbrev  0x00000000000042c4       0x14 /usr/lib/gcc/arm-none-eabi/12.1.0/thumb/v6-m/nofp/libgcc.a(_udivsi3.o)
 .debug_abbrev  0x00000000000042d8       0x14 /usr/lib/gcc/arm-none-eabi/12.1.0/thumb/v6-m/nofp/libgcc.a(_dvmd_tls.o)
 .debug_abbrev  0x00000000000042ec      0x16e /usr/lib/gcc/arm-none-eabi/12.1.0/thumb/v6-m/nofp/libgcc.a(divdf3.o)
 .debug_abbrev  0x000000000000445a      0x187 /usr/lib/gcc/arm-none-eabi/12.1.0/thumb/v6-m/nofp/libgcc.a(muldf3.o)
 .debug_abbrev  0x00000000000045e1      0x144 /usr/lib/gcc/arm-none-eabi/12.1.0/thumb/v6-m/nofp/libgcc.a(fixdfsi.o)
 .debug_abbrev  0x0000000000004725      0x178 /usr/lib/gcc/arm-none-eabi/12.1.0/thumb/v6-m/nofp/libgcc.a(floatsidf.o)
 .debug_abbrev  0x000000000000489d       0x14 /usr/lib/gcc/arm-none-eabi/12.1.0/thumb/v6-m/nofp/libgcc.a(_thumb1_case_uhi.o)
 .debug_abbrev  0x00000000000048b1       0x14 /usr/lib/gcc/arm-none-eabi/12.1.0/thumb/v6-m/nofp/libgcc.a(_clzsi2.o)

.debug_loc      0x0000000000000000    0x10ee1
 .debug_loc     0x0000000000000000      0x1b0 build/main.o
 .debug_loc     0x00000000000001b0      0x16e build/gpio.o
 .debug_loc     0x000000000000031e       0xfd build/i2c.o
 .debug_loc     0x000000000000041b       0x40 build/stm32g0xx_it.o
 .debug_loc     0x000000000000045b       0x2c build/stm32g0xx_hal_msp.o
 .debug_loc     0x0000000000000487       0x20 build/usb_device.o
 .debug_loc     0x00000000000004a7      0x45d build/usbd_desc.o
 .debug_loc     0x0000000000000904     0x10e0 build/usbd_conf.o
 .debug_loc     0x00000000000019e4     0x16ea build/stm32g0xx_hal_pcd.o
 .debug_loc     0x00000000000030ce      0x302 build/stm32g0xx_hal_pcd_ex.o
 .debug_loc     0x00000000000033d0     0x2033 build/stm32g0xx_ll_usb.o
 .debug_loc     0x0000000000005403      0x8c7 build/stm32g0xx_hal_rcc.o
 .debug_loc     0x0000000000005cca     0x1199 build/stm32g0xx_hal_rcc_ex.o
 .debug_loc     0x0000000000006e63      0x46a build/stm32g0xx_hal_gpio.o
 .debug_loc     0x00000000000072cd      0x3e6 build/stm32g0xx_hal_pwr_ex.o
 .debug_loc     0x00000000000076b3      0x39f build/stm32g0xx_hal_cortex.o
 .debug_loc     0x0000000000007a52      0x29f build/stm32g0xx_hal.o
 .debug_loc     0x0000000000007cf1     0x564a build/stm32g0xx_hal_i2c.o
 .debug_loc     0x000000000000d33b      0x2d0 build/stm32g0xx_hal_i2c_ex.o
 .debug_loc     0x000000000000d60b       0xc9 build/system_stm32g0xx.o
 .debug_loc     0x000000000000d6d4      0xd88 build/usbd_core.o
 .debug_loc     0x000000000000e45c     0x19a4 build/usbd_ctlreq.o
 .debug_loc     0x000000000000fe00      0x398 build/usbd_ioreq.o
 .debug_loc     0x0000000000010198      0x513 build/nunchuk.o
 .debug_loc     0x00000000000106ab      0x836 build/usbd_hid.o

.debug_aranges  0x0000000000000000     0x1108
 .debug_aranges
                0x0000000000000000       0x50 build/main.o
 .debug_aranges
                0x0000000000000050       0x48 build/gpio.o
 .debug_aranges
                0x0000000000000098       0x30 build/i2c.o
 .debug_aranges
                0x00000000000000c8       0x48 build/stm32g0xx_it.o
 .debug_aranges
                0x0000000000000110       0x20 build/stm32g0xx_hal_msp.o
 .debug_aranges
                0x0000000000000130       0x20 build/usb_device.o
 .debug_aranges
                0x0000000000000150       0x60 build/usbd_desc.o
 .debug_aranges
                0x00000000000001b0      0x120 build/usbd_conf.o
 .debug_aranges
                0x00000000000002d0      0x150 build/stm32g0xx_hal_pcd.o
 .debug_aranges
                0x0000000000000420       0x58 build/stm32g0xx_hal_pcd_ex.o
 .debug_aranges
                0x0000000000000478      0x120 build/stm32g0xx_ll_usb.o
 .debug_aranges
                0x0000000000000598       0x98 build/stm32g0xx_hal_rcc.o
 .debug_aranges
                0x0000000000000630       0x88 build/stm32g0xx_hal_rcc_ex.o
 .debug_aranges
                0x00000000000006b8       0x60 build/stm32g0xx_hal_gpio.o
 .debug_aranges
                0x0000000000000718      0x128 build/stm32g0xx_hal_pwr_ex.o
 .debug_aranges
                0x0000000000000840       0xb0 build/stm32g0xx_hal_cortex.o
 .debug_aranges
                0x00000000000008f0      0x130 build/stm32g0xx_hal.o
 .debug_aranges
                0x0000000000000a20      0x290 build/stm32g0xx_hal_i2c.o
 .debug_aranges
                0x0000000000000cb0       0x48 build/stm32g0xx_hal_i2c_ex.o
 .debug_aranges
                0x0000000000000cf8       0x28 build/system_stm32g0xx.o
 .debug_aranges
                0x0000000000000d20       0xb8 build/usbd_core.o
 .debug_aranges
                0x0000000000000dd8       0x88 build/usbd_ctlreq.o
 .debug_aranges
                0x0000000000000e60       0x50 build/usbd_ioreq.o
 .debug_aranges
                0x0000000000000eb0       0x68 build/nunchuk.o
 .debug_aranges
                0x0000000000000f18       0x68 build/usbd_hid.o
 .debug_aranges
                0x0000000000000f80       0x28 build/startup_stm32g0b1xx.o
 .debug_aranges
                0x0000000000000fa8       0x20 /usr/lib/gcc/arm-none-eabi/12.1.0/../../../../arm-none-eabi/lib/thumb/v6-m/nofp/libc_nano.a(lib_a-init.o)
 .debug_aranges
                0x0000000000000fc8       0x20 /usr/lib/gcc/arm-none-eabi/12.1.0/../../../../arm-none-eabi/lib/thumb/v6-m/nofp/libc_nano.a(lib_a-memcmp.o)
 .debug_aranges
                0x0000000000000fe8       0x20 /usr/lib/gcc/arm-none-eabi/12.1.0/../../../../arm-none-eabi/lib/thumb/v6-m/nofp/libc_nano.a(lib_a-memset.o)
 .debug_aranges
                0x0000000000001008       0x20 /usr/lib/gcc/arm-none-eabi/12.1.0/thumb/v6-m/nofp/libgcc.a(_udivsi3.o)
 .debug_aranges
                0x0000000000001028       0x20 /usr/lib/gcc/arm-none-eabi/12.1.0/thumb/v6-m/nofp/libgcc.a(_dvmd_tls.o)
 .debug_aranges
                0x0000000000001048       0x20 /usr/lib/gcc/arm-none-eabi/12.1.0/thumb/v6-m/nofp/libgcc.a(divdf3.o)
 .debug_aranges
                0x0000000000001068       0x20 /usr/lib/gcc/arm-none-eabi/12.1.0/thumb/v6-m/nofp/libgcc.a(muldf3.o)
 .debug_aranges
                0x0000000000001088       0x20 /usr/lib/gcc/arm-none-eabi/12.1.0/thumb/v6-m/nofp/libgcc.a(fixdfsi.o)
 .debug_aranges
                0x00000000000010a8       0x20 /usr/lib/gcc/arm-none-eabi/12.1.0/thumb/v6-m/nofp/libgcc.a(floatsidf.o)
 .debug_aranges
                0x00000000000010c8       0x20 /usr/lib/gcc/arm-none-eabi/12.1.0/thumb/v6-m/nofp/libgcc.a(_thumb1_case_uhi.o)
 .debug_aranges
                0x00000000000010e8       0x20 /usr/lib/gcc/arm-none-eabi/12.1.0/thumb/v6-m/nofp/libgcc.a(_clzsi2.o)

.debug_ranges   0x0000000000000000     0x1028
 .debug_ranges  0x0000000000000000       0x70 build/main.o
 .debug_ranges  0x0000000000000070       0x38 build/gpio.o
 .debug_ranges  0x00000000000000a8       0x20 build/i2c.o
 .debug_ranges  0x00000000000000c8       0x38 build/stm32g0xx_it.o
 .debug_ranges  0x0000000000000100       0x10 build/stm32g0xx_hal_msp.o
 .debug_ranges  0x0000000000000110       0x10 build/usb_device.o
 .debug_ranges  0x0000000000000120       0x50 build/usbd_desc.o
 .debug_ranges  0x0000000000000170      0x110 build/usbd_conf.o
 .debug_ranges  0x0000000000000280      0x188 build/stm32g0xx_hal_pcd.o
 .debug_ranges  0x0000000000000408       0x48 build/stm32g0xx_hal_pcd_ex.o
 .debug_ranges  0x0000000000000450      0x260 build/stm32g0xx_ll_usb.o
 .debug_ranges  0x00000000000006b0       0xa8 build/stm32g0xx_hal_rcc.o
 .debug_ranges  0x0000000000000758       0x90 build/stm32g0xx_hal_rcc_ex.o
 .debug_ranges  0x00000000000007e8       0x50 build/stm32g0xx_hal_gpio.o
 .debug_ranges  0x0000000000000838      0x118 build/stm32g0xx_hal_pwr_ex.o
 .debug_ranges  0x0000000000000950       0xb8 build/stm32g0xx_hal_cortex.o
 .debug_ranges  0x0000000000000a08      0x120 build/stm32g0xx_hal.o
 .debug_ranges  0x0000000000000b28      0x280 build/stm32g0xx_hal_i2c.o
 .debug_ranges  0x0000000000000da8       0x38 build/stm32g0xx_hal_i2c_ex.o
 .debug_ranges  0x0000000000000de0       0x18 build/system_stm32g0xx.o
 .debug_ranges  0x0000000000000df8       0xa8 build/usbd_core.o
 .debug_ranges  0x0000000000000ea0       0x78 build/usbd_ctlreq.o
 .debug_ranges  0x0000000000000f18       0x40 build/usbd_ioreq.o
 .debug_ranges  0x0000000000000f58       0x58 build/nunchuk.o
 .debug_ranges  0x0000000000000fb0       0x58 build/usbd_hid.o
 .debug_ranges  0x0000000000001008       0x20 build/startup_stm32g0b1xx.o

.debug_line     0x0000000000000000    0x1293e
 .debug_line    0x0000000000000000      0x724 build/main.o
 .debug_line    0x0000000000000724      0x308 build/gpio.o
 .debug_line    0x0000000000000a2c      0x2c2 build/i2c.o
 .debug_line    0x0000000000000cee      0x206 build/stm32g0xx_it.o
 .debug_line    0x0000000000000ef4      0x14a build/stm32g0xx_hal_msp.o
 .debug_line    0x000000000000103e      0x1b8 build/usb_device.o
 .debug_line    0x00000000000011f6      0x33d build/usbd_desc.o
 .debug_line    0x0000000000001533      0x8bd build/usbd_conf.o
 .debug_line    0x0000000000001df0     0x18b0 build/stm32g0xx_hal_pcd.o
 .debug_line    0x00000000000036a0      0x3fd build/stm32g0xx_hal_pcd_ex.o
 .debug_line    0x0000000000003a9d     0x2066 build/stm32g0xx_ll_usb.o
 .debug_line    0x0000000000005b03      0xe29 build/stm32g0xx_hal_rcc.o
 .debug_line    0x000000000000692c     0x1133 build/stm32g0xx_hal_rcc_ex.o
 .debug_line    0x0000000000007a5f      0x690 build/stm32g0xx_hal_gpio.o
 .debug_line    0x00000000000080ef      0x7f2 build/stm32g0xx_hal_pwr_ex.o
 .debug_line    0x00000000000088e1      0x640 build/stm32g0xx_hal_cortex.o
 .debug_line    0x0000000000008f21      0x63c build/stm32g0xx_hal.o
 .debug_line    0x000000000000955d     0x4c04 build/stm32g0xx_hal_i2c.o
 .debug_line    0x000000000000e161      0x497 build/stm32g0xx_hal_i2c_ex.o
 .debug_line    0x000000000000e5f8      0x223 build/system_stm32g0xx.o
 .debug_line    0x000000000000e81b      0x833 build/usbd_core.o
 .debug_line    0x000000000000f04e      0xcd5 build/usbd_ctlreq.o
 .debug_line    0x000000000000fd23      0x285 build/usbd_ioreq.o
 .debug_line    0x000000000000ffa8      0x6ef build/nunchuk.o
 .debug_line    0x0000000000010697      0x5c4 build/usbd_hid.o
 .debug_line    0x0000000000010c5b       0x77 build/startup_stm32g0b1xx.o
 .debug_line    0x0000000000010cd2      0x137 /usr/lib/gcc/arm-none-eabi/12.1.0/../../../../arm-none-eabi/lib/thumb/v6-m/nofp/libc_nano.a(lib_a-init.o)
 .debug_line    0x0000000000010e09      0x140 /usr/lib/gcc/arm-none-eabi/12.1.0/../../../../arm-none-eabi/lib/thumb/v6-m/nofp/libc_nano.a(lib_a-memcmp.o)
 .debug_line    0x0000000000010f49      0x123 /usr/lib/gcc/arm-none-eabi/12.1.0/../../../../arm-none-eabi/lib/thumb/v6-m/nofp/libc_nano.a(lib_a-memset.o)
 .debug_line    0x000000000001106c       0x61 /usr/lib/gcc/arm-none-eabi/12.1.0/thumb/v6-m/nofp/libgcc.a(_udivsi3.o)
 .debug_line    0x00000000000110cd       0x4a /usr/lib/gcc/arm-none-eabi/12.1.0/thumb/v6-m/nofp/libgcc.a(_dvmd_tls.o)
 .debug_line    0x0000000000011117      0xaef /usr/lib/gcc/arm-none-eabi/12.1.0/thumb/v6-m/nofp/libgcc.a(divdf3.o)
 .debug_line    0x0000000000011c06      0x94c /usr/lib/gcc/arm-none-eabi/12.1.0/thumb/v6-m/nofp/libgcc.a(muldf3.o)
 .debug_line    0x0000000000012552      0x173 /usr/lib/gcc/arm-none-eabi/12.1.0/thumb/v6-m/nofp/libgcc.a(fixdfsi.o)
 .debug_line    0x00000000000126c5      0x1c8 /usr/lib/gcc/arm-none-eabi/12.1.0/thumb/v6-m/nofp/libgcc.a(floatsidf.o)
 .debug_line    0x000000000001288d       0x53 /usr/lib/gcc/arm-none-eabi/12.1.0/thumb/v6-m/nofp/libgcc.a(_thumb1_case_uhi.o)
 .debug_line    0x00000000000128e0       0x5e /usr/lib/gcc/arm-none-eabi/12.1.0/thumb/v6-m/nofp/libgcc.a(_clzsi2.o)

.debug_str      0x0000000000000000     0x5301
 .debug_str     0x0000000000000000     0x1098 build/main.o
                                       0x1203 (size before relaxing)
 .debug_str     0x0000000000001098      0x1a5 build/gpio.o
                                        0x413 (size before relaxing)
 .debug_str     0x000000000000123d       0x93 build/i2c.o
                                        0x946 (size before relaxing)
 .debug_str     0x00000000000012d0      0x3a6 build/stm32g0xx_it.o
                                        0x5c0 (size before relaxing)
 .debug_str     0x0000000000001676       0x4a build/stm32g0xx_hal_msp.o
                                        0x28d (size before relaxing)
 .debug_str     0x00000000000016c0       0x86 build/usb_device.o
                                        0x618 (size before relaxing)
 .debug_str     0x0000000000001746      0x189 build/usbd_desc.o
                                        0x45d (size before relaxing)
 .debug_str     0x00000000000018cf      0x7c2 build/usbd_conf.o
                                       0x121a (size before relaxing)
 .debug_str     0x0000000000002091      0x319 build/stm32g0xx_hal_pcd.o
                                        0xb26 (size before relaxing)
 .debug_str     0x00000000000023aa      0x185 build/stm32g0xx_hal_pcd_ex.o
                                        0x765 (size before relaxing)
 .debug_str     0x000000000000252f      0x345 build/stm32g0xx_ll_usb.o
                                        0x8f0 (size before relaxing)
 .debug_str     0x0000000000002874      0x360 build/stm32g0xx_hal_rcc.o
                                        0x7da (size before relaxing)
 .debug_str     0x0000000000002bd4      0x2ed build/stm32g0xx_hal_rcc_ex.o
                                        0x8c2 (size before relaxing)
 .debug_str     0x0000000000002ec1      0x157 build/stm32g0xx_hal_gpio.o
                                        0x418 (size before relaxing)
 .debug_str     0x0000000000003018      0x461 build/stm32g0xx_hal_pwr_ex.o
                                        0x799 (size before relaxing)
 .debug_str     0x0000000000003479      0x305 build/stm32g0xx_hal_cortex.o
                                        0x7a0 (size before relaxing)
 .debug_str     0x000000000000377e      0x3c2 build/stm32g0xx_hal.o
                                        0xa56 (size before relaxing)
 .debug_str     0x0000000000003b40      0x885 build/stm32g0xx_hal_i2c.o
                                       0x107d (size before relaxing)
 .debug_str     0x00000000000043c5       0xb5 build/stm32g0xx_hal_i2c_ex.o
                                        0x944 (size before relaxing)
 .debug_str     0x000000000000447a       0x3d build/system_stm32g0xx.o
                                        0x2d5 (size before relaxing)
 .debug_str     0x00000000000044b7      0x145 build/usbd_core.o
                                        0x863 (size before relaxing)
 .debug_str     0x00000000000045fc      0x109 build/usbd_ctlreq.o
                                        0x7b5 (size before relaxing)
 .debug_str     0x0000000000004705       0x60 build/usbd_ioreq.o
                                        0x6aa (size before relaxing)
 .debug_str     0x0000000000004765      0x18f build/nunchuk.o
                                        0xab2 (size before relaxing)
 .debug_str     0x00000000000048f4      0x201 build/usbd_hid.o
                                        0x871 (size before relaxing)
 .debug_str     0x0000000000004af5       0x30 build/startup_stm32g0b1xx.o
                                         0x6c (size before relaxing)
 .debug_str     0x0000000000004b25      0x181 /usr/lib/gcc/arm-none-eabi/12.1.0/../../../../arm-none-eabi/lib/thumb/v6-m/nofp/libc_nano.a(lib_a-init.o)
                                        0x229 (size before relaxing)
 .debug_str     0x0000000000004ca6       0xa6 /usr/lib/gcc/arm-none-eabi/12.1.0/../../../../arm-none-eabi/lib/thumb/v6-m/nofp/libc_nano.a(lib_a-memcmp.o)
                                        0x1ca (size before relaxing)
 .debug_str     0x0000000000004d4c       0x4a /usr/lib/gcc/arm-none-eabi/12.1.0/../../../../arm-none-eabi/lib/thumb/v6-m/nofp/libc_nano.a(lib_a-memset.o)
                                        0x1ca (size before relaxing)
 .debug_str     0x0000000000004d96       0x64 /usr/lib/gcc/arm-none-eabi/12.1.0/thumb/v6-m/nofp/libgcc.a(_udivsi3.o)
 .debug_str     0x0000000000004dfa       0x64 /usr/lib/gcc/arm-none-eabi/12.1.0/thumb/v6-m/nofp/libgcc.a(_dvmd_tls.o)
 .debug_str     0x0000000000004dfa      0x2f7 /usr/lib/gcc/arm-none-eabi/12.1.0/thumb/v6-m/nofp/libgcc.a(divdf3.o)
                                        0x3d1 (size before relaxing)
 .debug_str     0x00000000000050f1      0x12e /usr/lib/gcc/arm-none-eabi/12.1.0/thumb/v6-m/nofp/libgcc.a(muldf3.o)
                                        0x418 (size before relaxing)
 .debug_str     0x000000000000521f       0x25 /usr/lib/gcc/arm-none-eabi/12.1.0/thumb/v6-m/nofp/libgcc.a(fixdfsi.o)
                                        0x20b (size before relaxing)
 .debug_str     0x0000000000005244       0xbd /usr/lib/gcc/arm-none-eabi/12.1.0/thumb/v6-m/nofp/libgcc.a(floatsidf.o)
                                        0x2ac (size before relaxing)
 .debug_str     0x0000000000005301       0x64 /usr/lib/gcc/arm-none-eabi/12.1.0/thumb/v6-m/nofp/libgcc.a(_thumb1_case_uhi.o)
 .debug_str     0x0000000000005301       0x64 /usr/lib/gcc/arm-none-eabi/12.1.0/thumb/v6-m/nofp/libgcc.a(_clzsi2.o)

.comment        0x0000000000000000       0x3c
 .comment       0x0000000000000000       0x1e build/main.o
                                         0x1f (size before relaxing)
 .comment       0x000000000000001e       0x1f build/gpio.o
 .comment       0x000000000000001e       0x1f build/i2c.o
 .comment       0x000000000000001e       0x1f build/stm32g0xx_it.o
 .comment       0x000000000000001e       0x1f build/stm32g0xx_hal_msp.o
 .comment       0x000000000000001e       0x1f build/usb_device.o
 .comment       0x000000000000001e       0x1f build/usbd_desc.o
 .comment       0x000000000000001e       0x1f build/usbd_conf.o
 .comment       0x000000000000001e       0x1f build/stm32g0xx_hal_pcd.o
 .comment       0x000000000000001e       0x1f build/stm32g0xx_hal_pcd_ex.o
 .comment       0x000000000000001e       0x1f build/stm32g0xx_ll_usb.o
 .comment       0x000000000000001e       0x1f build/stm32g0xx_hal_rcc.o
 .comment       0x000000000000001e       0x1f build/stm32g0xx_hal_rcc_ex.o
 .comment       0x000000000000001e       0x1f build/stm32g0xx_hal_gpio.o
 .comment       0x000000000000001e       0x1f build/stm32g0xx_hal_pwr_ex.o
 .comment       0x000000000000001e       0x1f build/stm32g0xx_hal_cortex.o
 .comment       0x000000000000001e       0x1f build/stm32g0xx_hal.o
 .comment       0x000000000000001e       0x1f build/stm32g0xx_hal_i2c.o
 .comment       0x000000000000001e       0x1f build/stm32g0xx_hal_i2c_ex.o
 .comment       0x000000000000001e       0x1f build/system_stm32g0xx.o
 .comment       0x000000000000001e       0x1f build/usbd_core.o
 .comment       0x000000000000001e       0x1f build/usbd_ctlreq.o
 .comment       0x000000000000001e       0x1f build/usbd_ioreq.o
 .comment       0x000000000000001e       0x1f build/nunchuk.o
 .comment       0x000000000000001e       0x1f build/usbd_hid.o
 .comment       0x000000000000001e       0x1e /usr/lib/gcc/arm-none-eabi/12.1.0/../../../../arm-none-eabi/lib/thumb/v6-m/nofp/libc_nano.a(lib_a-init.o)
                                         0x1f (size before relaxing)
 .comment       0x000000000000003c       0x1f /usr/lib/gcc/arm-none-eabi/12.1.0/../../../../arm-none-eabi/lib/thumb/v6-m/nofp/libc_nano.a(lib_a-memcmp.o)
 .comment       0x000000000000003c       0x1f /usr/lib/gcc/arm-none-eabi/12.1.0/../../../../arm-none-eabi/lib/thumb/v6-m/nofp/libc_nano.a(lib_a-memset.o)
 .comment       0x000000000000003c       0x1f /usr/lib/gcc/arm-none-eabi/12.1.0/thumb/v6-m/nofp/libgcc.a(divdf3.o)
 .comment       0x000000000000003c       0x1f /usr/lib/gcc/arm-none-eabi/12.1.0/thumb/v6-m/nofp/libgcc.a(muldf3.o)
 .comment       0x000000000000003c       0x1f /usr/lib/gcc/arm-none-eabi/12.1.0/thumb/v6-m/nofp/libgcc.a(fixdfsi.o)
 .comment       0x000000000000003c       0x1f /usr/lib/gcc/arm-none-eabi/12.1.0/thumb/v6-m/nofp/libgcc.a(floatsidf.o)

.debug_frame    0x0000000000000000     0x27dc
 .debug_frame   0x0000000000000000       0xb0 build/main.o
 .debug_frame   0x00000000000000b0       0xac build/gpio.o
 .debug_frame   0x000000000000015c       0x5c build/i2c.o
 .debug_frame   0x00000000000001b8       0x80 build/stm32g0xx_it.o
 .debug_frame   0x0000000000000238       0x28 build/stm32g0xx_hal_msp.o
 .debug_frame   0x0000000000000260       0x28 build/usb_device.o
 .debug_frame   0x0000000000000288       0xe0 build/usbd_desc.o
 .debug_frame   0x0000000000000368      0x314 build/usbd_conf.o
 .debug_frame   0x000000000000067c      0x38c build/stm32g0xx_hal_pcd.o
 .debug_frame   0x0000000000000a08       0xac build/stm32g0xx_hal_pcd_ex.o
 .debug_frame   0x0000000000000ab4      0x2d4 build/stm32g0xx_ll_usb.o
 .debug_frame   0x0000000000000d88      0x16c build/stm32g0xx_hal_rcc.o
 .debug_frame   0x0000000000000ef4      0x144 build/stm32g0xx_hal_rcc_ex.o
 .debug_frame   0x0000000000001038       0xd0 build/stm32g0xx_hal_gpio.o
 .debug_frame   0x0000000000001108      0x258 build/stm32g0xx_hal_pwr_ex.o
 .debug_frame   0x0000000000001360      0x174 build/stm32g0xx_hal_cortex.o
 .debug_frame   0x00000000000014d4      0x274 build/stm32g0xx_hal.o
 .debug_frame   0x0000000000001748      0x860 build/stm32g0xx_hal_i2c.o
 .debug_frame   0x0000000000001fa8       0xb0 build/stm32g0xx_hal_i2c_ex.o
 .debug_frame   0x0000000000002058       0x38 build/system_stm32g0xx.o
 .debug_frame   0x0000000000002090      0x1dc build/usbd_core.o
 .debug_frame   0x000000000000226c      0x170 build/usbd_ctlreq.o
 .debug_frame   0x00000000000023dc       0xb8 build/usbd_ioreq.o
 .debug_frame   0x0000000000002494      0x118 build/nunchuk.o
 .debug_frame   0x00000000000025ac       0xe0 build/usbd_hid.o
 .debug_frame   0x000000000000268c       0x2c /usr/lib/gcc/arm-none-eabi/12.1.0/../../../../arm-none-eabi/lib/thumb/v6-m/nofp/libc_nano.a(lib_a-init.o)
 .debug_frame   0x00000000000026b8       0x2c /usr/lib/gcc/arm-none-eabi/12.1.0/../../../../arm-none-eabi/lib/thumb/v6-m/nofp/libc_nano.a(lib_a-memcmp.o)
 .debug_frame   0x00000000000026e4       0x20 /usr/lib/gcc/arm-none-eabi/12.1.0/../../../../arm-none-eabi/lib/thumb/v6-m/nofp/libc_nano.a(lib_a-memset.o)
 .debug_frame   0x0000000000002704       0x20 /usr/lib/gcc/arm-none-eabi/12.1.0/thumb/v6-m/nofp/libgcc.a(_udivsi3.o)
 .debug_frame   0x0000000000002724       0x30 /usr/lib/gcc/arm-none-eabi/12.1.0/thumb/v6-m/nofp/libgcc.a(divdf3.o)
 .debug_frame   0x0000000000002754       0x30 /usr/lib/gcc/arm-none-eabi/12.1.0/thumb/v6-m/nofp/libgcc.a(muldf3.o)
 .debug_frame   0x0000000000002784       0x2c /usr/lib/gcc/arm-none-eabi/12.1.0/thumb/v6-m/nofp/libgcc.a(fixdfsi.o)
 .debug_frame   0x00000000000027b0       0x2c /usr/lib/gcc/arm-none-eabi/12.1.0/thumb/v6-m/nofp/libgcc.a(floatsidf.o)

.debug_loclists
                0x0000000000000000     0x2247
 .debug_loclists
                0x0000000000000000       0x42 /usr/lib/gcc/arm-none-eabi/12.1.0/../../../../arm-none-eabi/lib/thumb/v6-m/nofp/libc_nano.a(lib_a-init.o)
 .debug_loclists
                0x0000000000000042       0xe3 /usr/lib/gcc/arm-none-eabi/12.1.0/../../../../arm-none-eabi/lib/thumb/v6-m/nofp/libc_nano.a(lib_a-memcmp.o)
 .debug_loclists
                0x0000000000000125       0x6e /usr/lib/gcc/arm-none-eabi/12.1.0/../../../../arm-none-eabi/lib/thumb/v6-m/nofp/libc_nano.a(lib_a-memset.o)
 .debug_loclists
                0x0000000000000193      0xfe5 /usr/lib/gcc/arm-none-eabi/12.1.0/thumb/v6-m/nofp/libgcc.a(divdf3.o)
 .debug_loclists
                0x0000000000001178      0xe13 /usr/lib/gcc/arm-none-eabi/12.1.0/thumb/v6-m/nofp/libgcc.a(muldf3.o)
 .debug_loclists
                0x0000000000001f8b      0x134 /usr/lib/gcc/arm-none-eabi/12.1.0/thumb/v6-m/nofp/libgcc.a(fixdfsi.o)
 .debug_loclists
                0x00000000000020bf      0x188 /usr/lib/gcc/arm-none-eabi/12.1.0/thumb/v6-m/nofp/libgcc.a(floatsidf.o)

.debug_rnglists
                0x0000000000000000      0x26b
 .debug_rnglists
                0x0000000000000000       0x13 /usr/lib/gcc/arm-none-eabi/12.1.0/../../../../arm-none-eabi/lib/thumb/v6-m/nofp/libc_nano.a(lib_a-init.o)
 .debug_rnglists
                0x0000000000000013       0x13 /usr/lib/gcc/arm-none-eabi/12.1.0/../../../../arm-none-eabi/lib/thumb/v6-m/nofp/libc_nano.a(lib_a-memcmp.o)
 .debug_rnglists
                0x0000000000000026       0x13 /usr/lib/gcc/arm-none-eabi/12.1.0/../../../../arm-none-eabi/lib/thumb/v6-m/nofp/libc_nano.a(lib_a-memset.o)
 .debug_rnglists
                0x0000000000000039       0xcd /usr/lib/gcc/arm-none-eabi/12.1.0/thumb/v6-m/nofp/libgcc.a(divdf3.o)
 .debug_rnglists
                0x0000000000000106      0x106 /usr/lib/gcc/arm-none-eabi/12.1.0/thumb/v6-m/nofp/libgcc.a(muldf3.o)
 .debug_rnglists
                0x000000000000020c       0x25 /usr/lib/gcc/arm-none-eabi/12.1.0/thumb/v6-m/nofp/libgcc.a(fixdfsi.o)
 .debug_rnglists
                0x0000000000000231       0x3a /usr/lib/gcc/arm-none-eabi/12.1.0/thumb/v6-m/nofp/libgcc.a(floatsidf.o)

.debug_line_str
                0x0000000000000000       0x46
 .debug_line_str
                0x0000000000000000       0x46 /usr/lib/gcc/arm-none-eabi/12.1.0/thumb/v6-m/nofp/libgcc.a(_udivsi3.o)
                                         0x8c (size before relaxing)
 .debug_line_str
                0x0000000000000046       0x8c /usr/lib/gcc/arm-none-eabi/12.1.0/thumb/v6-m/nofp/libgcc.a(_dvmd_tls.o)
 .debug_line_str
                0x0000000000000046       0x8c /usr/lib/gcc/arm-none-eabi/12.1.0/thumb/v6-m/nofp/libgcc.a(_thumb1_case_uhi.o)
 .debug_line_str
                0x0000000000000046       0x8c /usr/lib/gcc/arm-none-eabi/12.1.0/thumb/v6-m/nofp/libgcc.a(_clzsi2.o)

Cross Reference Table

Symbol                                            File
ADC1_COMP_IRQHandler                              build/startup_stm32g0b1xx.o
AHBPrescTable                                     build/system_stm32g0xx.o
                                                  build/stm32g0xx_hal_rcc.o
APBPrescTable                                     build/system_stm32g0xx.o
                                                  build/stm32g0xx_hal_rcc.o
CEC_IRQHandler                                    build/startup_stm32g0b1xx.o
DMA1_Ch4_7_DMA2_Ch1_5_DMAMUX1_OVR_IRQHandler      build/startup_stm32g0b1xx.o
DMA1_Channel1_IRQHandler                          build/startup_stm32g0b1xx.o
DMA1_Channel2_3_IRQHandler                        build/startup_stm32g0b1xx.o
Default_Handler                                   build/startup_stm32g0b1xx.o
EXTI0_1_IRQHandler                                build/startup_stm32g0b1xx.o
EXTI2_3_IRQHandler                                build/startup_stm32g0b1xx.o
EXTI4_15_IRQHandler                               build/startup_stm32g0b1xx.o
Error_Handler                                     build/main.o
                                                  build/usbd_conf.o
                                                  build/usb_device.o
                                                  build/i2c.o
FLASH_FlushCaches                                 build/stm32g0xx_hal_flash_ex.o
FLASH_IRQHandler                                  build/startup_stm32g0b1xx.o
FLASH_PageErase                                   build/stm32g0xx_hal_flash_ex.o
                                                  build/stm32g0xx_hal_flash.o
FLASH_WaitForLastOperation                        build/stm32g0xx_hal_flash.o
                                                  build/stm32g0xx_hal_flash_ex.o
HAL_DBGMCU_DisableDBGStandbyMode                  build/stm32g0xx_hal.o
HAL_DBGMCU_DisableDBGStopMode                     build/stm32g0xx_hal.o
HAL_DBGMCU_EnableDBGStandbyMode                   build/stm32g0xx_hal.o
HAL_DBGMCU_EnableDBGStopMode                      build/stm32g0xx_hal.o
HAL_DMAEx_ConfigMuxRequestGenerator               build/stm32g0xx_hal_dma_ex.o
HAL_DMAEx_ConfigMuxSync                           build/stm32g0xx_hal_dma_ex.o
HAL_DMAEx_DisableMuxRequestGenerator              build/stm32g0xx_hal_dma_ex.o
HAL_DMAEx_EnableMuxRequestGenerator               build/stm32g0xx_hal_dma_ex.o
HAL_DMAEx_MUX_IRQHandler                          build/stm32g0xx_hal_dma_ex.o
HAL_DMA_Abort                                     build/stm32g0xx_hal_dma.o
HAL_DMA_Abort_IT                                  build/stm32g0xx_hal_dma.o
                                                  build/stm32g0xx_hal_i2c.o
HAL_DMA_DeInit                                    build/stm32g0xx_hal_dma.o
HAL_DMA_GetError                                  build/stm32g0xx_hal_dma.o
HAL_DMA_GetState                                  build/stm32g0xx_hal_dma.o
                                                  build/stm32g0xx_hal_i2c.o
HAL_DMA_IRQHandler                                build/stm32g0xx_hal_dma.o
HAL_DMA_Init                                      build/stm32g0xx_hal_dma.o
HAL_DMA_PollForTransfer                           build/stm32g0xx_hal_dma.o
HAL_DMA_RegisterCallback                          build/stm32g0xx_hal_dma.o
HAL_DMA_Start                                     build/stm32g0xx_hal_dma.o
HAL_DMA_Start_IT                                  build/stm32g0xx_hal_dma.o
                                                  build/stm32g0xx_hal_i2c.o
HAL_DMA_UnRegisterCallback                        build/stm32g0xx_hal_dma.o
HAL_DeInit                                        build/stm32g0xx_hal.o
HAL_Delay                                         build/stm32g0xx_hal.o
                                                  build/nunchuk.o
                                                  build/stm32g0xx_ll_usb.o
                                                  build/stm32g0xx_hal_pcd_ex.o
                                                  build/usbd_conf.o
                                                  build/gpio.o
                                                  build/main.o
HAL_EXTI_ClearConfigLine                          build/stm32g0xx_hal_exti.o
HAL_EXTI_ClearPending                             build/stm32g0xx_hal_exti.o
HAL_EXTI_GenerateSWI                              build/stm32g0xx_hal_exti.o
HAL_EXTI_GetConfigLine                            build/stm32g0xx_hal_exti.o
HAL_EXTI_GetHandle                                build/stm32g0xx_hal_exti.o
HAL_EXTI_GetPending                               build/stm32g0xx_hal_exti.o
HAL_EXTI_IRQHandler                               build/stm32g0xx_hal_exti.o
HAL_EXTI_RegisterCallback                         build/stm32g0xx_hal_exti.o
HAL_EXTI_SetConfigLine                            build/stm32g0xx_hal_exti.o
HAL_FLASHEx_DisableDebugger                       build/stm32g0xx_hal_flash_ex.o
HAL_FLASHEx_EnableDebugger                        build/stm32g0xx_hal_flash_ex.o
HAL_FLASHEx_EnableSecMemProtection                build/stm32g0xx_hal_flash_ex.o
HAL_FLASHEx_Erase                                 build/stm32g0xx_hal_flash_ex.o
HAL_FLASHEx_Erase_IT                              build/stm32g0xx_hal_flash_ex.o
HAL_FLASHEx_FlashEmptyCheck                       build/stm32g0xx_hal_flash_ex.o
HAL_FLASHEx_ForceFlashEmpty                       build/stm32g0xx_hal_flash_ex.o
HAL_FLASHEx_OBGetConfig                           build/stm32g0xx_hal_flash_ex.o
HAL_FLASHEx_OBProgram                             build/stm32g0xx_hal_flash_ex.o
HAL_FLASH_EndOfOperationCallback                  build/stm32g0xx_hal_flash.o
HAL_FLASH_GetError                                build/stm32g0xx_hal_flash.o
HAL_FLASH_IRQHandler                              build/stm32g0xx_hal_flash.o
HAL_FLASH_Lock                                    build/stm32g0xx_hal_flash.o
HAL_FLASH_OB_Launch                               build/stm32g0xx_hal_flash.o
HAL_FLASH_OB_Lock                                 build/stm32g0xx_hal_flash.o
HAL_FLASH_OB_Unlock                               build/stm32g0xx_hal_flash.o
HAL_FLASH_OperationErrorCallback                  build/stm32g0xx_hal_flash.o
HAL_FLASH_Program                                 build/stm32g0xx_hal_flash.o
HAL_FLASH_Program_IT                              build/stm32g0xx_hal_flash.o
HAL_FLASH_Unlock                                  build/stm32g0xx_hal_flash.o
HAL_GPIO_DeInit                                   build/stm32g0xx_hal_gpio.o
                                                  build/i2c.o
HAL_GPIO_EXTI_Falling_Callback                    build/stm32g0xx_hal_gpio.o
HAL_GPIO_EXTI_IRQHandler                          build/stm32g0xx_hal_gpio.o
HAL_GPIO_EXTI_Rising_Callback                     build/stm32g0xx_hal_gpio.o
HAL_GPIO_Init                                     build/stm32g0xx_hal_gpio.o
                                                  build/stm32g0xx_hal_rcc_ex.o
                                                  build/stm32g0xx_hal_rcc.o
                                                  build/i2c.o
                                                  build/gpio.o
HAL_GPIO_LockPin                                  build/stm32g0xx_hal_gpio.o
HAL_GPIO_ReadPin                                  build/stm32g0xx_hal_gpio.o
                                                  build/gpio.o
HAL_GPIO_TogglePin                                build/stm32g0xx_hal_gpio.o
HAL_GPIO_WritePin                                 build/stm32g0xx_hal_gpio.o
                                                  build/gpio.o
HAL_GetDEVID                                      build/stm32g0xx_hal.o
HAL_GetHalVersion                                 build/stm32g0xx_hal.o
HAL_GetREVID                                      build/stm32g0xx_hal.o
HAL_GetTick                                       build/stm32g0xx_hal.o
                                                  build/stm32g0xx_hal_i2c.o
                                                  build/stm32g0xx_hal_dma.o
                                                  build/stm32g0xx_hal_flash.o
                                                  build/stm32g0xx_hal_rcc_ex.o
                                                  build/stm32g0xx_hal_rcc.o
                                                  build/stm32g0xx_hal_pcd_ex.o
HAL_GetTickFreq                                   build/stm32g0xx_hal.o
HAL_GetTickPrio                                   build/stm32g0xx_hal.o
HAL_GetUIDw0                                      build/stm32g0xx_hal.o
HAL_GetUIDw1                                      build/stm32g0xx_hal.o
HAL_GetUIDw2                                      build/stm32g0xx_hal.o
HAL_I2CEx_ConfigAnalogFilter                      build/stm32g0xx_hal_i2c_ex.o
                                                  build/i2c.o
HAL_I2CEx_ConfigDigitalFilter                     build/stm32g0xx_hal_i2c_ex.o
                                                  build/i2c.o
HAL_I2CEx_DisableFastModePlus                     build/stm32g0xx_hal_i2c_ex.o
HAL_I2CEx_DisableWakeUp                           build/stm32g0xx_hal_i2c_ex.o
HAL_I2CEx_EnableFastModePlus                      build/stm32g0xx_hal_i2c_ex.o
HAL_I2CEx_EnableWakeUp                            build/stm32g0xx_hal_i2c_ex.o
HAL_I2C_AbortCpltCallback                         build/stm32g0xx_hal_i2c.o
HAL_I2C_AddrCallback                              build/stm32g0xx_hal_i2c.o
HAL_I2C_DeInit                                    build/stm32g0xx_hal_i2c.o
HAL_I2C_DisableListen_IT                          build/stm32g0xx_hal_i2c.o
HAL_I2C_ER_IRQHandler                             build/stm32g0xx_hal_i2c.o
HAL_I2C_EV_IRQHandler                             build/stm32g0xx_hal_i2c.o
HAL_I2C_EnableListen_IT                           build/stm32g0xx_hal_i2c.o
HAL_I2C_ErrorCallback                             build/stm32g0xx_hal_i2c.o
HAL_I2C_GetError                                  build/stm32g0xx_hal_i2c.o
HAL_I2C_GetMode                                   build/stm32g0xx_hal_i2c.o
HAL_I2C_GetState                                  build/stm32g0xx_hal_i2c.o
HAL_I2C_Init                                      build/stm32g0xx_hal_i2c.o
                                                  build/i2c.o
HAL_I2C_IsDeviceReady                             build/stm32g0xx_hal_i2c.o
HAL_I2C_ListenCpltCallback                        build/stm32g0xx_hal_i2c.o
HAL_I2C_MasterRxCpltCallback                      build/stm32g0xx_hal_i2c.o
HAL_I2C_MasterTxCpltCallback                      build/stm32g0xx_hal_i2c.o
HAL_I2C_Master_Abort_IT                           build/stm32g0xx_hal_i2c.o
HAL_I2C_Master_Receive                            build/stm32g0xx_hal_i2c.o
                                                  build/nunchuk.o
HAL_I2C_Master_Receive_DMA                        build/stm32g0xx_hal_i2c.o
HAL_I2C_Master_Receive_IT                         build/stm32g0xx_hal_i2c.o
HAL_I2C_Master_Seq_Receive_DMA                    build/stm32g0xx_hal_i2c.o
HAL_I2C_Master_Seq_Receive_IT                     build/stm32g0xx_hal_i2c.o
HAL_I2C_Master_Seq_Transmit_DMA                   build/stm32g0xx_hal_i2c.o
HAL_I2C_Master_Seq_Transmit_IT                    build/stm32g0xx_hal_i2c.o
HAL_I2C_Master_Transmit                           build/stm32g0xx_hal_i2c.o
                                                  build/nunchuk.o
HAL_I2C_Master_Transmit_DMA                       build/stm32g0xx_hal_i2c.o
HAL_I2C_Master_Transmit_IT                        build/stm32g0xx_hal_i2c.o
HAL_I2C_MemRxCpltCallback                         build/stm32g0xx_hal_i2c.o
HAL_I2C_MemTxCpltCallback                         build/stm32g0xx_hal_i2c.o
HAL_I2C_Mem_Read                                  build/stm32g0xx_hal_i2c.o
HAL_I2C_Mem_Read_DMA                              build/stm32g0xx_hal_i2c.o
HAL_I2C_Mem_Read_IT                               build/stm32g0xx_hal_i2c.o
HAL_I2C_Mem_Write                                 build/stm32g0xx_hal_i2c.o
HAL_I2C_Mem_Write_DMA                             build/stm32g0xx_hal_i2c.o
HAL_I2C_Mem_Write_IT                              build/stm32g0xx_hal_i2c.o
HAL_I2C_MspDeInit                                 build/i2c.o
HAL_I2C_MspInit                                   build/i2c.o
HAL_I2C_SlaveRxCpltCallback                       build/stm32g0xx_hal_i2c.o
HAL_I2C_SlaveTxCpltCallback                       build/stm32g0xx_hal_i2c.o
HAL_I2C_Slave_Receive                             build/stm32g0xx_hal_i2c.o
HAL_I2C_Slave_Receive_DMA                         build/stm32g0xx_hal_i2c.o
HAL_I2C_Slave_Receive_IT                          build/stm32g0xx_hal_i2c.o
HAL_I2C_Slave_Seq_Receive_DMA                     build/stm32g0xx_hal_i2c.o
HAL_I2C_Slave_Seq_Receive_IT                      build/stm32g0xx_hal_i2c.o
HAL_I2C_Slave_Seq_Transmit_DMA                    build/stm32g0xx_hal_i2c.o
HAL_I2C_Slave_Seq_Transmit_IT                     build/stm32g0xx_hal_i2c.o
HAL_I2C_Slave_Transmit                            build/stm32g0xx_hal_i2c.o
HAL_I2C_Slave_Transmit_DMA                        build/stm32g0xx_hal_i2c.o
HAL_I2C_Slave_Transmit_IT                         build/stm32g0xx_hal_i2c.o
HAL_IncTick                                       build/stm32g0xx_hal.o
                                                  build/stm32g0xx_it.o
HAL_Init                                          build/stm32g0xx_hal.o
                                                  build/main.o
HAL_InitTick                                      build/stm32g0xx_hal.o
                                                  build/stm32g0xx_hal_rcc.o
HAL_MPU_ConfigRegion                              build/stm32g0xx_hal_cortex.o
HAL_MPU_Disable                                   build/stm32g0xx_hal_cortex.o
HAL_MPU_Enable                                    build/stm32g0xx_hal_cortex.o
HAL_MspDeInit                                     build/stm32g0xx_hal.o
HAL_MspInit                                       build/stm32g0xx_hal_msp.o
HAL_NVIC_ClearPendingIRQ                          build/stm32g0xx_hal_cortex.o
HAL_NVIC_DisableIRQ                               build/stm32g0xx_hal_cortex.o
                                                  build/usbd_conf.o
HAL_NVIC_EnableIRQ                                build/stm32g0xx_hal_cortex.o
                                                  build/usbd_conf.o
HAL_NVIC_GetPendingIRQ                            build/stm32g0xx_hal_cortex.o
HAL_NVIC_GetPriority                              build/stm32g0xx_hal_cortex.o
HAL_NVIC_SetPendingIRQ                            build/stm32g0xx_hal_cortex.o
HAL_NVIC_SetPriority                              build/stm32g0xx_hal_cortex.o
                                                  build/stm32g0xx_hal.o
                                                  build/usbd_conf.o
HAL_NVIC_SystemReset                              build/stm32g0xx_hal_cortex.o
HAL_PCDEx_ActivateBCD                             build/stm32g0xx_hal_pcd_ex.o